Archive member included to satisfy reference by file (symbol)

/usr/lib/gcc/arm-none-eabi/10.3.1/thumb/v6-m/nofp/libgcc.a(_dvmd_tls.o)
                              CMakeFiles/app.dir/home/kasper/pico-sdk/src/rp2_common/pico_divider/divider_hardware.S.o (__aeabi_idiv0)
/usr/lib/gcc/arm-none-eabi/10.3.1/../../../arm-none-eabi/lib/thumb/v6-m/nofp/libg.a(lib_a-atexit.o)
                              /usr/lib/gcc/arm-none-eabi/10.3.1/../../../arm-none-eabi/lib/thumb/v6-m/nofp/crt0.o (atexit)
/usr/lib/gcc/arm-none-eabi/10.3.1/../../../arm-none-eabi/lib/thumb/v6-m/nofp/libg.a(lib_a-calloc.o)
                              CMakeFiles/app.dir/home/kasper/pico-sdk/src/rp2_common/pico_malloc/malloc.c.o (calloc)
/usr/lib/gcc/arm-none-eabi/10.3.1/../../../arm-none-eabi/lib/thumb/v6-m/nofp/libg.a(lib_a-callocr.o)
                              /usr/lib/gcc/arm-none-eabi/10.3.1/../../../arm-none-eabi/lib/thumb/v6-m/nofp/libg.a(lib_a-calloc.o) (_calloc_r)
/usr/lib/gcc/arm-none-eabi/10.3.1/../../../arm-none-eabi/lib/thumb/v6-m/nofp/libg.a(lib_a-fini.o)
                              /usr/lib/gcc/arm-none-eabi/10.3.1/../../../arm-none-eabi/lib/thumb/v6-m/nofp/crt0.o (__libc_fini_array)
/usr/lib/gcc/arm-none-eabi/10.3.1/../../../arm-none-eabi/lib/thumb/v6-m/nofp/libg.a(lib_a-impure.o)
                              /usr/lib/gcc/arm-none-eabi/10.3.1/../../../arm-none-eabi/lib/thumb/v6-m/nofp/libg.a(lib_a-calloc.o) (_impure_ptr)
/usr/lib/gcc/arm-none-eabi/10.3.1/../../../arm-none-eabi/lib/thumb/v6-m/nofp/libg.a(lib_a-init.o)
                              /usr/lib/gcc/arm-none-eabi/10.3.1/../../../arm-none-eabi/lib/thumb/v6-m/nofp/crt0.o (__libc_init_array)
/usr/lib/gcc/arm-none-eabi/10.3.1/../../../arm-none-eabi/lib/thumb/v6-m/nofp/libg.a(lib_a-lcltime_r.o)
                              CMakeFiles/app.dir/home/kasper/pico-sdk/src/common/pico_util/datetime.c.o (localtime_r)
/usr/lib/gcc/arm-none-eabi/10.3.1/../../../arm-none-eabi/lib/thumb/v6-m/nofp/libg.a(lib_a-malloc.o)
                              CMakeFiles/app.dir/home/kasper/pico-sdk/src/rp2_common/pico_malloc/malloc.c.o (malloc)
/usr/lib/gcc/arm-none-eabi/10.3.1/../../../arm-none-eabi/lib/thumb/v6-m/nofp/libg.a(lib_a-mallocr.o)
                              /usr/lib/gcc/arm-none-eabi/10.3.1/../../../arm-none-eabi/lib/thumb/v6-m/nofp/libg.a(lib_a-callocr.o) (_malloc_r)
/usr/lib/gcc/arm-none-eabi/10.3.1/../../../arm-none-eabi/lib/thumb/v6-m/nofp/libg.a(lib_a-memcmp.o)
                              CMakeFiles/app.dir/home/kasper/pico-sdk/src/rp2_common/pico_atomic/atomic.c.o (memcmp)
/usr/lib/gcc/arm-none-eabi/10.3.1/../../../arm-none-eabi/lib/thumb/v6-m/nofp/libg.a(lib_a-mktime.o)
                              CMakeFiles/app.dir/home/kasper/pico-sdk/src/common/pico_util/datetime.c.o (mktime)
/usr/lib/gcc/arm-none-eabi/10.3.1/../../../arm-none-eabi/lib/thumb/v6-m/nofp/libg.a(lib_a-mlock.o)
                              /usr/lib/gcc/arm-none-eabi/10.3.1/../../../arm-none-eabi/lib/thumb/v6-m/nofp/libg.a(lib_a-mallocr.o) (__malloc_lock)
/usr/lib/gcc/arm-none-eabi/10.3.1/../../../arm-none-eabi/lib/thumb/v6-m/nofp/libg.a(lib_a-month_lengths.o)
                              /usr/lib/gcc/arm-none-eabi/10.3.1/../../../arm-none-eabi/lib/thumb/v6-m/nofp/libg.a(lib_a-lcltime_r.o) (__month_lengths)
/usr/lib/gcc/arm-none-eabi/10.3.1/../../../arm-none-eabi/lib/thumb/v6-m/nofp/libg.a(lib_a-realloc.o)
                              CMakeFiles/app.dir/home/kasper/pico-sdk/src/rp2_common/pico_malloc/malloc.c.o (realloc)
/usr/lib/gcc/arm-none-eabi/10.3.1/../../../arm-none-eabi/lib/thumb/v6-m/nofp/libg.a(lib_a-reallocr.o)
                              /usr/lib/gcc/arm-none-eabi/10.3.1/../../../arm-none-eabi/lib/thumb/v6-m/nofp/libg.a(lib_a-realloc.o) (_realloc_r)
/usr/lib/gcc/arm-none-eabi/10.3.1/../../../arm-none-eabi/lib/thumb/v6-m/nofp/libg.a(lib_a-sbrkr.o)
                              /usr/lib/gcc/arm-none-eabi/10.3.1/../../../arm-none-eabi/lib/thumb/v6-m/nofp/libg.a(lib_a-mallocr.o) (_sbrk_r)
/usr/lib/gcc/arm-none-eabi/10.3.1/../../../arm-none-eabi/lib/thumb/v6-m/nofp/libg.a(lib_a-strlen-stub.o)
                              CMakeFiles/app.dir/home/kasper/pico-sdk/src/rp2_common/pico_stdio/stdio.c.o (strlen)
/usr/lib/gcc/arm-none-eabi/10.3.1/../../../arm-none-eabi/lib/thumb/v6-m/nofp/libg.a(lib_a-tzcalc_limits.o)
                              /usr/lib/gcc/arm-none-eabi/10.3.1/../../../arm-none-eabi/lib/thumb/v6-m/nofp/libg.a(lib_a-lcltime_r.o) (__tzcalc_limits)
/usr/lib/gcc/arm-none-eabi/10.3.1/../../../arm-none-eabi/lib/thumb/v6-m/nofp/libg.a(lib_a-tzlock.o)
                              /usr/lib/gcc/arm-none-eabi/10.3.1/../../../arm-none-eabi/lib/thumb/v6-m/nofp/libg.a(lib_a-lcltime_r.o) (__tz_lock)
/usr/lib/gcc/arm-none-eabi/10.3.1/../../../arm-none-eabi/lib/thumb/v6-m/nofp/libg.a(lib_a-tzset.o)
                              /usr/lib/gcc/arm-none-eabi/10.3.1/../../../arm-none-eabi/lib/thumb/v6-m/nofp/libg.a(lib_a-lcltime_r.o) (_tzset_unlocked)
[...]
Memory Configuration

Name             Origin             Length             Attributes
FLASH            0x0000000010000000 0x0000000000200000 xr
RAM              0x0000000020000000 0x0000000000040000 xrw
SCRATCH_X        0x0000000020040000 0x0000000000001000 xrw
SCRATCH_Y        0x0000000020041000 0x0000000000001000 xrw
*default*        0x0000000000000000 0xffffffffffffffff

Linker script and memory map

LOAD /usr/lib/gcc/arm-none-eabi/10.3.1/thumb/v6-m/nofp/crti.o
LOAD /usr/lib/gcc/arm-none-eabi/10.3.1/thumb/v6-m/nofp/crtbegin.o
LOAD /usr/lib/gcc/arm-none-eabi/10.3.1/../../../arm-none-eabi/lib/thumb/v6-m/nofp/crt0.o

.flash_begin    0x0000000010000000        0x0
                0x0000000010000000                __flash_binary_start = .

.boot2          0x0000000010000000      0x100
                0x0000000010000000                __boot2_start__ = .
 *(.boot2)
 .boot2         0x0000000010000000      0x100 pico-sdk/src/rp2040/boot_stage2/CMakeFiles/bs2_default_library.dir/bs2_default_padded_checksummed.S.o
                0x0000000010000100                __boot2_end__ = .
                0x0000000000000001                ASSERT (((__boot2_end__ - __boot2_start__) == 0x100), ERROR: Pico second stage bootloader must be 256 bytes in size)

.text           0x0000000010000100     0x4f18
                0x0000000010000100                __logical_binary_start = .
 *(.vectors)
 .vectors       0x0000000010000100       0xd4 CMakeFiles/app.dir/home/kasper/pico-sdk/src/rp2_common/pico_crt0/crt0.S.o
                0x0000000010000100                __vectors
                0x0000000010000100                __VECTOR_TABLE
                0x00000000100001c0                isr_invalid
                0x00000000100001c0                __default_isrs_start
                0x00000000100001c2                isr_nmi
                0x00000000100001c4                isr_hardfault
                0x00000000100001c6                isr_svcall
                0x00000000100001c8                isr_pendsv
                0x00000000100001ca                isr_systick
                0x00000000100001cc                isr_irq30
                0x00000000100001cc                __unhandled_user_irq
                0x00000000100001cc                isr_irq13
                0x00000000100001cc                isr_irq27
                0x00000000100001cc                isr_irq31
                0x00000000100001cc                isr_irq5
                0x00000000100001cc                isr_irq11
                0x00000000100001cc                isr_irq23
                0x00000000100001cc                isr_irq18
                0x00000000100001cc                isr_irq28
                0x00000000100001cc                isr_irq19
                0x00000000100001cc                isr_irq0
                0x00000000100001cc                isr_irq6
                0x00000000100001cc                isr_irq22
                0x00000000100001cc                isr_irq17
                0x00000000100001cc                isr_irq14
                0x00000000100001cc                isr_irq2
                0x00000000100001cc                isr_irq10
                0x00000000100001cc                isr_irq8
                0x00000000100001cc                isr_irq24
                0x00000000100001cc                isr_irq1
                0x00000000100001cc                isr_irq7
                0x00000000100001cc                isr_irq21
                0x00000000100001cc                isr_irq20
                0x00000000100001cc                isr_irq15
                0x00000000100001cc                isr_irq25
                0x00000000100001cc                isr_irq4
                0x00000000100001cc                isr_irq16
                0x00000000100001cc                isr_irq29
                0x00000000100001cc                isr_irq26
                0x00000000100001cc                __default_isrs_end
                0x00000000100001cc                isr_irq3
                0x00000000100001cc                isr_irq12
                0x00000000100001cc                isr_irq9
                0x00000000100001d2                unhandled_user_irq_num_in_r0
 *(.binary_info_header)
 .binary_info_header
                0x00000000100001d4       0x14 CMakeFiles/app.dir/home/kasper/pico-sdk/src/rp2_common/pico_crt0/crt0.S.o
                0x00000000100001e8                __binary_info_header_end = .
 *(.embedded_block)
                0x00000000100001e8                __embedded_block_end = .
 *(.reset)
 .reset         0x00000000100001e8       0x9c CMakeFiles/app.dir/home/kasper/pico-sdk/src/rp2_common/pico_crt0/crt0.S.o
                0x00000000100001e8                _entry_point
 *(.init)
 .init          0x0000000010000284        0x4 /usr/lib/gcc/arm-none-eabi/10.3.1/thumb/v6-m/nofp/crti.o
                0x0000000010000284                _init
 *(EXCLUDE_FILE(*libm.a: *libc.a:*lib_a-mem*.o *libgcc.a:) .text*)
 .text          0x0000000010000288       0x98 /usr/lib/gcc/arm-none-eabi/10.3.1/thumb/v6-m/nofp/crtbegin.o
 .text.vBlinkTask
                0x0000000010000320       0x28 CMakeFiles/app.dir/src/main.c.o
                0x0000000010000320                vBlinkTask
 .text.usbHelloTask
                0x0000000010000348       0x18 CMakeFiles/app.dir/src/main.c.o
                0x0000000010000348                usbHelloTask
 .text.startup.main
                0x0000000010000360       0x54 CMakeFiles/app.dir/src/main.c.o
                0x0000000010000360                main
 .text.gpio_init
                0x00000000100003b4       0x40 CMakeFiles/app.dir/home/kasper/pico-sdk/src/rp2_common/hardware_gpio/gpio.c.o
                0x00000000100003b4                gpio_init
 .text.panic    0x00000000100003f4       0x30 CMakeFiles/app.dir/home/kasper/pico-sdk/src/rp2_common/pico_platform_panic/panic.c.o
                0x00000000100003f4                panic
 .text.panic_unsupported
                0x0000000010000424        0xc CMakeFiles/app.dir/home/kasper/pico-sdk/src/rp2_common/pico_platform_panic/panic.c.o
                0x0000000010000424                panic_unsupported
 .text.hw_claim_or_assert
                0x0000000010000430       0x44 CMakeFiles/app.dir/home/kasper/pico-sdk/src/common/hardware_claim/claim.c.o
                0x0000000010000430                hw_claim_or_assert
 .text.next_striped_spin_lock_num
                0x0000000010000474       0x18 CMakeFiles/app.dir/home/kasper/pico-sdk/src/rp2_common/hardware_sync/sync.c.o
                0x0000000010000474                next_striped_spin_lock_num
 .text.spin_lock_claim
                0x000000001000048c       0x18 CMakeFiles/app.dir/home/kasper/pico-sdk/src/rp2_common/hardware_sync/sync.c.o
                0x000000001000048c                spin_lock_claim
 .text.spin_locks_reset
                0x00000000100004a4       0x1c CMakeFiles/app.dir/home/kasper/pico-sdk/src/rp2_common/hardware_sync_spin_lock/sync_spin_lock.c.o
                0x00000000100004a4                spin_locks_reset
 .text.runtime_init_per_core_irq_priorities
                0x00000000100004c0       0x24 CMakeFiles/app.dir/home/kasper/pico-sdk/src/rp2_common/hardware_irq/irq.c.o
                0x00000000100004c0                runtime_init_per_core_irq_priorities
 .text.irq_set_enabled
                0x00000000100004e4       0x24 CMakeFiles/app.dir/home/kasper/pico-sdk/src/rp2_common/hardware_irq/irq.c.o
                0x00000000100004e4                irq_set_enabled
 .text.irq_is_enabled
                0x0000000010000508       0x18 CMakeFiles/app.dir/home/kasper/pico-sdk/src/rp2_common/hardware_irq/irq.c.o
                0x0000000010000508                irq_is_enabled
 .text.irq_set_exclusive_handler
                0x0000000010000520       0x54 CMakeFiles/app.dir/home/kasper/pico-sdk/src/rp2_common/hardware_irq/irq.c.o
                0x0000000010000520                irq_set_exclusive_handler
 .text.irq_set_priority
                0x0000000010000574       0x28 CMakeFiles/app.dir/home/kasper/pico-sdk/src/rp2_common/hardware_irq/irq.c.o
                0x0000000010000574                irq_set_priority
 .text.lock_init
                0x000000001000059c       0x10 CMakeFiles/app.dir/home/kasper/pico-sdk/src/common/pico_sync/lock_core.c.o
                0x000000001000059c                lock_init
 .text.runtime_init_mutex
                0x00000000100005ac       0x68 CMakeFiles/app.dir/home/kasper/pico-sdk/src/common/pico_sync/mutex.c.o
                0x00000000100005ac                runtime_init_mutex
 .text.alarm_pool_irq_handler
                0x0000000010000614      0x308 CMakeFiles/app.dir/home/kasper/pico-sdk/src/common/pico_time/time.c.o
 .text.sleep_until_callback
                0x000000001000091c       0x24 CMakeFiles/app.dir/home/kasper/pico-sdk/src/common/pico_time/time.c.o
 .text.runtime_init_default_alarm_pool
                0x0000000010000940       0xdc CMakeFiles/app.dir/home/kasper/pico-sdk/src/common/pico_time/time.c.o
                0x0000000010000940                runtime_init_default_alarm_pool
 .text.alarm_pool_add_alarm_at_force_in_context
                0x0000000010000a1c       0xb0 CMakeFiles/app.dir/home/kasper/pico-sdk/src/common/pico_time/time.c.o
                0x0000000010000a1c                alarm_pool_add_alarm_at_force_in_context
 .text.alarm_pool_cancel_alarm
                0x0000000010000acc       0x7c CMakeFiles/app.dir/home/kasper/pico-sdk/src/common/pico_time/time.c.o
                0x0000000010000acc                alarm_pool_cancel_alarm
 .text.best_effort_wfe_or_timeout
                0x0000000010000b48       0xfc CMakeFiles/app.dir/home/kasper/pico-sdk/src/common/pico_time/time.c.o
                0x0000000010000b48                best_effort_wfe_or_timeout
 .text.timer_hardware_alarm_claim
                0x0000000010000c44       0x14 CMakeFiles/app.dir/home/kasper/pico-sdk/src/rp2_common/hardware_timer/timer.c.o
                0x0000000010000c44                timer_hardware_alarm_claim
 .text.timer_time_us_64
                0x0000000010000c58       0x10 CMakeFiles/app.dir/home/kasper/pico-sdk/src/rp2_common/hardware_timer/timer.c.o
                0x0000000010000c58                timer_time_us_64
 .text.time_us_64
                0x0000000010000c68       0x14 CMakeFiles/app.dir/home/kasper/pico-sdk/src/rp2_common/hardware_timer/timer.c.o
                0x0000000010000c68                time_us_64
 .text.clock_configure_int_divider
                0x0000000010000c7c       0xf4 CMakeFiles/app.dir/home/kasper/pico-sdk/src/rp2_common/hardware_clocks/clocks.c.o
                0x0000000010000c7c                clock_configure_int_divider
 .text.clock_configure_undivided
                0x0000000010000d70       0xe8 CMakeFiles/app.dir/home/kasper/pico-sdk/src/rp2_common/hardware_clocks/clocks.c.o
                0x0000000010000d70                clock_configure_undivided
 .text.clock_get_hz
                0x0000000010000e58        0xc CMakeFiles/app.dir/home/kasper/pico-sdk/src/rp2_common/hardware_clocks/clocks.c.o
                0x0000000010000e58                clock_get_hz
 .text.pll_init
                0x0000000010000e64       0xa0 CMakeFiles/app.dir/home/kasper/pico-sdk/src/rp2_common/hardware_pll/pll.c.o
                0x0000000010000e64                pll_init
 .text.tick_start
                0x0000000010000f04       0x10 CMakeFiles/app.dir/home/kasper/pico-sdk/src/rp2_common/hardware_ticks/ticks.c.o
                0x0000000010000f04                tick_start
 .text.rom_func_lookup
                0x0000000010000f14       0x10 CMakeFiles/app.dir/home/kasper/pico-sdk/src/rp2_common/pico_bootrom/bootrom.c.o
                0x0000000010000f14                rom_func_lookup
 .text.rom_data_lookup
                0x0000000010000f24       0x10 CMakeFiles/app.dir/home/kasper/pico-sdk/src/rp2_common/pico_bootrom/bootrom.c.o
                0x0000000010000f24                rom_data_lookup
 .text.rom_funcs_lookup
                0x0000000010000f34       0x44 CMakeFiles/app.dir/home/kasper/pico-sdk/src/rp2_common/pico_bootrom/bootrom.c.o
                0x0000000010000f34                rom_funcs_lookup
 .text.xosc_init
                0x0000000010000f78       0x28 CMakeFiles/app.dir/home/kasper/pico-sdk/src/rp2_common/hardware_xosc/xosc.c.o
                0x0000000010000f78                xosc_init
 .text.first_per_core_initializer
                0x0000000010000fa0        0x4 CMakeFiles/app.dir/home/kasper/pico-sdk/src/rp2_common/pico_runtime/runtime.c.o
 .text.hard_assertion_failure
                0x0000000010000fa4        0xc CMakeFiles/app.dir/home/kasper/pico-sdk/src/rp2_common/pico_runtime/runtime.c.o
                0x0000000010000fa4                hard_assertion_failure
 .text.runtime_run_initializers
                0x0000000010000fb0       0x28 CMakeFiles/app.dir/home/kasper/pico-sdk/src/rp2_common/pico_runtime/runtime.c.o
                0x0000000010000fb0                runtime_run_initializers
 .text.runtime_run_per_core_initializers
                0x0000000010000fd8       0x28 CMakeFiles/app.dir/home/kasper/pico-sdk/src/rp2_common/pico_runtime/runtime.c.o
                0x0000000010000fd8                runtime_run_per_core_initializers
 .text.runtime_init_early_resets
                0x0000000010001000       0x2c CMakeFiles/app.dir/home/kasper/pico-sdk/src/rp2_common/pico_runtime_init/runtime_init.c.o
                0x0000000010001000                runtime_init_early_resets
 .text.runtime_init_usb_power_down
                0x000000001000102c       0x1c CMakeFiles/app.dir/home/kasper/pico-sdk/src/rp2_common/pico_runtime_init/runtime_init.c.o
                0x000000001000102c                runtime_init_usb_power_down
 .text.runtime_init_post_clock_resets
                0x0000000010001048       0x20 CMakeFiles/app.dir/home/kasper/pico-sdk/src/rp2_common/pico_runtime_init/runtime_init.c.o
                0x0000000010001048                runtime_init_post_clock_resets
 .text.runtime_init_rp2040_gpio_ie_disable
                0x0000000010001068       0x14 CMakeFiles/app.dir/home/kasper/pico-sdk/src/rp2_common/pico_runtime_init/runtime_init.c.o
                0x0000000010001068                runtime_init_rp2040_gpio_ie_disable
 .text.runtime_init_spin_locks_reset
                0x000000001000107c        0x8 CMakeFiles/app.dir/home/kasper/pico-sdk/src/rp2_common/pico_runtime_init/runtime_init.c.o
                0x000000001000107c                runtime_init_spin_locks_reset
 .text.runtime_init_install_ram_vector_table
                0x0000000010001084       0x1c CMakeFiles/app.dir/home/kasper/pico-sdk/src/rp2_common/pico_runtime_init/runtime_init.c.o
                0x0000000010001084                runtime_init_install_ram_vector_table
 .text.runtime_init_clocks
                0x00000000100010a0       0xd8 CMakeFiles/app.dir/home/kasper/pico-sdk/src/rp2_common/pico_runtime_init/runtime_init_clocks.c.o
                0x00000000100010a0                runtime_init_clocks
 .text          0x0000000010001178       0x10 CMakeFiles/app.dir/home/kasper/pico-sdk/src/rp2_common/pico_bit_ops/bit_ops_aeabi.S.o
 .text.clzsi    0x0000000010001188        0xc CMakeFiles/app.dir/home/kasper/pico-sdk/src/rp2_common/pico_bit_ops/bit_ops_aeabi.S.o
                0x0000000010001188                __wrap___clz
                0x0000000010001188                __wrap___clzsi2
                0x0000000010001188                __wrap___clzl
 .text.__wrap___aeabi_uidiv
                0x0000000010001194       0x4c CMakeFiles/app.dir/home/kasper/pico-sdk/src/rp2_common/pico_divider/divider_hardware.S.o
                0x0000000010001194                __wrap___aeabi_uidiv
                0x0000000010001194                __wrap___aeabi_uidivmod
                0x0000000010001194                div_u32u32
                0x0000000010001194                divmod_u32u32
                0x000000001000119c                divmod_u32u32_unsafe
                0x00000000100011c4                divmod_u32u32_savestate
 .text.__wrap___aeabi_ldiv
                0x00000000100011e0      0x424 CMakeFiles/app.dir/home/kasper/pico-sdk/src/rp2_common/pico_divider/divider_hardware.S.o
                0x00000000100011e0                div_s64s64
                0x00000000100011e0                divmod_s64s64
                0x00000000100011e0                __wrap___aeabi_ldivmod
                0x0000000010001210                div_u64u64
                0x0000000010001210                divmod_u64u64
                0x0000000010001210                __wrap___aeabi_uldivmod
                0x0000000010001220                divmod_u64u64_savestate
                0x0000000010001240                divmod_s64s64_unsafe
                0x00000000100012c8                divmod_u64u64_unsafe
 .text.__aeabi_double_init
                0x0000000010001604       0xa0 CMakeFiles/app.dir/home/kasper/pico-sdk/src/rp2_common/pico_double/double_init_rom_rp2040.c.o
                0x0000000010001604                __aeabi_double_init
 .text.double_table_shim_on_use_helper
                0x00000000100016a4       0x2c CMakeFiles/app.dir/home/kasper/pico-sdk/src/rp2_common/pico_double/double_v1_rom_shim_rp2040.S.o
                0x00000000100016a4                double_table_shim_on_use_helper
 .text.__aeabi_float_init
                0x00000000100016d0       0x64 CMakeFiles/app.dir/home/kasper/pico-sdk/src/rp2_common/pico_float/float_init_rom_rp2040.c.o
                0x00000000100016d0                __aeabi_float_init
 .text.float_table_shim_on_use_helper
                0x0000000010001734       0x2c CMakeFiles/app.dir/home/kasper/pico-sdk/src/rp2_common/pico_float/float_v1_rom_shim_rp2040.S.o
                0x0000000010001734                float_table_shim_on_use_helper
 .text          0x0000000010001760       0x10 CMakeFiles/app.dir/home/kasper/pico-sdk/src/rp2_common/pico_mem_ops/mem_ops_aeabi.S.o
                0x0000000010001760                __aeabi_mem_init
 .text.memset   0x0000000010001770        0xc CMakeFiles/app.dir/home/kasper/pico-sdk/src/rp2_common/pico_mem_ops/mem_ops_aeabi.S.o
                0x0000000010001770                __wrap_memset
 .text.memcpy   0x000000001000177c        0xc CMakeFiles/app.dir/home/kasper/pico-sdk/src/rp2_common/pico_mem_ops/mem_ops_aeabi.S.o
                0x000000001000177c                __wrap___aeabi_memcpy
                0x000000001000177c                __wrap_memcpy
 .text._out_char
                0x0000000010001788       0x10 CMakeFiles/app.dir/home/kasper/pico-sdk/src/rp2_common/pico_printf/printf.c.o
 .text.weak_raw_vprintf
                0x0000000010001798       0x30 CMakeFiles/app.dir/home/kasper/pico-sdk/src/rp2_common/pico_printf/printf.c.o
                0x0000000010001798                weak_raw_vprintf
 .text._exit    0x00000000100017c8        0x4 CMakeFiles/app.dir/home/kasper/pico-sdk/src/rp2_common/pico_clib_interface/newlib_interface.c.o
                0x00000000100017c8                _exit
 .text.exit     0x00000000100017cc        0x8 CMakeFiles/app.dir/home/kasper/pico-sdk/src/rp2_common/pico_clib_interface/newlib_interface.c.o
                0x00000000100017cc                exit
 .text.runtime_init
                0x00000000100017d4       0x2c CMakeFiles/app.dir/home/kasper/pico-sdk/src/rp2_common/pico_clib_interface/newlib_interface.c.o
                0x00000000100017d4                runtime_init
 .text.stdio_out_chars_no_crlf
                0x0000000010001800       0x10 CMakeFiles/app.dir/home/kasper/pico-sdk/src/rp2_common/pico_stdio/stdio.c.o
 .text.stdio_out_chars_crlf
                0x0000000010001810       0xb4 CMakeFiles/app.dir/home/kasper/pico-sdk/src/rp2_common/pico_stdio/stdio.c.o
 .text.stdio_put_string
                0x00000000100018c4      0x100 CMakeFiles/app.dir/home/kasper/pico-sdk/src/rp2_common/pico_stdio/stdio.c.o
                0x00000000100018c4                stdio_put_string
 .text.__wrap_putchar
                0x00000000100019c4       0x98 CMakeFiles/app.dir/home/kasper/pico-sdk/src/rp2_common/pico_stdio/stdio.c.o
                0x00000000100019c4                stdio_putchar
                0x00000000100019c4                __wrap_putchar
 .text.__wrap_puts
                0x0000000010001a5c       0x3c CMakeFiles/app.dir/home/kasper/pico-sdk/src/rp2_common/pico_stdio/stdio.c.o
                0x0000000010001a5c                __wrap_puts
                0x0000000010001a5c                stdio_puts
 .text.startup._retrieve_unique_id_on_boot
                0x0000000010001a98       0x10 CMakeFiles/app.dir/home/kasper/pico-sdk/src/rp2_common/pico_unique_id/unique_id.c.o
 .text.flash_get_unique_id
                0x0000000010001aa8       0x40 CMakeFiles/app.dir/home/kasper/pico-sdk/src/rp2_common/hardware_flash/flash.c.o
                0x0000000010001aa8                flash_get_unique_id
 .text.vPortSVCHandler
                0x0000000010001ae8        0x4 CMakeFiles/app.dir/lib/FreeRTOS-Kernel/portable/ThirdParty/GCC/RP2040/port.c.o
                0x0000000010001ae8                vPortSVCHandler
 *fill*         0x0000000010001aec        0x4 
 .text.vPortStartFirstTask
                0x0000000010001af0       0x38 CMakeFiles/app.dir/lib/FreeRTOS-Kernel/portable/ThirdParty/GCC/RP2040/port.c.o
 .text.prvFIFOInterruptHandler
                0x0000000010001b28       0x2c CMakeFiles/app.dir/lib/FreeRTOS-Kernel/portable/ThirdParty/GCC/RP2040/port.c.o
 *fill*         0x0000000010001b54        0xc 
 .text.xPortPendSVHandler
                0x0000000010001b60       0x78 CMakeFiles/app.dir/lib/FreeRTOS-Kernel/portable/ThirdParty/GCC/RP2040/port.c.o
                0x0000000010001b60                xPortPendSVHandler
 .text.xPortSysTickHandler
                0x0000000010001bd8       0x2c CMakeFiles/app.dir/lib/FreeRTOS-Kernel/portable/ThirdParty/GCC/RP2040/port.c.o
                0x0000000010001bd8                xPortSysTickHandler
 .text.prvTaskExitError
                0x0000000010001c04        0x8 CMakeFiles/app.dir/lib/FreeRTOS-Kernel/portable/ThirdParty/GCC/RP2040/port.c.o
 .text.pxPortInitialiseStack
                0x0000000010001c0c       0x20 CMakeFiles/app.dir/lib/FreeRTOS-Kernel/portable/ThirdParty/GCC/RP2040/port.c.o
                0x0000000010001c0c                pxPortInitialiseStack
 .text.vPortYield
                0x0000000010001c2c       0x18 CMakeFiles/app.dir/lib/FreeRTOS-Kernel/portable/ThirdParty/GCC/RP2040/port.c.o
                0x0000000010001c2c                vPortYield
 .text.vPortEnableInterrupts
                0x0000000010001c44       0x30 CMakeFiles/app.dir/lib/FreeRTOS-Kernel/portable/ThirdParty/GCC/RP2040/port.c.o
                0x0000000010001c44                vPortEnableInterrupts
 .text.vYieldCore
                0x0000000010001c74        0xc CMakeFiles/app.dir/lib/FreeRTOS-Kernel/portable/ThirdParty/GCC/RP2040/port.c.o
                0x0000000010001c74                vYieldCore
 .text.vPortSetupTimerInterrupt
                0x0000000010001c80       0x34 CMakeFiles/app.dir/lib/FreeRTOS-Kernel/portable/ThirdParty/GCC/RP2040/port.c.o
                0x0000000010001c80                vPortSetupTimerInterrupt
 .text.xPortStartSchedulerOnCore.isra.0
                0x0000000010001cb4       0xa4 CMakeFiles/app.dir/lib/FreeRTOS-Kernel/portable/ThirdParty/GCC/RP2040/port.c.o
 .text.prvDisableInterruptsAndPortStartSchedulerOnCore
                0x0000000010001d58        0xc CMakeFiles/app.dir/lib/FreeRTOS-Kernel/portable/ThirdParty/GCC/RP2040/port.c.o
 .text.xPortStartScheduler
                0x0000000010001d64       0x28 CMakeFiles/app.dir/lib/FreeRTOS-Kernel/portable/ThirdParty/GCC/RP2040/port.c.o
                0x0000000010001d64                xPortStartScheduler
 .text.ulPortLockGetCurrentOwnerId
                0x0000000010001d8c       0x30 CMakeFiles/app.dir/lib/FreeRTOS-Kernel/portable/ThirdParty/GCC/RP2040/port.c.o
                0x0000000010001d8c                ulPortLockGetCurrentOwnerId
 .text.vPortLockInternalSpinUnlockWithNotify
                0x0000000010001dbc       0x84 CMakeFiles/app.dir/lib/FreeRTOS-Kernel/portable/ThirdParty/GCC/RP2040/port.c.o
                0x0000000010001dbc                vPortLockInternalSpinUnlockWithNotify
 .text.xPortLockInternalSpinUnlockWithBestEffortWaitOrTimeout
                0x0000000010001e40       0xec CMakeFiles/app.dir/lib/FreeRTOS-Kernel/portable/ThirdParty/GCC/RP2040/port.c.o
                0x0000000010001e40                xPortLockInternalSpinUnlockWithBestEffortWaitOrTimeout
 .text.startup.prvRuntimeInitializer
                0x0000000010001f2c       0x10 CMakeFiles/app.dir/lib/FreeRTOS-Kernel/portable/ThirdParty/GCC/RP2040/port.c.o
 .text.vEventGroupSetBitsCallback
                0x0000000010001f3c       0x8c CMakeFiles/app.dir/lib/FreeRTOS-Kernel/event_groups.c.o
                0x0000000010001f3c                vEventGroupSetBitsCallback
 .text.xEventGroupCreate
                0x0000000010001fc8       0x18 CMakeFiles/app.dir/lib/FreeRTOS-Kernel/event_groups.c.o
                0x0000000010001fc8                xEventGroupCreate
 .text.xEventGroupWaitBits
                0x0000000010001fe0       0xb8 CMakeFiles/app.dir/lib/FreeRTOS-Kernel/event_groups.c.o
                0x0000000010001fe0                xEventGroupWaitBits
 .text.xEventGroupSetBits
                0x0000000010002098       0x90 CMakeFiles/app.dir/lib/FreeRTOS-Kernel/event_groups.c.o
                0x0000000010002098                xEventGroupSetBits
 .text.xEventGroupSetBitsFromISR
                0x0000000010002128       0x14 CMakeFiles/app.dir/lib/FreeRTOS-Kernel/event_groups.c.o
                0x0000000010002128                xEventGroupSetBitsFromISR
 .text.vListInitialise
                0x000000001000213c       0x18 CMakeFiles/app.dir/lib/FreeRTOS-Kernel/list.c.o
                0x000000001000213c                vListInitialise
 .text.vListInitialiseItem
                0x0000000010002154        0x8 CMakeFiles/app.dir/lib/FreeRTOS-Kernel/list.c.o
                0x0000000010002154                vListInitialiseItem
 .text.vListInsertEnd
                0x000000001000215c       0x18 CMakeFiles/app.dir/lib/FreeRTOS-Kernel/list.c.o
                0x000000001000215c                vListInsertEnd
 .text.vListInsert
                0x0000000010002174       0x30 CMakeFiles/app.dir/lib/FreeRTOS-Kernel/list.c.o
                0x0000000010002174                vListInsert
 .text.uxListRemove
                0x00000000100021a4       0x24 CMakeFiles/app.dir/lib/FreeRTOS-Kernel/list.c.o
                0x00000000100021a4                uxListRemove
 .text.prvUnlockQueue
                0x00000000100021c8      0x140 CMakeFiles/app.dir/lib/FreeRTOS-Kernel/queue.c.o
 .text.prvNotifyQueueSetContainer
                0x0000000010002308       0x94 CMakeFiles/app.dir/lib/FreeRTOS-Kernel/queue.c.o
 .text.xQueueGenericCreate
                0x000000001000239c       0x6c CMakeFiles/app.dir/lib/FreeRTOS-Kernel/queue.c.o
                0x000000001000239c                xQueueGenericCreate
 .text.xQueueGenericSend
                0x0000000010002408      0x1cc CMakeFiles/app.dir/lib/FreeRTOS-Kernel/queue.c.o
                0x0000000010002408                xQueueGenericSend
 .text.xQueueGenericSendFromISR
                0x00000000100025d4      0x134 CMakeFiles/app.dir/lib/FreeRTOS-Kernel/queue.c.o
                0x00000000100025d4                xQueueGenericSendFromISR
 .text.xQueueReceive
                0x0000000010002708      0x11c CMakeFiles/app.dir/lib/FreeRTOS-Kernel/queue.c.o
                0x0000000010002708                xQueueReceive
 .text.vQueueAddToRegistry
                0x0000000010002824       0x60 CMakeFiles/app.dir/lib/FreeRTOS-Kernel/queue.c.o
                0x0000000010002824                vQueueAddToRegistry
 .text.vQueueWaitForMessageRestricted
                0x0000000010002884       0x48 CMakeFiles/app.dir/lib/FreeRTOS-Kernel/queue.c.o
                0x0000000010002884                vQueueWaitForMessageRestricted
 .text.prvMinimalIdleTask
                0x00000000100028cc       0x18 CMakeFiles/app.dir/lib/FreeRTOS-Kernel/tasks.c.o
 .text.prvAddCurrentTaskToDelayedList
                0x00000000100028e4       0xe0 CMakeFiles/app.dir/lib/FreeRTOS-Kernel/tasks.c.o
 .text.vTaskExitCritical.part.0
                0x00000000100029c4       0xc4 CMakeFiles/app.dir/lib/FreeRTOS-Kernel/tasks.c.o
 .text.prvCheckForRunStateChange.part.0
                0x0000000010002a88      0x18c CMakeFiles/app.dir/lib/FreeRTOS-Kernel/tasks.c.o
 .text.vTaskSuspendAll.part.0
                0x0000000010002c14       0xfc CMakeFiles/app.dir/lib/FreeRTOS-Kernel/tasks.c.o
 .text.prvIdleTask
                0x0000000010002d10      0x1f0 CMakeFiles/app.dir/lib/FreeRTOS-Kernel/tasks.c.o
 .text.prvYieldForTask
                0x0000000010002f00       0xe0 CMakeFiles/app.dir/lib/FreeRTOS-Kernel/tasks.c.o
 .text.vTaskSuspendAll
                0x0000000010002fe0      0x108 CMakeFiles/app.dir/lib/FreeRTOS-Kernel/tasks.c.o
                0x0000000010002fe0                vTaskSuspendAll
 .text.xTaskGetTickCount
                0x00000000100030e8        0xc CMakeFiles/app.dir/lib/FreeRTOS-Kernel/tasks.c.o
                0x00000000100030e8                xTaskGetTickCount
 .text.vTaskSwitchContext
                0x00000000100030f4      0x350 CMakeFiles/app.dir/lib/FreeRTOS-Kernel/tasks.c.o
                0x00000000100030f4                vTaskSwitchContext
 .text.vTaskPlaceOnEventList
                0x0000000010003444       0xe0 CMakeFiles/app.dir/lib/FreeRTOS-Kernel/tasks.c.o
                0x0000000010003444                vTaskPlaceOnEventList
 .text.vTaskPlaceOnUnorderedEventList
                0x0000000010003524       0x48 CMakeFiles/app.dir/lib/FreeRTOS-Kernel/tasks.c.o
                0x0000000010003524                vTaskPlaceOnUnorderedEventList
 .text.vTaskPlaceOnEventListRestricted
                0x000000001000356c      0x100 CMakeFiles/app.dir/lib/FreeRTOS-Kernel/tasks.c.o
                0x000000001000356c                vTaskPlaceOnEventListRestricted
 .text.xTaskRemoveFromEventList
                0x000000001000366c      0x140 CMakeFiles/app.dir/lib/FreeRTOS-Kernel/tasks.c.o
                0x000000001000366c                xTaskRemoveFromEventList
 .text.vTaskInternalSetTimeOutState
                0x00000000100037ac       0x18 CMakeFiles/app.dir/lib/FreeRTOS-Kernel/tasks.c.o
                0x00000000100037ac                vTaskInternalSetTimeOutState
 .text.xTaskCheckForTimeOut
                0x00000000100037c4      0x1e0 CMakeFiles/app.dir/lib/FreeRTOS-Kernel/tasks.c.o
                0x00000000100037c4                xTaskCheckForTimeOut
 .text.vTaskMissedYield
                0x00000000100039a4       0x14 CMakeFiles/app.dir/lib/FreeRTOS-Kernel/tasks.c.o
                0x00000000100039a4                vTaskMissedYield
 .text.xTaskGetCurrentTaskHandle
                0x00000000100039b8       0x1c CMakeFiles/app.dir/lib/FreeRTOS-Kernel/tasks.c.o
                0x00000000100039b8                xTaskGetCurrentTaskHandle
 .text.xTaskGetSchedulerState
                0x00000000100039d4      0x14c CMakeFiles/app.dir/lib/FreeRTOS-Kernel/tasks.c.o
                0x00000000100039d4                xTaskGetSchedulerState
 .text.xTaskPriorityDisinherit
                0x0000000010003b20       0x58 CMakeFiles/app.dir/lib/FreeRTOS-Kernel/tasks.c.o
                0x0000000010003b20                xTaskPriorityDisinherit
 .text.vTaskYieldWithinAPI
                0x0000000010003b78       0x34 CMakeFiles/app.dir/lib/FreeRTOS-Kernel/tasks.c.o
                0x0000000010003b78                vTaskYieldWithinAPI
 .text.vTaskEnterCritical
                0x0000000010003bac      0x110 CMakeFiles/app.dir/lib/FreeRTOS-Kernel/tasks.c.o
                0x0000000010003bac                vTaskEnterCritical
 .text.xTaskCreateAffinitySet
                0x0000000010003cbc      0x2e0 CMakeFiles/app.dir/lib/FreeRTOS-Kernel/tasks.c.o
                0x0000000010003cbc                xTaskCreateAffinitySet
 .text.vTaskStartScheduler
                0x0000000010003f9c       0xc0 CMakeFiles/app.dir/lib/FreeRTOS-Kernel/tasks.c.o
                0x0000000010003f9c                vTaskStartScheduler
 .text.xTaskIncrementTick
                0x000000001000405c      0x240 CMakeFiles/app.dir/lib/FreeRTOS-Kernel/tasks.c.o
                0x000000001000405c                xTaskIncrementTick
 .text.xTaskResumeAll.part.0
                0x000000001000429c      0x144 CMakeFiles/app.dir/lib/FreeRTOS-Kernel/tasks.c.o
 .text.xTaskResumeAll
                0x00000000100043e0       0x18 CMakeFiles/app.dir/lib/FreeRTOS-Kernel/tasks.c.o
                0x00000000100043e0                xTaskResumeAll
 .text.vTaskDelay
                0x00000000100043f8       0x70 CMakeFiles/app.dir/lib/FreeRTOS-Kernel/tasks.c.o
                0x00000000100043f8                vTaskDelay
 .text.vTaskRemoveFromUnorderedEventList
                0x0000000010004468       0x7c CMakeFiles/app.dir/lib/FreeRTOS-Kernel/tasks.c.o
                0x0000000010004468                vTaskRemoveFromUnorderedEventList
 .text.xTaskCreate
                0x00000000100044e4      0x2e4 CMakeFiles/app.dir/lib/FreeRTOS-Kernel/tasks.c.o
                0x00000000100044e4                xTaskCreate
 .text.vTaskExitCritical
                0x00000000100047c8       0x34 CMakeFiles/app.dir/lib/FreeRTOS-Kernel/tasks.c.o
                0x00000000100047c8                vTaskExitCritical
 .text.uxTaskResetEventItemValue
                0x00000000100047fc       0x48 CMakeFiles/app.dir/lib/FreeRTOS-Kernel/tasks.c.o
                0x00000000100047fc                uxTaskResetEventItemValue
 .text.prvSwitchTimerLists
                0x0000000010004844       0x9c CMakeFiles/app.dir/lib/FreeRTOS-Kernel/timers.c.o
 .text.prvTimerTask
                0x00000000100048e0      0x268 CMakeFiles/app.dir/lib/FreeRTOS-Kernel/timers.c.o
 .text.xTimerCreateTimerTask
                0x0000000010004b48       0x8c CMakeFiles/app.dir/lib/FreeRTOS-Kernel/timers.c.o
                0x0000000010004b48                xTimerCreateTimerTask
 .text.xTimerPendFunctionCallFromISR
                0x0000000010004bd4       0x28 CMakeFiles/app.dir/lib/FreeRTOS-Kernel/timers.c.o
                0x0000000010004bd4                xTimerPendFunctionCallFromISR
 .text.exception_set_exclusive_handler
                0x0000000010004bfc       0x48 CMakeFiles/app.dir/home/kasper/pico-sdk/src/rp2_common/hardware_exception/exception.c.o
                0x0000000010004bfc                exception_set_exclusive_handler
 .text.core1_trampoline
                0x0000000010004c44        0x4 CMakeFiles/app.dir/home/kasper/pico-sdk/src/rp2_common/pico_multicore/multicore.c.o
 .text.core1_wrapper
                0x0000000010004c48        0xc CMakeFiles/app.dir/home/kasper/pico-sdk/src/rp2_common/pico_multicore/multicore.c.o
                0x0000000010004c48                core1_wrapper
 .text.multicore_launch_core1_raw
                0x0000000010004c54       0x84 CMakeFiles/app.dir/home/kasper/pico-sdk/src/rp2_common/pico_multicore/multicore.c.o
                0x0000000010004c54                multicore_launch_core1_raw
 .text.multicore_launch_core1
                0x0000000010004cd8       0x4c CMakeFiles/app.dir/home/kasper/pico-sdk/src/rp2_common/pico_multicore/multicore.c.o
                0x0000000010004cd8                multicore_launch_core1
 .text.pvPortMalloc
                0x0000000010004d24      0x16c CMakeFiles/app.dir/lib/FreeRTOS-Kernel/portable/MemMang/heap_4.c.o
                0x0000000010004d24                pvPortMalloc
 .text.vPortFree
                0x0000000010004e90       0x90 CMakeFiles/app.dir/lib/FreeRTOS-Kernel/portable/MemMang/heap_4.c.o
                0x0000000010004e90                vPortFree
 .text          0x0000000010004f20       0x5c /usr/lib/gcc/arm-none-eabi/10.3.1/../../../arm-none-eabi/lib/thumb/v6-m/nofp/libg.a(lib_a-strlen-stub.o)
                0x0000000010004f20                strlen
 *(.fini)
 .fini          0x0000000010004f7c        0x4 /usr/lib/gcc/arm-none-eabi/10.3.1/thumb/v6-m/nofp/crti.o
                0x0000000010004f7c                _fini
 .fini.__stub   0x0000000010004f80       0x50 linker stubs
 *crtbegin.o(.ctors)
 *crtbegin?.o(.ctors)
 *(EXCLUDE_FILE(*crtend.o *crtend?.o) .ctors)
 *(SORT_BY_NAME(.ctors.*))
 *(.ctors)
 *crtbegin.o(.dtors)
 *crtbegin?.o(.dtors)
 *(EXCLUDE_FILE(*crtend.o *crtend?.o) .dtors)
 *(SORT_BY_NAME(.dtors.*))
 *(.dtors)
                0x0000000010004fd0                . = ALIGN (0x4)
                0x0000000010004fd0                PROVIDE (__preinit_array_start = .)
 *(SORT_BY_NAME(.preinit_array.*))
 .preinit_array.00100
                0x0000000010004fd0        0x4 CMakeFiles/app.dir/home/kasper/pico-sdk/src/rp2_common/pico_runtime_init/runtime_init.c.o
                0x0000000010004fd0                __pre_init_runtime_init_early_resets
 .preinit_array.00101
                0x0000000010004fd4        0x4 CMakeFiles/app.dir/home/kasper/pico-sdk/src/rp2_common/pico_runtime_init/runtime_init.c.o
                0x0000000010004fd4                __pre_init_runtime_init_usb_power_down
 .preinit_array.00275
                0x0000000010004fd8        0x4 CMakeFiles/app.dir/home/kasper/pico-sdk/src/rp2_common/pico_bit_ops/bit_ops_aeabi.S.o
 .preinit_array.00300
                0x0000000010004fdc        0x4 CMakeFiles/app.dir/home/kasper/pico-sdk/src/rp2_common/pico_mem_ops/mem_ops_aeabi.S.o
 .preinit_array.00350
                0x0000000010004fe0        0x4 CMakeFiles/app.dir/home/kasper/pico-sdk/src/rp2_common/pico_double/double_aeabi_rp2040.S.o
 .preinit_array.00350
                0x0000000010004fe4        0x4 CMakeFiles/app.dir/home/kasper/pico-sdk/src/rp2_common/pico_float/float_aeabi_rp2040.S.o
 .preinit_array.00500
                0x0000000010004fe8        0x4 CMakeFiles/app.dir/home/kasper/pico-sdk/src/rp2_common/pico_runtime_init/runtime_init.c.o
                0x0000000010004fe8                __pre_init_runtime_init_clocks
 .preinit_array.00600
                0x0000000010004fec        0x4 CMakeFiles/app.dir/home/kasper/pico-sdk/src/rp2_common/pico_runtime_init/runtime_init.c.o
                0x0000000010004fec                __pre_init_runtime_init_post_clock_resets
 .preinit_array.00700
                0x0000000010004ff0        0x4 CMakeFiles/app.dir/home/kasper/pico-sdk/src/rp2_common/pico_runtime_init/runtime_init.c.o
                0x0000000010004ff0                __pre_init_runtime_init_rp2040_gpio_ie_disable
 .preinit_array.01000
                0x0000000010004ff4        0x4 CMakeFiles/app.dir/home/kasper/pico-sdk/src/rp2_common/pico_runtime_init/runtime_init.c.o
                0x0000000010004ff4                __pre_init_runtime_init_spin_locks_reset
 .preinit_array.01100
                0x0000000010004ff8        0x4 CMakeFiles/app.dir/home/kasper/pico-sdk/src/common/pico_sync/mutex.c.o
                0x0000000010004ff8                __pre_init_runtime_init_mutex
 .preinit_array.10080
                0x0000000010004ffc        0x4 CMakeFiles/app.dir/home/kasper/pico-sdk/src/rp2_common/pico_runtime_init/runtime_init.c.o
                0x0000000010004ffc                __pre_init_runtime_init_install_ram_vector_table
 .preinit_array.11000
                0x0000000010005000        0x4 CMakeFiles/app.dir/home/kasper/pico-sdk/src/common/pico_time/time.c.o
                0x0000000010005000                __pre_init_runtime_init_default_alarm_pool
 .preinit_array.YYYYY
                0x0000000010005004        0x4 CMakeFiles/app.dir/home/kasper/pico-sdk/src/rp2_common/pico_runtime/runtime.c.o
                0x0000000010005004                __pre_init_first_per_core_initializer
 .preinit_array.ZZZZZ.01200
                0x0000000010005008        0x4 CMakeFiles/app.dir/home/kasper/pico-sdk/src/rp2_common/hardware_irq/irq.c.o
                0x0000000010005008                __pre_init_runtime_init_per_core_irq_priorities
 *(.preinit_array)
                0x000000001000500c                PROVIDE (__preinit_array_end = .)
                0x000000001000500c                . = ALIGN (0x4)
                0x000000001000500c                PROVIDE (__init_array_start = .)
 *(SORT_BY_NAME(.init_array.*))
 *(.init_array)
 .init_array    0x000000001000500c        0x4 /usr/lib/gcc/arm-none-eabi/10.3.1/thumb/v6-m/nofp/crtbegin.o
 .init_array    0x0000000010005010        0x4 CMakeFiles/app.dir/home/kasper/pico-sdk/src/rp2_common/pico_unique_id/unique_id.c.o
 .init_array    0x0000000010005014        0x4 CMakeFiles/app.dir/lib/FreeRTOS-Kernel/portable/ThirdParty/GCC/RP2040/port.c.o
                0x0000000010005018                PROVIDE (__init_array_end = .)
                0x0000000010005018                . = ALIGN (0x4)
                0x0000000010005018                PROVIDE (__fini_array_start = .)
 *(SORT_BY_NAME(.fini_array.*))
 *(.fini_array)
                0x0000000010005018                PROVIDE (__fini_array_end = .)
 *(.eh_frame*)
 .eh_frame      0x0000000010005018        0x0 /usr/lib/gcc/arm-none-eabi/10.3.1/thumb/v6-m/nofp/crtbegin.o
                0x0000000010005018                . = ALIGN (0x4)

.glue_7         0x0000000010005018        0x0
 .glue_7        0x0000000010005018        0x0 linker stubs

.glue_7t        0x0000000010005018        0x0
 .glue_7t       0x0000000010005018        0x0 linker stubs

.vfp11_veneer   0x0000000010005018        0x0
 .vfp11_veneer  0x0000000010005018        0x0 linker stubs

.v4_bx          0x0000000010005018        0x0
 .v4_bx         0x0000000010005018        0x0 linker stubs

.iplt           0x0000000010005018        0x0
 .iplt          0x0000000010005018        0x0 /usr/lib/gcc/arm-none-eabi/10.3.1/thumb/v6-m/nofp/crtbegin.o

.rodata         0x0000000010005018      0x174
 *(EXCLUDE_FILE(*libm.a: *libc.a:*lib_a-mem*.o *libgcc.a:) .rodata*)
 .rodata.usbHelloTask.str1.4
                0x0000000010005018        0xc CMakeFiles/app.dir/src/main.c.o
 .rodata.main.str1.4
                0x0000000010005024       0x1b CMakeFiles/app.dir/src/main.c.o
 *fill*         0x000000001000503f        0x1 
 .rodata.panic.str1.4
                0x0000000010005040       0x12 CMakeFiles/app.dir/home/kasper/pico-sdk/src/rp2_common/pico_platform_panic/panic.c.o
 *fill*         0x0000000010005052        0x2 
 .rodata.panic_unsupported.str1.4
                0x0000000010005054        0xe CMakeFiles/app.dir/home/kasper/pico-sdk/src/rp2_common/pico_platform_panic/panic.c.o
 *fill*         0x0000000010005062        0x2 
 .rodata.spin_lock_claim.str1.4
                0x0000000010005064       0x1f CMakeFiles/app.dir/home/kasper/pico-sdk/src/rp2_common/hardware_sync/sync.c.o
 *fill*         0x0000000010005083        0x1 
 .rodata.timer_hardware_alarm_claim.str1.4
                0x0000000010005084       0x22 CMakeFiles/app.dir/home/kasper/pico-sdk/src/rp2_common/hardware_timer/timer.c.o
 *fill*         0x00000000100050a6        0x2 
 .rodata.hard_assertion_failure.str1.4
                0x00000000100050a8        0xc CMakeFiles/app.dir/home/kasper/pico-sdk/src/rp2_common/pico_runtime/runtime.c.o
 .rodata.str1.4
                0x00000000100050b4       0x38 CMakeFiles/app.dir/home/kasper/pico-sdk/src/rp2_common/pico_standard_binary_info/standard_binary_info.c.o
 .rodata.__bi_26
                0x00000000100050ec        0xc CMakeFiles/app.dir/home/kasper/pico-sdk/src/rp2_common/pico_standard_binary_info/standard_binary_info.c.o
 .rodata.__bi_34
                0x00000000100050f8        0xc CMakeFiles/app.dir/home/kasper/pico-sdk/src/rp2_common/pico_standard_binary_info/standard_binary_info.c.o
 .rodata.__bi_42
                0x0000000010005104        0xc CMakeFiles/app.dir/home/kasper/pico-sdk/src/rp2_common/pico_standard_binary_info/standard_binary_info.c.o
 .rodata.__bi_48
                0x0000000010005110        0xc CMakeFiles/app.dir/home/kasper/pico-sdk/src/rp2_common/pico_standard_binary_info/standard_binary_info.c.o
 .rodata.__bi_54
                0x000000001000511c        0xc CMakeFiles/app.dir/home/kasper/pico-sdk/src/rp2_common/pico_standard_binary_info/standard_binary_info.c.o
 .rodata.__bi_78
                0x0000000010005128        0xc CMakeFiles/app.dir/home/kasper/pico-sdk/src/rp2_common/pico_standard_binary_info/standard_binary_info.c.o
 .rodata.__bi_84
                0x0000000010005134        0xc CMakeFiles/app.dir/home/kasper/pico-sdk/src/rp2_common/pico_standard_binary_info/standard_binary_info.c.o
 .rodata.crlf_str.0
                0x0000000010005140        0x2 CMakeFiles/app.dir/home/kasper/pico-sdk/src/rp2_common/pico_stdio/stdio.c.o
 *fill*         0x0000000010005142        0x2 
 .rodata.prvTimerTask
                0x0000000010005144       0x28 CMakeFiles/app.dir/lib/FreeRTOS-Kernel/timers.c.o
 .rodata.xTimerCreateTimerTask.str1.4
                0x000000001000516c       0x10 CMakeFiles/app.dir/lib/FreeRTOS-Kernel/timers.c.o
 .rodata.str1.4
                0x000000001000517c        0x4 CMakeFiles/app.dir/home/kasper/pico-sdk/lib/tinyusb/hw/bsp/rp2040/family.c.o
 .rodata.__bi_153.0
                0x0000000010005180        0xc CMakeFiles/app.dir/home/kasper/pico-sdk/lib/tinyusb/hw/bsp/rp2040/family.c.o
                0x000000001000518c                . = ALIGN (0x4)
 *(SORT_BY_ALIGNMENT(SORT_BY_NAME(.flashdata*)))
                0x000000001000518c                . = ALIGN (0x4)

.ARM.extab
 *(.ARM.extab* .gnu.linkonce.armextab.*)
                0x000000001000518c                __exidx_start = .

.ARM.exidx
 *(.ARM.exidx* .gnu.linkonce.armexidx.*)
                0x000000001000518c                __exidx_end = .
                0x000000001000518c                . = ALIGN (0x4)
                0x000000001000518c                __binary_info_start = .

.binary_info    0x000000001000518c       0x20
 *(.binary_info.keep.*)
 .binary_info.keep.__bi_ptr26
                0x000000001000518c        0x4 CMakeFiles/app.dir/home/kasper/pico-sdk/src/rp2_common/pico_standard_binary_info/standard_binary_info.c.o
 .binary_info.keep.__bi_ptr34
                0x0000000010005190        0x4 CMakeFiles/app.dir/home/kasper/pico-sdk/src/rp2_common/pico_standard_binary_info/standard_binary_info.c.o
 .binary_info.keep.__bi_ptr42
                0x0000000010005194        0x4 CMakeFiles/app.dir/home/kasper/pico-sdk/src/rp2_common/pico_standard_binary_info/standard_binary_info.c.o
 .binary_info.keep.__bi_ptr48
                0x0000000010005198        0x4 CMakeFiles/app.dir/home/kasper/pico-sdk/src/rp2_common/pico_standard_binary_info/standard_binary_info.c.o
 .binary_info.keep.__bi_ptr54
                0x000000001000519c        0x4 CMakeFiles/app.dir/home/kasper/pico-sdk/src/rp2_common/pico_standard_binary_info/standard_binary_info.c.o
 .binary_info.keep.__bi_ptr78
                0x00000000100051a0        0x4 CMakeFiles/app.dir/home/kasper/pico-sdk/src/rp2_common/pico_standard_binary_info/standard_binary_info.c.o
 .binary_info.keep.__bi_ptr84
                0x00000000100051a4        0x4 CMakeFiles/app.dir/home/kasper/pico-sdk/src/rp2_common/pico_standard_binary_info/standard_binary_info.c.o
 .binary_info.keep.__bi_ptr153
                0x00000000100051a8        0x4 CMakeFiles/app.dir/home/kasper/pico-sdk/lib/tinyusb/hw/bsp/rp2040/family.c.o
 *(.binary_info.*)
                0x00000000100051ac                __binary_info_end = .

.rel.dyn        0x00000000100051ac        0x0
 .rel.iplt      0x00000000100051ac        0x0 /usr/lib/gcc/arm-none-eabi/10.3.1/thumb/v6-m/nofp/crtbegin.o
                0x00000000100051ac                . = ALIGN (0x4)

.ram_vector_table
                0x0000000020000000       0xc0
 *(.ram_vector_table)
 .ram_vector_table
                0x0000000020000000       0xc0 CMakeFiles/app.dir/home/kasper/pico-sdk/src/rp2_common/pico_runtime_init/runtime_init.c.o
                0x0000000020000000                ram_vector_table

.uninitialized_data
                0x00000000200000c0        0x0
                0x00000000200000c0                . = ALIGN (0x4)
 *(.uninitialized_data*)

.data           0x00000000200000c0      0x288 load address 0x00000000100051ac
                0x00000000200000c0                __data_start__ = .
 *(vtable)
 *(.time_critical*)
 .time_critical.mutex_try_enter_block_until
                0x00000000200000c0       0x9c CMakeFiles/app.dir/home/kasper/pico-sdk/src/common/pico_sync/mutex.c.o
                0x00000000200000c0                mutex_try_enter_block_until
 .time_critical.mutex_exit
                0x000000002000015c       0x20 CMakeFiles/app.dir/home/kasper/pico-sdk/src/common/pico_sync/mutex.c.o
                0x000000002000015c                mutex_exit
 .time_critical.flash_init_boot2_copyout
                0x000000002000017c       0x30 CMakeFiles/app.dir/home/kasper/pico-sdk/src/rp2_common/hardware_flash/flash.c.o
 .time_critical.flash_enable_xip_via_boot2
                0x00000000200001ac       0x10 CMakeFiles/app.dir/home/kasper/pico-sdk/src/rp2_common/hardware_flash/flash.c.o
 .time_critical.flash_cs_force
                0x00000000200001bc       0x38 CMakeFiles/app.dir/home/kasper/pico-sdk/src/rp2_common/hardware_flash/flash.c.o
 .time_critical.flash_do_cmd
                0x00000000200001f4       0xc4 CMakeFiles/app.dir/home/kasper/pico-sdk/src/rp2_common/hardware_flash/flash.c.o
                0x00000000200001f4                flash_do_cmd
 *(.text*)
 .text          0x00000000200002b8        0x4 /usr/lib/gcc/arm-none-eabi/10.3.1/thumb/v6-m/nofp/libgcc.a(_dvmd_tls.o)
                0x00000000200002b8                __aeabi_ldiv0
                0x00000000200002b8                __aeabi_idiv0
 *fill*         0x00000000200002bc        0x4 
 .text.__stub   0x00000000200002c0       0x30 linker stubs
                0x00000000200002f0                . = ALIGN (0x4)
 *(.rodata*)
                0x00000000200002f0                . = ALIGN (0x4)
 *(.data*)
 .data.striped_spin_lock_num
                0x00000000200002f0        0x1 CMakeFiles/app.dir/home/kasper/pico-sdk/src/rp2_common/hardware_sync/sync.c.o
 *fill*         0x00000000200002f1        0x3 
 .data.default_alarm_pool
                0x00000000200002f4       0x18 CMakeFiles/app.dir/home/kasper/pico-sdk/src/common/pico_time/time.c.o
 *fill*         0x000000002000030c        0x4 
 .data.aeabi_bits_funcs
                0x0000000020000310       0x10 CMakeFiles/app.dir/home/kasper/pico-sdk/src/rp2_common/pico_bit_ops/bit_ops_aeabi.S.o
                0x0000000020000310                aeabi_bits_funcs
                0x0000000020000320                aeabi_bits_funcs_end
 .data.aeabi_mem_funcs
                0x0000000020000320       0x10 CMakeFiles/app.dir/home/kasper/pico-sdk/src/rp2_common/pico_mem_ops/mem_ops_aeabi.S.o
                0x0000000020000320                aeabi_mem_funcs
                0x0000000020000330                aeabi_mem_funcs_end
 .data.ucPrimaryCoreNum
                0x0000000020000330        0x1 CMakeFiles/app.dir/lib/FreeRTOS-Kernel/portable/ThirdParty/GCC/RP2040/port.c.o
 *fill*         0x0000000020000331        0x3 
 .data.uxTopUsedPriority
                0x0000000020000334        0x4 CMakeFiles/app.dir/lib/FreeRTOS-Kernel/tasks.c.o
                0x0000000020000334                uxTopUsedPriority
                0x0000000020000338                . = ALIGN (0x4)
 *(.after_data.*)
                0x0000000020000338                . = ALIGN (0x4)
                0x0000000020000338                PROVIDE (__mutex_array_start = .)
 *(SORT_BY_NAME(.mutex_array.*))
 *(.mutex_array)
 .mutex_array   0x0000000020000338        0x8 CMakeFiles/app.dir/home/kasper/pico-sdk/src/rp2_common/pico_malloc/malloc.c.o
 .mutex_array   0x0000000020000340        0x8 CMakeFiles/app.dir/home/kasper/pico-sdk/src/rp2_common/pico_stdio/stdio.c.o
                0x0000000020000348                PROVIDE (__mutex_array_end = .)
                0x0000000020000348                . = ALIGN (0x4)
 *(.jcr)
                0x0000000020000348                . = ALIGN (0x4)

.tm_clone_table
                0x0000000020000348        0x0 load address 0x0000000010005434
 .tm_clone_table
                0x0000000020000348        0x0 /usr/lib/gcc/arm-none-eabi/10.3.1/thumb/v6-m/nofp/crtbegin.o
 .tm_clone_table
                0x0000000020000348        0x0 /usr/lib/gcc/arm-none-eabi/10.3.1/thumb/v6-m/nofp/crtend.o

.igot.plt       0x0000000020000348        0x0 load address 0x0000000010005434
 .igot.plt      0x0000000020000348        0x0 /usr/lib/gcc/arm-none-eabi/10.3.1/thumb/v6-m/nofp/crtbegin.o

.tdata          0x0000000020000348        0x0 load address 0x0000000010005434
                0x0000000020000348                . = ALIGN (0x4)
 *(.tdata .tdata.* .gnu.linkonce.td.*)
                0x0000000020000348                __tdata_end = .
                0x0000000020000348                PROVIDE (__data_end__ = .)
                0x00000000100051ac                __etext = LOADADDR (.data)

.tbss           0x0000000020000348        0x0 load address 0x0000000010005434
                0x0000000020000348                . = ALIGN (0x4)
                0x0000000020000348                __bss_start__ = .
                0x0000000020000348                __tls_base = .
 *(.tbss .tbss.* .gnu.linkonce.tb.*)
 *(.tcommon)
                0x0000000020000348                __tls_end = .

.bss            0x0000000020000348    0x208e0 load address 0x0000000010005434
                0x0000000020000348                . = ALIGN (0x4)
                0x0000000020000348                __tbss_end = .
 *(SORT_BY_ALIGNMENT(SORT_BY_NAME(.bss*)))
 .bss.default_alarm_pool_entries
                0x0000000020000348      0x180 CMakeFiles/app.dir/home/kasper/pico-sdk/src/common/pico_time/time.c.o
 .bss.sd_table  0x00000000200004c8      0x100 CMakeFiles/app.dir/home/kasper/pico-sdk/src/rp2_common/pico_double/double_init_rom_rp2040.c.o
                0x00000000200004c8                sd_table
 .bss.sf_table  0x00000000200005c8      0x100 CMakeFiles/app.dir/home/kasper/pico-sdk/src/rp2_common/pico_float/float_init_rom_rp2040.c.o
                0x00000000200005c8                sf_table
 .bss.xQueueRegistry
                0x00000000200006c8       0x40 CMakeFiles/app.dir/lib/FreeRTOS-Kernel/queue.c.o
                0x00000000200006c8                xQueueRegistry
 .bss           0x0000000020000708       0x1c /usr/lib/gcc/arm-none-eabi/10.3.1/thumb/v6-m/nofp/crtbegin.o
 .bss.boot2_copyout
                0x0000000020000724      0x100 CMakeFiles/app.dir/home/kasper/pico-sdk/src/rp2_common/hardware_flash/flash.c.o
 .bss.claimed   0x0000000020000824        0x4 CMakeFiles/app.dir/home/kasper/pico-sdk/src/rp2_common/hardware_sync/sync.c.o
 .bss.claimed   0x0000000020000828        0x1 CMakeFiles/app.dir/home/kasper/pico-sdk/src/rp2_common/hardware_timer/timer.c.o
 *fill*         0x0000000020000829        0x3 
 .bss.configured_freq
                0x000000002000082c       0x28 CMakeFiles/app.dir/home/kasper/pico-sdk/src/rp2_common/hardware_clocks/clocks.c.o
 .bss.drivers   0x0000000020000854        0x4 CMakeFiles/app.dir/home/kasper/pico-sdk/src/rp2_common/pico_stdio/stdio.c.o
 .bss.filter    0x0000000020000858        0x4 CMakeFiles/app.dir/home/kasper/pico-sdk/src/rp2_common/pico_stdio/stdio.c.o
 .bss.lazy_vsnprintf
                0x000000002000085c        0x4 CMakeFiles/app.dir/home/kasper/pico-sdk/src/rp2_common/pico_printf/printf.c.o
 .bss.pools     0x0000000020000860       0x10 CMakeFiles/app.dir/home/kasper/pico-sdk/src/common/pico_time/time.c.o
 .bss.pxCurrentTCBs
                0x0000000020000870        0x8 CMakeFiles/app.dir/lib/FreeRTOS-Kernel/tasks.c.o
                0x0000000020000870                pxCurrentTCBs
 .bss.pxCurrentTimerList
                0x0000000020000878        0x4 CMakeFiles/app.dir/lib/FreeRTOS-Kernel/timers.c.o
 .bss.pxDelayedTaskList
                0x000000002000087c        0x4 CMakeFiles/app.dir/lib/FreeRTOS-Kernel/tasks.c.o
 .bss.pxEnd     0x0000000020000880        0x4 CMakeFiles/app.dir/lib/FreeRTOS-Kernel/portable/MemMang/heap_4.c.o
 .bss.pxOverflowDelayedTaskList
                0x0000000020000884        0x4 CMakeFiles/app.dir/lib/FreeRTOS-Kernel/tasks.c.o
 .bss.pxOverflowTimerList
                0x0000000020000888        0x4 CMakeFiles/app.dir/lib/FreeRTOS-Kernel/timers.c.o
 .bss.pxReadyTasksLists
                0x000000002000088c      0x280 CMakeFiles/app.dir/lib/FreeRTOS-Kernel/tasks.c.o
 .bss.pxYieldSpinLock
                0x0000000020000b0c        0x8 CMakeFiles/app.dir/lib/FreeRTOS-Kernel/portable/ThirdParty/GCC/RP2040/port.c.o
 .bss.retrieved_id
                0x0000000020000b14        0x8 CMakeFiles/app.dir/home/kasper/pico-sdk/src/rp2_common/pico_unique_id/unique_id.c.o
 .bss.sf_clz_func
                0x0000000020000b1c        0x4 CMakeFiles/app.dir/home/kasper/pico-sdk/src/rp2_common/pico_double/double_init_rom_rp2040.c.o
                0x0000000020000b1c                sf_clz_func
 .bss.sleep_notifier
                0x0000000020000b20        0x4 CMakeFiles/app.dir/home/kasper/pico-sdk/src/common/pico_time/time.c.o
 .bss.ucHeap    0x0000000020000b24    0x20000 CMakeFiles/app.dir/lib/FreeRTOS-Kernel/portable/MemMang/heap_4.c.o
 .bss.ucOwnedByCore.1
                0x0000000020020b24        0x2 CMakeFiles/app.dir/lib/FreeRTOS-Kernel/tasks.c.o
 *fill*         0x0000000020020b26        0x2 
 .bss.ucRecursionCountByLock.0
                0x0000000020020b28        0x2 CMakeFiles/app.dir/lib/FreeRTOS-Kernel/tasks.c.o
 *fill*         0x0000000020020b2a        0x2 
 .bss.ulYieldSpinLockSaveValue
                0x0000000020020b2c        0x8 CMakeFiles/app.dir/lib/FreeRTOS-Kernel/portable/ThirdParty/GCC/RP2040/port.c.o
 .bss.uxCurrentNumberOfTasks
                0x0000000020020b34        0x4 CMakeFiles/app.dir/lib/FreeRTOS-Kernel/tasks.c.o
 .bss.uxDeletedTasksWaitingCleanUp
                0x0000000020020b38        0x4 CMakeFiles/app.dir/lib/FreeRTOS-Kernel/tasks.c.o
 .bss.uxSchedulerSuspended
                0x0000000020020b3c        0x4 CMakeFiles/app.dir/lib/FreeRTOS-Kernel/tasks.c.o
 .bss.uxTaskNumber
                0x0000000020020b40        0x4 CMakeFiles/app.dir/lib/FreeRTOS-Kernel/tasks.c.o
 .bss.uxTopReadyPriority
                0x0000000020020b44        0x4 CMakeFiles/app.dir/lib/FreeRTOS-Kernel/tasks.c.o
 .bss.xActiveTimerList1
                0x0000000020020b48       0x14 CMakeFiles/app.dir/lib/FreeRTOS-Kernel/timers.c.o
 .bss.xActiveTimerList2
                0x0000000020020b5c       0x14 CMakeFiles/app.dir/lib/FreeRTOS-Kernel/timers.c.o
 .bss.xBlockAllocatedBit
                0x0000000020020b70        0x4 CMakeFiles/app.dir/lib/FreeRTOS-Kernel/portable/MemMang/heap_4.c.o
 .bss.xDelayedTaskList1
                0x0000000020020b74       0x14 CMakeFiles/app.dir/lib/FreeRTOS-Kernel/tasks.c.o
 .bss.xDelayedTaskList2
                0x0000000020020b88       0x14 CMakeFiles/app.dir/lib/FreeRTOS-Kernel/tasks.c.o
 .bss.xEventGroup
                0x0000000020020b9c        0x4 CMakeFiles/app.dir/lib/FreeRTOS-Kernel/portable/ThirdParty/GCC/RP2040/port.c.o
 .bss.xFreeBytesRemaining
                0x0000000020020ba0        0x4 CMakeFiles/app.dir/lib/FreeRTOS-Kernel/portable/MemMang/heap_4.c.o
 .bss.xIdleTaskHandle
                0x0000000020020ba4        0x8 CMakeFiles/app.dir/lib/FreeRTOS-Kernel/tasks.c.o
 .bss.xLastTime.0
                0x0000000020020bac        0x4 CMakeFiles/app.dir/lib/FreeRTOS-Kernel/timers.c.o
 .bss.xMinimumEverFreeBytesRemaining
                0x0000000020020bb0        0x4 CMakeFiles/app.dir/lib/FreeRTOS-Kernel/portable/MemMang/heap_4.c.o
 .bss.xNextTaskUnblockTime
                0x0000000020020bb4        0x4 CMakeFiles/app.dir/lib/FreeRTOS-Kernel/tasks.c.o
 .bss.xNumOfOverflows
                0x0000000020020bb8        0x4 CMakeFiles/app.dir/lib/FreeRTOS-Kernel/tasks.c.o
 .bss.xNumberOfSuccessfulAllocations
                0x0000000020020bbc        0x4 CMakeFiles/app.dir/lib/FreeRTOS-Kernel/portable/MemMang/heap_4.c.o
 .bss.xNumberOfSuccessfulFrees
                0x0000000020020bc0        0x4 CMakeFiles/app.dir/lib/FreeRTOS-Kernel/portable/MemMang/heap_4.c.o
 .bss.xPendedTicks
                0x0000000020020bc4        0x4 CMakeFiles/app.dir/lib/FreeRTOS-Kernel/tasks.c.o
 .bss.xPendingReadyList
                0x0000000020020bc8       0x14 CMakeFiles/app.dir/lib/FreeRTOS-Kernel/tasks.c.o
 .bss.xSchedulerRunning
                0x0000000020020bdc        0x4 CMakeFiles/app.dir/lib/FreeRTOS-Kernel/tasks.c.o
 .bss.xStart    0x0000000020020be0        0x8 CMakeFiles/app.dir/lib/FreeRTOS-Kernel/portable/MemMang/heap_4.c.o
 .bss.xSuspendedTaskList
                0x0000000020020be8       0x14 CMakeFiles/app.dir/lib/FreeRTOS-Kernel/tasks.c.o
 .bss.xTasksWaitingTermination
                0x0000000020020bfc       0x14 CMakeFiles/app.dir/lib/FreeRTOS-Kernel/tasks.c.o
 .bss.xTickCount
                0x0000000020020c10        0x4 CMakeFiles/app.dir/lib/FreeRTOS-Kernel/tasks.c.o
 .bss.xTimerQueue
                0x0000000020020c14        0x4 CMakeFiles/app.dir/lib/FreeRTOS-Kernel/timers.c.o
 .bss.xTimerTaskHandle
                0x0000000020020c18        0x4 CMakeFiles/app.dir/lib/FreeRTOS-Kernel/timers.c.o
 .bss.xYieldPendings
                0x0000000020020c1c        0x8 CMakeFiles/app.dir/lib/FreeRTOS-Kernel/tasks.c.o
 .bss.boot2_copyout_valid
                0x0000000020020c24        0x1 CMakeFiles/app.dir/home/kasper/pico-sdk/src/rp2_common/hardware_flash/flash.c.o
 *(COMMON)
                0x0000000020020c28                . = ALIGN (0x4)
 *fill*         0x0000000020020c25        0x3 
                0x0000000020020c28                __bss_end__ = .

.heap           0x0000000020020c28      0x800 load address 0x0000000010005434
                0x0000000020020c28                __end__ = .
                0x0000000020020c28                end = __end__
 *(.heap*)
 .heap          0x0000000020020c28      0x800 CMakeFiles/app.dir/home/kasper/pico-sdk/src/rp2_common/pico_crt0/crt0.S.o
                0x0000000020040000                __HeapLimit = (ORIGIN (RAM) + LENGTH (RAM))

.scratch_x      0x0000000020040000        0x0 load address 0x0000000010005434
                0x0000000020040000                __scratch_x_start__ = .
 *(.scratch_x.*)
                0x0000000020040000                . = ALIGN (0x4)
                0x0000000020040000                __scratch_x_end__ = .
                0x0000000010005434                __scratch_x_source__ = LOADADDR (.scratch_x)

.scratch_y      0x0000000020041000        0x0 load address 0x0000000010005434
                0x0000000020041000                __scratch_y_start__ = .
 *(.scratch_y.*)
                0x0000000020041000                . = ALIGN (0x4)
                0x0000000020041000                __scratch_y_end__ = .
                0x0000000010005434                __scratch_y_source__ = LOADADDR (.scratch_y)

.stack1_dummy   0x0000000020040000      0x800
 *(.stack1*)
 .stack1        0x0000000020040000      0x800 CMakeFiles/app.dir/home/kasper/pico-sdk/src/rp2_common/pico_multicore/multicore.c.o

.stack_dummy    0x0000000020041000      0x800
 *(.stack*)
 .stack         0x0000000020041000      0x800 CMakeFiles/app.dir/home/kasper/pico-sdk/src/rp2_common/pico_crt0/crt0.S.o

.flash_end      0x0000000010005434        0x0
 *(.embedded_end_block*)
                0x0000000010005434                PROVIDE (__flash_binary_end = .)
                0x0000000020040000                __StackLimit = (ORIGIN (RAM) + LENGTH (RAM))
                0x0000000020041000                __StackOneTop = (ORIGIN (SCRATCH_X) + LENGTH (SCRATCH_X))
                0x0000000020042000                __StackTop = (ORIGIN (SCRATCH_Y) + LENGTH (SCRATCH_Y))
                0x0000000020040800                __StackOneBottom = (__StackOneTop - SIZEOF (.stack1_dummy))
                0x0000000020041800                __StackBottom = (__StackTop - SIZEOF (.stack_dummy))
                0x0000000020042000                PROVIDE (__stack = __StackTop)
                [!provide]                        PROVIDE (__heap_start = __end__)
                [!provide]                        PROVIDE (__heap_end = __HeapLimit)
                [!provide]                        PROVIDE (__tls_align = MAX (ALIGNOF (.tdata), ALIGNOF (.tbss)))
                [!provide]                        PROVIDE (__tls_size_align = (((__tls_size + __tls_align) - 0x1) & ~ ((__tls_align - 0x1))))
                [!provide]                        PROVIDE (__arm32_tls_tcb_offset = MAX (0x8, __tls_align))
                [!provide]                        PROVIDE (_end = __end__)
                [!provide]                        PROVIDE (__llvm_libc_heap_limit = __HeapLimit)
                0x0000000000000001                ASSERT ((__StackLimit >= __HeapLimit), region RAM overflowed)
                0x0000000000000001                ASSERT (((__binary_info_header_end - __logical_binary_start) <= 0x100), Binary info must be in first 256 bytes of the binary)
LOAD CMakeFiles/app.dir/src/main.c.o
LOAD CMakeFiles/app.dir/home/kasper/pico-sdk/src/rp2_common/pico_stdlib/stdlib.c.o
LOAD CMakeFiles/app.dir/home/kasper/pico-sdk/src/rp2_common/hardware_gpio/gpio.c.o
LOAD CMakeFiles/app.dir/home/kasper/pico-sdk/src/rp2040/pico_platform/platform.c.o
LOAD CMakeFiles/app.dir/home/kasper/pico-sdk/src/rp2_common/pico_platform_panic/panic.c.o
LOAD CMakeFiles/app.dir/home/kasper/pico-sdk/src/common/hardware_claim/claim.c.o
LOAD CMakeFiles/app.dir/home/kasper/pico-sdk/src/rp2_common/hardware_sync/sync.c.o
LOAD CMakeFiles/app.dir/home/kasper/pico-sdk/src/rp2_common/hardware_sync_spin_lock/sync_spin_lock.c.o
LOAD CMakeFiles/app.dir/home/kasper/pico-sdk/src/rp2_common/hardware_irq/irq.c.o
LOAD CMakeFiles/app.dir/home/kasper/pico-sdk/src/rp2_common/hardware_irq/irq_handler_chain.S.o
LOAD CMakeFiles/app.dir/home/kasper/pico-sdk/src/common/pico_sync/sem.c.o
LOAD CMakeFiles/app.dir/home/kasper/pico-sdk/src/common/pico_sync/lock_core.c.o
LOAD CMakeFiles/app.dir/home/kasper/pico-sdk/src/common/pico_sync/mutex.c.o
LOAD CMakeFiles/app.dir/home/kasper/pico-sdk/src/common/pico_sync/critical_section.c.o
LOAD CMakeFiles/app.dir/home/kasper/pico-sdk/src/common/pico_time/time.c.o
LOAD CMakeFiles/app.dir/home/kasper/pico-sdk/src/common/pico_time/timeout_helper.c.o
LOAD CMakeFiles/app.dir/home/kasper/pico-sdk/src/rp2_common/hardware_timer/timer.c.o
LOAD CMakeFiles/app.dir/home/kasper/pico-sdk/src/common/pico_util/datetime.c.o
LOAD CMakeFiles/app.dir/home/kasper/pico-sdk/src/common/pico_util/pheap.c.o
LOAD CMakeFiles/app.dir/home/kasper/pico-sdk/src/common/pico_util/queue.c.o
LOAD CMakeFiles/app.dir/home/kasper/pico-sdk/src/rp2_common/hardware_uart/uart.c.o
LOAD CMakeFiles/app.dir/home/kasper/pico-sdk/src/rp2_common/hardware_clocks/clocks.c.o
LOAD CMakeFiles/app.dir/home/kasper/pico-sdk/src/rp2_common/hardware_pll/pll.c.o
LOAD CMakeFiles/app.dir/home/kasper/pico-sdk/src/rp2_common/hardware_vreg/vreg.c.o
LOAD CMakeFiles/app.dir/home/kasper/pico-sdk/src/rp2_common/hardware_watchdog/watchdog.c.o
LOAD CMakeFiles/app.dir/home/kasper/pico-sdk/src/rp2_common/hardware_ticks/ticks.c.o
LOAD CMakeFiles/app.dir/home/kasper/pico-sdk/src/rp2_common/pico_bootrom/bootrom.c.o
LOAD CMakeFiles/app.dir/home/kasper/pico-sdk/src/rp2_common/pico_bootrom/bootrom_lock.c.o
LOAD CMakeFiles/app.dir/home/kasper/pico-sdk/src/rp2_common/hardware_boot_lock/boot_lock.c.o
LOAD CMakeFiles/app.dir/home/kasper/pico-sdk/src/rp2_common/pico_flash/flash.c.o
LOAD CMakeFiles/app.dir/home/kasper/pico-sdk/src/rp2_common/hardware_xosc/xosc.c.o
LOAD CMakeFiles/app.dir/home/kasper/pico-sdk/src/rp2_common/hardware_divider/divider.S.o
LOAD CMakeFiles/app.dir/home/kasper/pico-sdk/src/rp2_common/pico_runtime/runtime.c.o
LOAD CMakeFiles/app.dir/home/kasper/pico-sdk/src/rp2_common/pico_runtime_init/runtime_init.c.o
LOAD CMakeFiles/app.dir/home/kasper/pico-sdk/src/rp2_common/pico_runtime_init/runtime_init_clocks.c.o
LOAD CMakeFiles/app.dir/home/kasper/pico-sdk/src/rp2_common/pico_runtime_init/runtime_init_stack_guard.c.o
LOAD CMakeFiles/app.dir/home/kasper/pico-sdk/src/rp2_common/pico_bit_ops/bit_ops_aeabi.S.o
LOAD CMakeFiles/app.dir/home/kasper/pico-sdk/src/rp2_common/pico_divider/divider_hardware.S.o
LOAD CMakeFiles/app.dir/home/kasper/pico-sdk/src/rp2_common/pico_double/double_aeabi_rp2040.S.o
LOAD CMakeFiles/app.dir/home/kasper/pico-sdk/src/rp2_common/pico_double/double_init_rom_rp2040.c.o
LOAD CMakeFiles/app.dir/home/kasper/pico-sdk/src/rp2_common/pico_double/double_math.c.o
LOAD CMakeFiles/app.dir/home/kasper/pico-sdk/src/rp2_common/pico_double/double_v1_rom_shim_rp2040.S.o
LOAD CMakeFiles/app.dir/home/kasper/pico-sdk/src/rp2_common/pico_int64_ops/pico_int64_ops_aeabi.S.o
LOAD CMakeFiles/app.dir/home/kasper/pico-sdk/src/rp2_common/pico_float/float_aeabi_rp2040.S.o
LOAD CMakeFiles/app.dir/home/kasper/pico-sdk/src/rp2_common/pico_float/float_init_rom_rp2040.c.o
LOAD CMakeFiles/app.dir/home/kasper/pico-sdk/src/rp2_common/pico_float/float_math.c.o
LOAD CMakeFiles/app.dir/home/kasper/pico-sdk/src/rp2_common/pico_float/float_v1_rom_shim_rp2040.S.o
LOAD CMakeFiles/app.dir/home/kasper/pico-sdk/src/rp2_common/pico_malloc/malloc.c.o
LOAD CMakeFiles/app.dir/home/kasper/pico-sdk/src/rp2_common/pico_mem_ops/mem_ops_aeabi.S.o
LOAD CMakeFiles/app.dir/home/kasper/pico-sdk/src/rp2_common/pico_atomic/atomic.c.o
LOAD CMakeFiles/app.dir/home/kasper/pico-sdk/src/rp2_common/pico_cxx_options/new_delete.cpp.o
LOAD CMakeFiles/app.dir/home/kasper/pico-sdk/src/rp2_common/pico_standard_binary_info/standard_binary_info.c.o
LOAD CMakeFiles/app.dir/home/kasper/pico-sdk/src/rp2_common/pico_printf/printf.c.o
LOAD CMakeFiles/app.dir/home/kasper/pico-sdk/src/rp2_common/pico_crt0/crt0.S.o
LOAD CMakeFiles/app.dir/home/kasper/pico-sdk/src/rp2_common/pico_clib_interface/newlib_interface.c.o
LOAD CMakeFiles/app.dir/home/kasper/pico-sdk/src/rp2_common/pico_stdio/stdio.c.o
LOAD CMakeFiles/app.dir/home/kasper/pico-sdk/src/rp2_common/pico_stdio_usb/reset_interface.c.o
LOAD CMakeFiles/app.dir/home/kasper/pico-sdk/src/rp2_common/pico_stdio_usb/stdio_usb.c.o
LOAD CMakeFiles/app.dir/home/kasper/pico-sdk/src/rp2_common/pico_stdio_usb/stdio_usb_descriptors.c.o
LOAD CMakeFiles/app.dir/home/kasper/pico-sdk/src/rp2_common/pico_unique_id/unique_id.c.o
LOAD CMakeFiles/app.dir/home/kasper/pico-sdk/src/rp2_common/hardware_flash/flash.c.o
LOAD CMakeFiles/app.dir/home/kasper/pico-sdk/src/rp2_common/hardware_xip_cache/xip_cache.c.o
LOAD CMakeFiles/app.dir/home/kasper/pico-sdk/lib/tinyusb/src/portable/raspberrypi/rp2040/dcd_rp2040.c.o
LOAD CMakeFiles/app.dir/home/kasper/pico-sdk/lib/tinyusb/src/portable/raspberrypi/rp2040/rp2040_usb.c.o
LOAD CMakeFiles/app.dir/home/kasper/pico-sdk/lib/tinyusb/src/device/usbd.c.o
LOAD CMakeFiles/app.dir/home/kasper/pico-sdk/lib/tinyusb/src/device/usbd_control.c.o
LOAD CMakeFiles/app.dir/home/kasper/pico-sdk/lib/tinyusb/src/class/audio/audio_device.c.o
LOAD CMakeFiles/app.dir/home/kasper/pico-sdk/lib/tinyusb/src/class/cdc/cdc_device.c.o
LOAD CMakeFiles/app.dir/home/kasper/pico-sdk/lib/tinyusb/src/class/dfu/dfu_device.c.o
LOAD CMakeFiles/app.dir/home/kasper/pico-sdk/lib/tinyusb/src/class/dfu/dfu_rt_device.c.o
LOAD CMakeFiles/app.dir/home/kasper/pico-sdk/lib/tinyusb/src/class/hid/hid_device.c.o
LOAD CMakeFiles/app.dir/home/kasper/pico-sdk/lib/tinyusb/src/class/midi/midi_device.c.o
LOAD CMakeFiles/app.dir/home/kasper/pico-sdk/lib/tinyusb/src/class/msc/msc_device.c.o
LOAD CMakeFiles/app.dir/home/kasper/pico-sdk/lib/tinyusb/src/class/net/ecm_rndis_device.c.o
LOAD CMakeFiles/app.dir/home/kasper/pico-sdk/lib/tinyusb/src/class/net/ncm_device.c.o
LOAD CMakeFiles/app.dir/home/kasper/pico-sdk/lib/tinyusb/src/class/usbtmc/usbtmc_device.c.o
LOAD CMakeFiles/app.dir/home/kasper/pico-sdk/lib/tinyusb/src/class/vendor/vendor_device.c.o
LOAD CMakeFiles/app.dir/home/kasper/pico-sdk/lib/tinyusb/src/class/video/video_device.c.o
LOAD CMakeFiles/app.dir/home/kasper/pico-sdk/lib/tinyusb/src/tusb.c.o
LOAD CMakeFiles/app.dir/home/kasper/pico-sdk/lib/tinyusb/src/common/tusb_fifo.c.o
LOAD CMakeFiles/app.dir/home/kasper/pico-sdk/src/rp2_common/pico_fix/rp2040_usb_device_enumeration/rp2040_usb_device_enumeration.c.o
LOAD CMakeFiles/app.dir/lib/FreeRTOS-Kernel/portable/ThirdParty/GCC/RP2040/port.c.o
LOAD CMakeFiles/app.dir/lib/FreeRTOS-Kernel/croutine.c.o
LOAD CMakeFiles/app.dir/lib/FreeRTOS-Kernel/event_groups.c.o
LOAD CMakeFiles/app.dir/lib/FreeRTOS-Kernel/list.c.o
LOAD CMakeFiles/app.dir/lib/FreeRTOS-Kernel/queue.c.o
LOAD CMakeFiles/app.dir/lib/FreeRTOS-Kernel/stream_buffer.c.o
LOAD CMakeFiles/app.dir/lib/FreeRTOS-Kernel/tasks.c.o
LOAD CMakeFiles/app.dir/lib/FreeRTOS-Kernel/timers.c.o
LOAD CMakeFiles/app.dir/home/kasper/pico-sdk/src/rp2_common/hardware_exception/exception.c.o
LOAD CMakeFiles/app.dir/home/kasper/pico-sdk/src/rp2_common/pico_multicore/multicore.c.o
LOAD CMakeFiles/app.dir/lib/FreeRTOS-Kernel/portable/MemMang/heap_4.c.o
LOAD CMakeFiles/app.dir/home/kasper/pico-sdk/lib/tinyusb/hw/bsp/rp2040/family.c.o
LOAD pico-sdk/src/rp2040/boot_stage2/CMakeFiles/bs2_default_library.dir/bs2_default_padded_checksummed.S.o
LOAD /usr/lib/gcc/arm-none-eabi/10.3.1/../../../arm-none-eabi/lib/thumb/v6-m/nofp/libstdc++.a
LOAD /usr/lib/gcc/arm-none-eabi/10.3.1/../../../arm-none-eabi/lib/thumb/v6-m/nofp/libm.a
START GROUP
LOAD /usr/lib/gcc/arm-none-eabi/10.3.1/thumb/v6-m/nofp/libgcc.a
LOAD /usr/lib/gcc/arm-none-eabi/10.3.1/../../../arm-none-eabi/lib/thumb/v6-m/nofp/libg.a
LOAD /usr/lib/gcc/arm-none-eabi/10.3.1/../../../arm-none-eabi/lib/thumb/v6-m/nofp/libc.a
END GROUP
START GROUP
LOAD /usr/lib/gcc/arm-none-eabi/10.3.1/thumb/v6-m/nofp/libgcc.a
LOAD /usr/lib/gcc/arm-none-eabi/10.3.1/../../../arm-none-eabi/lib/thumb/v6-m/nofp/libc.a
LOAD /usr/lib/gcc/arm-none-eabi/10.3.1/../../../arm-none-eabi/lib/thumb/v6-m/nofp/libnosys.a
END GROUP
LOAD /usr/lib/gcc/arm-none-eabi/10.3.1/thumb/v6-m/nofp/crtend.o
LOAD /usr/lib/gcc/arm-none-eabi/10.3.1/thumb/v6-m/nofp/crtn.o
OUTPUT(app.elf elf32-littlearm)
LOAD linker stubs

.ARM.attributes
                0x0000000000000000       0x28
 .ARM.attributes
                0x0000000000000000       0x1e /usr/lib/gcc/arm-none-eabi/10.3.1/thumb/v6-m/nofp/crti.o
 .ARM.attributes
                0x000000000000001e       0x2c /usr/lib/gcc/arm-none-eabi/10.3.1/thumb/v6-m/nofp/crtbegin.o
 .ARM.attributes
                0x000000000000004a       0x2c CMakeFiles/app.dir/src/main.c.o
 .ARM.attributes
                0x0000000000000076       0x2c CMakeFiles/app.dir/home/kasper/pico-sdk/src/rp2_common/hardware_gpio/gpio.c.o
 .ARM.attributes
                0x00000000000000a2       0x2c CMakeFiles/app.dir/home/kasper/pico-sdk/src/rp2_common/pico_platform_panic/panic.c.o
 .ARM.attributes
                0x00000000000000ce       0x2c CMakeFiles/app.dir/home/kasper/pico-sdk/src/common/hardware_claim/claim.c.o
 .ARM.attributes
                0x00000000000000fa       0x2c CMakeFiles/app.dir/home/kasper/pico-sdk/src/rp2_common/hardware_sync/sync.c.o
 .ARM.attributes
                0x0000000000000126       0x2c CMakeFiles/app.dir/home/kasper/pico-sdk/src/rp2_common/hardware_sync_spin_lock/sync_spin_lock.c.o
 .ARM.attributes
                0x0000000000000152       0x2c CMakeFiles/app.dir/home/kasper/pico-sdk/src/rp2_common/hardware_irq/irq.c.o
 .ARM.attributes
                0x000000000000017e       0x2c CMakeFiles/app.dir/home/kasper/pico-sdk/src/common/pico_sync/lock_core.c.o
 .ARM.attributes
                0x00000000000001aa       0x2c CMakeFiles/app.dir/home/kasper/pico-sdk/src/common/pico_sync/mutex.c.o
 .ARM.attributes
                0x00000000000001d6       0x2c CMakeFiles/app.dir/home/kasper/pico-sdk/src/common/pico_time/time.c.o
 .ARM.attributes
                0x0000000000000202       0x2c CMakeFiles/app.dir/home/kasper/pico-sdk/src/rp2_common/hardware_timer/timer.c.o
 .ARM.attributes
                0x000000000000022e       0x2c CMakeFiles/app.dir/home/kasper/pico-sdk/src/rp2_common/hardware_clocks/clocks.c.o
 .ARM.attributes
                0x000000000000025a       0x2c CMakeFiles/app.dir/home/kasper/pico-sdk/src/rp2_common/hardware_pll/pll.c.o
 .ARM.attributes
                0x0000000000000286       0x2c CMakeFiles/app.dir/home/kasper/pico-sdk/src/rp2_common/hardware_ticks/ticks.c.o
 .ARM.attributes
                0x00000000000002b2       0x2c CMakeFiles/app.dir/home/kasper/pico-sdk/src/rp2_common/pico_bootrom/bootrom.c.o
 .ARM.attributes
                0x00000000000002de       0x2c CMakeFiles/app.dir/home/kasper/pico-sdk/src/rp2_common/hardware_xosc/xosc.c.o
 .ARM.attributes
                0x000000000000030a       0x2c CMakeFiles/app.dir/home/kasper/pico-sdk/src/rp2_common/pico_runtime/runtime.c.o
 .ARM.attributes
                0x0000000000000336       0x2c CMakeFiles/app.dir/home/kasper/pico-sdk/src/rp2_common/pico_runtime_init/runtime_init.c.o
 .ARM.attributes
                0x0000000000000362       0x2c CMakeFiles/app.dir/home/kasper/pico-sdk/src/rp2_common/pico_runtime_init/runtime_init_clocks.c.o
 .ARM.attributes
                0x000000000000038e       0x22 CMakeFiles/app.dir/home/kasper/pico-sdk/src/rp2_common/pico_bit_ops/bit_ops_aeabi.S.o
 .ARM.attributes
                0x00000000000003b0       0x22 CMakeFiles/app.dir/home/kasper/pico-sdk/src/rp2_common/pico_divider/divider_hardware.S.o
 .ARM.attributes
                0x00000000000003d2       0x22 CMakeFiles/app.dir/home/kasper/pico-sdk/src/rp2_common/pico_double/double_aeabi_rp2040.S.o
 .ARM.attributes
                0x00000000000003f4       0x2c CMakeFiles/app.dir/home/kasper/pico-sdk/src/rp2_common/pico_double/double_init_rom_rp2040.c.o
 .ARM.attributes
                0x0000000000000420       0x22 CMakeFiles/app.dir/home/kasper/pico-sdk/src/rp2_common/pico_double/double_v1_rom_shim_rp2040.S.o
 .ARM.attributes
                0x0000000000000442       0x22 CMakeFiles/app.dir/home/kasper/pico-sdk/src/rp2_common/pico_float/float_aeabi_rp2040.S.o
 .ARM.attributes
                0x0000000000000464       0x2c CMakeFiles/app.dir/home/kasper/pico-sdk/src/rp2_common/pico_float/float_init_rom_rp2040.c.o
 .ARM.attributes
                0x0000000000000490       0x22 CMakeFiles/app.dir/home/kasper/pico-sdk/src/rp2_common/pico_float/float_v1_rom_shim_rp2040.S.o
 .ARM.attributes
                0x00000000000004b2       0x2c CMakeFiles/app.dir/home/kasper/pico-sdk/src/rp2_common/pico_malloc/malloc.c.o
 .ARM.attributes
                0x00000000000004de       0x22 CMakeFiles/app.dir/home/kasper/pico-sdk/src/rp2_common/pico_mem_ops/mem_ops_aeabi.S.o
 .ARM.attributes
                0x0000000000000500       0x32 CMakeFiles/app.dir/home/kasper/pico-sdk/src/rp2_common/pico_standard_binary_info/standard_binary_info.c.o
 .ARM.attributes
                0x0000000000000532       0x2c CMakeFiles/app.dir/home/kasper/pico-sdk/src/rp2_common/pico_printf/printf.c.o
 .ARM.attributes
                0x000000000000055e       0x22 CMakeFiles/app.dir/home/kasper/pico-sdk/src/rp2_common/pico_crt0/crt0.S.o
 .ARM.attributes
                0x0000000000000580       0x2c CMakeFiles/app.dir/home/kasper/pico-sdk/src/rp2_common/pico_clib_interface/newlib_interface.c.o
 .ARM.attributes
                0x00000000000005ac       0x2c CMakeFiles/app.dir/home/kasper/pico-sdk/src/rp2_common/pico_stdio/stdio.c.o
 .ARM.attributes
                0x00000000000005d8       0x2c CMakeFiles/app.dir/home/kasper/pico-sdk/src/rp2_common/pico_unique_id/unique_id.c.o
 .ARM.attributes
                0x0000000000000604       0x2c CMakeFiles/app.dir/home/kasper/pico-sdk/src/rp2_common/hardware_flash/flash.c.o
 .ARM.attributes
                0x0000000000000630       0x2c CMakeFiles/app.dir/lib/FreeRTOS-Kernel/portable/ThirdParty/GCC/RP2040/port.c.o
 .ARM.attributes
                0x000000000000065c       0x2c CMakeFiles/app.dir/lib/FreeRTOS-Kernel/event_groups.c.o
 .ARM.attributes
                0x0000000000000688       0x2c CMakeFiles/app.dir/lib/FreeRTOS-Kernel/list.c.o
 .ARM.attributes
                0x00000000000006b4       0x2c CMakeFiles/app.dir/lib/FreeRTOS-Kernel/queue.c.o
 .ARM.attributes
                0x00000000000006e0       0x2c CMakeFiles/app.dir/lib/FreeRTOS-Kernel/tasks.c.o
 .ARM.attributes
                0x000000000000070c       0x2c CMakeFiles/app.dir/lib/FreeRTOS-Kernel/timers.c.o
 .ARM.attributes
                0x0000000000000738       0x2c CMakeFiles/app.dir/home/kasper/pico-sdk/src/rp2_common/hardware_exception/exception.c.o
 .ARM.attributes
                0x0000000000000764       0x2c CMakeFiles/app.dir/home/kasper/pico-sdk/src/rp2_common/pico_multicore/multicore.c.o
 .ARM.attributes
                0x0000000000000790       0x2c CMakeFiles/app.dir/lib/FreeRTOS-Kernel/portable/MemMang/heap_4.c.o
 .ARM.attributes
                0x00000000000007bc       0x2c CMakeFiles/app.dir/home/kasper/pico-sdk/lib/tinyusb/hw/bsp/rp2040/family.c.o
 .ARM.attributes
                0x00000000000007e8       0x22 pico-sdk/src/rp2040/boot_stage2/CMakeFiles/bs2_default_library.dir/bs2_default_padded_checksummed.S.o
 .ARM.attributes
                0x000000000000080a       0x1e /usr/lib/gcc/arm-none-eabi/10.3.1/thumb/v6-m/nofp/libgcc.a(_dvmd_tls.o)
 .ARM.attributes
                0x0000000000000828       0x2c /usr/lib/gcc/arm-none-eabi/10.3.1/../../../arm-none-eabi/lib/thumb/v6-m/nofp/libg.a(lib_a-strlen-stub.o)
 .ARM.attributes
                0x0000000000000854       0x2c /usr/lib/gcc/arm-none-eabi/10.3.1/thumb/v6-m/nofp/crtend.o

.comment        0x0000000000000000       0x33
 .comment       0x0000000000000000       0x33 /usr/lib/gcc/arm-none-eabi/10.3.1/thumb/v6-m/nofp/crtbegin.o
                                         0x34 (size before relaxing)
 .comment       0x0000000000000033       0x34 CMakeFiles/app.dir/src/main.c.o
 .comment       0x0000000000000033       0x34 CMakeFiles/app.dir/home/kasper/pico-sdk/src/rp2_common/hardware_gpio/gpio.c.o
 .comment       0x0000000000000033       0x34 CMakeFiles/app.dir/home/kasper/pico-sdk/src/rp2_common/pico_platform_panic/panic.c.o
 .comment       0x0000000000000033       0x34 CMakeFiles/app.dir/home/kasper/pico-sdk/src/common/hardware_claim/claim.c.o
 .comment       0x0000000000000033       0x34 CMakeFiles/app.dir/home/kasper/pico-sdk/src/rp2_common/hardware_sync/sync.c.o
 .comment       0x0000000000000033       0x34 CMakeFiles/app.dir/home/kasper/pico-sdk/src/rp2_common/hardware_sync_spin_lock/sync_spin_lock.c.o
 .comment       0x0000000000000033       0x34 CMakeFiles/app.dir/home/kasper/pico-sdk/src/rp2_common/hardware_irq/irq.c.o
 .comment       0x0000000000000033       0x34 CMakeFiles/app.dir/home/kasper/pico-sdk/src/common/pico_sync/lock_core.c.o
 .comment       0x0000000000000033       0x34 CMakeFiles/app.dir/home/kasper/pico-sdk/src/common/pico_sync/mutex.c.o
 .comment       0x0000000000000033       0x34 CMakeFiles/app.dir/home/kasper/pico-sdk/src/common/pico_time/time.c.o
 .comment       0x0000000000000033       0x34 CMakeFiles/app.dir/home/kasper/pico-sdk/src/rp2_common/hardware_timer/timer.c.o
 .comment       0x0000000000000033       0x34 CMakeFiles/app.dir/home/kasper/pico-sdk/src/rp2_common/hardware_clocks/clocks.c.o
 .comment       0x0000000000000033       0x34 CMakeFiles/app.dir/home/kasper/pico-sdk/src/rp2_common/hardware_pll/pll.c.o
 .comment       0x0000000000000033       0x34 CMakeFiles/app.dir/home/kasper/pico-sdk/src/rp2_common/hardware_ticks/ticks.c.o
 .comment       0x0000000000000033       0x34 CMakeFiles/app.dir/home/kasper/pico-sdk/src/rp2_common/pico_bootrom/bootrom.c.o
 .comment       0x0000000000000033       0x34 CMakeFiles/app.dir/home/kasper/pico-sdk/src/rp2_common/hardware_xosc/xosc.c.o
 .comment       0x0000000000000033       0x34 CMakeFiles/app.dir/home/kasper/pico-sdk/src/rp2_common/pico_runtime/runtime.c.o
 .comment       0x0000000000000033       0x34 CMakeFiles/app.dir/home/kasper/pico-sdk/src/rp2_common/pico_runtime_init/runtime_init.c.o
 .comment       0x0000000000000033       0x34 CMakeFiles/app.dir/home/kasper/pico-sdk/src/rp2_common/pico_runtime_init/runtime_init_clocks.c.o
 .comment       0x0000000000000033       0x34 CMakeFiles/app.dir/home/kasper/pico-sdk/src/rp2_common/pico_double/double_init_rom_rp2040.c.o
 .comment       0x0000000000000033       0x34 CMakeFiles/app.dir/home/kasper/pico-sdk/src/rp2_common/pico_float/float_init_rom_rp2040.c.o
 .comment       0x0000000000000033       0x34 CMakeFiles/app.dir/home/kasper/pico-sdk/src/rp2_common/pico_malloc/malloc.c.o
 .comment       0x0000000000000033       0x34 CMakeFiles/app.dir/home/kasper/pico-sdk/src/rp2_common/pico_standard_binary_info/standard_binary_info.c.o
 .comment       0x0000000000000033       0x34 CMakeFiles/app.dir/home/kasper/pico-sdk/src/rp2_common/pico_printf/printf.c.o
 .comment       0x0000000000000033       0x34 CMakeFiles/app.dir/home/kasper/pico-sdk/src/rp2_common/pico_clib_interface/newlib_interface.c.o
 .comment       0x0000000000000033       0x34 CMakeFiles/app.dir/home/kasper/pico-sdk/src/rp2_common/pico_stdio/stdio.c.o
 .comment       0x0000000000000033       0x34 CMakeFiles/app.dir/home/kasper/pico-sdk/src/rp2_common/pico_unique_id/unique_id.c.o
 .comment       0x0000000000000033       0x34 CMakeFiles/app.dir/home/kasper/pico-sdk/src/rp2_common/hardware_flash/flash.c.o
 .comment       0x0000000000000033       0x34 CMakeFiles/app.dir/lib/FreeRTOS-Kernel/portable/ThirdParty/GCC/RP2040/port.c.o
 .comment       0x0000000000000033       0x34 CMakeFiles/app.dir/lib/FreeRTOS-Kernel/event_groups.c.o
 .comment       0x0000000000000033       0x34 CMakeFiles/app.dir/lib/FreeRTOS-Kernel/list.c.o
 .comment       0x0000000000000033       0x34 CMakeFiles/app.dir/lib/FreeRTOS-Kernel/queue.c.o
 .comment       0x0000000000000033       0x34 CMakeFiles/app.dir/lib/FreeRTOS-Kernel/tasks.c.o
 .comment       0x0000000000000033       0x34 CMakeFiles/app.dir/lib/FreeRTOS-Kernel/timers.c.o
 .comment       0x0000000000000033       0x34 CMakeFiles/app.dir/home/kasper/pico-sdk/src/rp2_common/hardware_exception/exception.c.o
 .comment       0x0000000000000033       0x34 CMakeFiles/app.dir/home/kasper/pico-sdk/src/rp2_common/pico_multicore/multicore.c.o
 .comment       0x0000000000000033       0x34 CMakeFiles/app.dir/lib/FreeRTOS-Kernel/portable/MemMang/heap_4.c.o
 .comment       0x0000000000000033       0x34 CMakeFiles/app.dir/home/kasper/pico-sdk/lib/tinyusb/hw/bsp/rp2040/family.c.o
 .comment       0x0000000000000033       0x34 /usr/lib/gcc/arm-none-eabi/10.3.1/../../../arm-none-eabi/lib/thumb/v6-m/nofp/libg.a(lib_a-strlen-stub.o)
 .comment       0x0000000000000033       0x34 /usr/lib/gcc/arm-none-eabi/10.3.1/thumb/v6-m/nofp/crtend.o

.debug_info     0x0000000000000000    0x3195c
 .debug_info    0x0000000000000000      0x77d CMakeFiles/app.dir/src/main.c.o
 .debug_info    0x000000000000077d     0x24d3 CMakeFiles/app.dir/home/kasper/pico-sdk/src/rp2_common/hardware_gpio/gpio.c.o
 .debug_info    0x0000000000002c50      0x19c CMakeFiles/app.dir/home/kasper/pico-sdk/src/rp2_common/pico_platform_panic/panic.c.o
 .debug_info    0x0000000000002dec      0xa3b CMakeFiles/app.dir/home/kasper/pico-sdk/src/common/hardware_claim/claim.c.o
 .debug_info    0x0000000000003827      0x3dd CMakeFiles/app.dir/home/kasper/pico-sdk/src/rp2_common/hardware_sync/sync.c.o
 .debug_info    0x0000000000003c04      0x242 CMakeFiles/app.dir/home/kasper/pico-sdk/src/rp2_common/hardware_sync_spin_lock/sync_spin_lock.c.o
 .debug_info    0x0000000000003e46     0x2267 CMakeFiles/app.dir/home/kasper/pico-sdk/src/rp2_common/hardware_irq/irq.c.o
 .debug_info    0x00000000000060ad      0x154 CMakeFiles/app.dir/home/kasper/pico-sdk/src/common/pico_sync/lock_core.c.o
 .debug_info    0x0000000000006201     0x23c0 CMakeFiles/app.dir/home/kasper/pico-sdk/src/common/pico_sync/mutex.c.o
 .debug_info    0x00000000000085c1     0x4840 CMakeFiles/app.dir/home/kasper/pico-sdk/src/common/pico_time/time.c.o
 .debug_info    0x000000000000ce01     0x2ac4 CMakeFiles/app.dir/home/kasper/pico-sdk/src/rp2_common/hardware_timer/timer.c.o
 .debug_info    0x000000000000f8c5     0x2916 CMakeFiles/app.dir/home/kasper/pico-sdk/src/rp2_common/hardware_clocks/clocks.c.o
 .debug_info    0x00000000000121db      0x4f9 CMakeFiles/app.dir/home/kasper/pico-sdk/src/rp2_common/hardware_pll/pll.c.o
 .debug_info    0x00000000000126d4      0x242 CMakeFiles/app.dir/home/kasper/pico-sdk/src/rp2_common/hardware_ticks/ticks.c.o
 .debug_info    0x0000000000012916      0x4f2 CMakeFiles/app.dir/home/kasper/pico-sdk/src/rp2_common/pico_bootrom/bootrom.c.o
 .debug_info    0x0000000000012e08      0x1c9 CMakeFiles/app.dir/home/kasper/pico-sdk/src/rp2_common/hardware_xosc/xosc.c.o
 .debug_info    0x0000000000012fd1      0x208 CMakeFiles/app.dir/home/kasper/pico-sdk/src/rp2_common/pico_runtime/runtime.c.o
 .debug_info    0x00000000000131d9      0x7c4 CMakeFiles/app.dir/home/kasper/pico-sdk/src/rp2_common/pico_runtime_init/runtime_init.c.o
 .debug_info    0x000000000001399d      0x701 CMakeFiles/app.dir/home/kasper/pico-sdk/src/rp2_common/pico_runtime_init/runtime_init_clocks.c.o
 .debug_info    0x000000000001409e       0x22 CMakeFiles/app.dir/home/kasper/pico-sdk/src/rp2_common/pico_bit_ops/bit_ops_aeabi.S.o
 .debug_info    0x00000000000140c0       0x22 CMakeFiles/app.dir/home/kasper/pico-sdk/src/rp2_common/pico_divider/divider_hardware.S.o
 .debug_info    0x00000000000140e2       0x22 CMakeFiles/app.dir/home/kasper/pico-sdk/src/rp2_common/pico_double/double_aeabi_rp2040.S.o
 .debug_info    0x0000000000014104      0x218 CMakeFiles/app.dir/home/kasper/pico-sdk/src/rp2_common/pico_double/double_init_rom_rp2040.c.o
 .debug_info    0x000000000001431c       0x22 CMakeFiles/app.dir/home/kasper/pico-sdk/src/rp2_common/pico_double/double_v1_rom_shim_rp2040.S.o
 .debug_info    0x000000000001433e       0x22 CMakeFiles/app.dir/home/kasper/pico-sdk/src/rp2_common/pico_float/float_aeabi_rp2040.S.o
 .debug_info    0x0000000000014360      0x222 CMakeFiles/app.dir/home/kasper/pico-sdk/src/rp2_common/pico_float/float_init_rom_rp2040.c.o
 .debug_info    0x0000000000014582       0x22 CMakeFiles/app.dir/home/kasper/pico-sdk/src/rp2_common/pico_float/float_v1_rom_shim_rp2040.S.o
 .debug_info    0x00000000000145a4      0x540 CMakeFiles/app.dir/home/kasper/pico-sdk/src/rp2_common/pico_malloc/malloc.c.o
 .debug_info    0x0000000000014ae4       0x22 CMakeFiles/app.dir/home/kasper/pico-sdk/src/rp2_common/pico_mem_ops/mem_ops_aeabi.S.o
 .debug_info    0x0000000000014b06      0x2cb CMakeFiles/app.dir/home/kasper/pico-sdk/src/rp2_common/pico_standard_binary_info/standard_binary_info.c.o
 .debug_info    0x0000000000014dd1     0x21b1 CMakeFiles/app.dir/home/kasper/pico-sdk/src/rp2_common/pico_printf/printf.c.o
 .debug_info    0x0000000000016f82       0x22 CMakeFiles/app.dir/home/kasper/pico-sdk/src/rp2_common/pico_crt0/crt0.S.o
 .debug_info    0x0000000000016fa4      0xb4e CMakeFiles/app.dir/home/kasper/pico-sdk/src/rp2_common/pico_clib_interface/newlib_interface.c.o
 .debug_info    0x0000000000017af2     0x1b8c CMakeFiles/app.dir/home/kasper/pico-sdk/src/rp2_common/pico_stdio/stdio.c.o
 .debug_info    0x000000000001967e      0x1eb CMakeFiles/app.dir/home/kasper/pico-sdk/src/rp2_common/pico_unique_id/unique_id.c.o
 .debug_info    0x0000000000019869      0xfac CMakeFiles/app.dir/home/kasper/pico-sdk/src/rp2_common/hardware_flash/flash.c.o
 .debug_info    0x000000000001a815     0x18ff CMakeFiles/app.dir/lib/FreeRTOS-Kernel/portable/ThirdParty/GCC/RP2040/port.c.o
 .debug_info    0x000000000001c114      0xe4a CMakeFiles/app.dir/lib/FreeRTOS-Kernel/event_groups.c.o
 .debug_info    0x000000000001cf5e      0x2d4 CMakeFiles/app.dir/lib/FreeRTOS-Kernel/list.c.o
 .debug_info    0x000000000001d232     0x2ba2 CMakeFiles/app.dir/lib/FreeRTOS-Kernel/queue.c.o
 .debug_info    0x000000000001fdd4     0xc736 CMakeFiles/app.dir/lib/FreeRTOS-Kernel/tasks.c.o
 .debug_info    0x000000000002c50a     0x1838 CMakeFiles/app.dir/lib/FreeRTOS-Kernel/timers.c.o
 .debug_info    0x000000000002dd42      0x6fc CMakeFiles/app.dir/home/kasper/pico-sdk/src/rp2_common/hardware_exception/exception.c.o
 .debug_info    0x000000000002e43e     0x1ff3 CMakeFiles/app.dir/home/kasper/pico-sdk/src/rp2_common/pico_multicore/multicore.c.o
 .debug_info    0x0000000000030431      0x583 CMakeFiles/app.dir/lib/FreeRTOS-Kernel/portable/MemMang/heap_4.c.o
 .debug_info    0x00000000000309b4      0xe94 CMakeFiles/app.dir/home/kasper/pico-sdk/lib/tinyusb/hw/bsp/rp2040/family.c.o
 .debug_info    0x0000000000031848       0x26 /usr/lib/gcc/arm-none-eabi/10.3.1/thumb/v6-m/nofp/libgcc.a(_dvmd_tls.o)
 .debug_info    0x000000000003186e       0xee /usr/lib/gcc/arm-none-eabi/10.3.1/../../../arm-none-eabi/lib/thumb/v6-m/nofp/libg.a(lib_a-strlen-stub.o)

.debug_abbrev   0x0000000000000000     0x6ec2
 .debug_abbrev  0x0000000000000000      0x1ec CMakeFiles/app.dir/src/main.c.o
 .debug_abbrev  0x00000000000001ec      0x4b6 CMakeFiles/app.dir/home/kasper/pico-sdk/src/rp2_common/hardware_gpio/gpio.c.o
 .debug_abbrev  0x00000000000006a2       0xf4 CMakeFiles/app.dir/home/kasper/pico-sdk/src/rp2_common/pico_platform_panic/panic.c.o
 .debug_abbrev  0x0000000000000796      0x2d3 CMakeFiles/app.dir/home/kasper/pico-sdk/src/common/hardware_claim/claim.c.o
 .debug_abbrev  0x0000000000000a69      0x1de CMakeFiles/app.dir/home/kasper/pico-sdk/src/rp2_common/hardware_sync/sync.c.o
 .debug_abbrev  0x0000000000000c47      0x1b2 CMakeFiles/app.dir/home/kasper/pico-sdk/src/rp2_common/hardware_sync_spin_lock/sync_spin_lock.c.o
 .debug_abbrev  0x0000000000000df9      0x588 CMakeFiles/app.dir/home/kasper/pico-sdk/src/rp2_common/hardware_irq/irq.c.o
 .debug_abbrev  0x0000000000001381       0xee CMakeFiles/app.dir/home/kasper/pico-sdk/src/common/pico_sync/lock_core.c.o
 .debug_abbrev  0x000000000000146f      0x3b8 CMakeFiles/app.dir/home/kasper/pico-sdk/src/common/pico_sync/mutex.c.o
 .debug_abbrev  0x0000000000001827      0x606 CMakeFiles/app.dir/home/kasper/pico-sdk/src/common/pico_time/time.c.o
 .debug_abbrev  0x0000000000001e2d      0x49d CMakeFiles/app.dir/home/kasper/pico-sdk/src/rp2_common/hardware_timer/timer.c.o
 .debug_abbrev  0x00000000000022ca      0x49f CMakeFiles/app.dir/home/kasper/pico-sdk/src/rp2_common/hardware_clocks/clocks.c.o
 .debug_abbrev  0x0000000000002769      0x1c6 CMakeFiles/app.dir/home/kasper/pico-sdk/src/rp2_common/hardware_pll/pll.c.o
 .debug_abbrev  0x000000000000292f      0x141 CMakeFiles/app.dir/home/kasper/pico-sdk/src/rp2_common/hardware_ticks/ticks.c.o
 .debug_abbrev  0x0000000000002a70      0x1ba CMakeFiles/app.dir/home/kasper/pico-sdk/src/rp2_common/pico_bootrom/bootrom.c.o
 .debug_abbrev  0x0000000000002c2a      0x11a CMakeFiles/app.dir/home/kasper/pico-sdk/src/rp2_common/hardware_xosc/xosc.c.o
 .debug_abbrev  0x0000000000002d44      0x16c CMakeFiles/app.dir/home/kasper/pico-sdk/src/rp2_common/pico_runtime/runtime.c.o
 .debug_abbrev  0x0000000000002eb0      0x20c CMakeFiles/app.dir/home/kasper/pico-sdk/src/rp2_common/pico_runtime_init/runtime_init.c.o