Archive member included to satisfy reference by file (symbol)

/home/kasper/.pico-sdk/toolchain/14_2_Rel1/bin/../lib/gcc/arm-none-eabi/14.2.1/thumb/v6-m/nofp/libgcc.a(_dvmd_tls.o)
                              CMakeFiles/app.dir/home/kasper/.pico-sdk/sdk/2.1.1/src/rp2_common/pico_divider/divider_hardware.S.o (__aeabi_idiv0)
/home/kasper/.pico-sdk/toolchain/14_2_Rel1/bin/../lib/gcc/arm-none-eabi/14.2.1/../../../../arm-none-eabi/lib/thumb/v6-m/nofp/libg.a(libc_a-calloc.o)
                              CMakeFiles/app.dir/home/kasper/.pico-sdk/sdk/2.1.1/src/rp2_common/pico_malloc/malloc.c.o (calloc)
/home/kasper/.pico-sdk/toolchain/14_2_Rel1/bin/../lib/gcc/arm-none-eabi/14.2.1/../../../../arm-none-eabi/lib/thumb/v6-m/nofp/libg.a(libc_a-callocr.o)
                              /home/kasper/.pico-sdk/toolchain/14_2_Rel1/bin/../lib/gcc/arm-none-eabi/14.2.1/../../../../arm-none-eabi/lib/thumb/v6-m/nofp/libg.a(libc_a-calloc.o) (_calloc_r)
/home/kasper/.pico-sdk/toolchain/14_2_Rel1/bin/../lib/gcc/arm-none-eabi/14.2.1/../../../../arm-none-eabi/lib/thumb/v6-m/nofp/libg.a(libc_a-malloc.o)
                              CMakeFiles/app.dir/home/kasper/.pico-sdk/sdk/2.1.1/src/rp2_common/pico_malloc/malloc.c.o (malloc)
/home/kasper/.pico-sdk/toolchain/14_2_Rel1/bin/../lib/gcc/arm-none-eabi/14.2.1/../../../../arm-none-eabi/lib/thumb/v6-m/nofp/libg.a(libc_a-mallocr.o)
                              /home/kasper/.pico-sdk/toolchain/14_2_Rel1/bin/../lib/gcc/arm-none-eabi/14.2.1/../../../../arm-none-eabi/lib/thumb/v6-m/nofp/libg.a(libc_a-callocr.o) (_malloc_r)
/home/kasper/.pico-sdk/toolchain/14_2_Rel1/bin/../lib/gcc/arm-none-eabi/14.2.1/../../../../arm-none-eabi/lib/thumb/v6-m/nofp/libg.a(libc_a-mlock.o)
                              /home/kasper/.pico-sdk/toolchain/14_2_Rel1/bin/../lib/gcc/arm-none-eabi/14.2.1/../../../../arm-none-eabi/lib/thumb/v6-m/nofp/libg.a(libc_a-mallocr.o) (__malloc_lock)
/home/kasper/.pico-sdk/toolchain/14_2_Rel1/bin/../lib/gcc/arm-none-eabi/14.2.1/../../../../arm-none-eabi/lib/thumb/v6-m/nofp/libg.a(libc_a-realloc.o)
                              CMakeFiles/app.dir/home/kasper/.pico-sdk/sdk/2.1.1/src/rp2_common/pico_malloc/malloc.c.o (realloc)
/home/kasper/.pico-sdk/toolchain/14_2_Rel1/bin/../lib/gcc/arm-none-eabi/14.2.1/../../../../arm-none-eabi/lib/thumb/v6-m/nofp/libg.a(libc_a-reallocr.o)
                              /home/kasper/.pico-sdk/toolchain/14_2_Rel1/bin/../lib/gcc/arm-none-eabi/14.2.1/../../../../arm-none-eabi/lib/thumb/v6-m/nofp/libg.a(libc_a-realloc.o) (_realloc_r)
/home/kasper/.pico-sdk/toolchain/14_2_Rel1/bin/../lib/gcc/arm-none-eabi/14.2.1/../../../../arm-none-eabi/lib/thumb/v6-m/nofp/libg.a(libc_a-memcmp.o)
                              CMakeFiles/app.dir/home/kasper/.pico-sdk/sdk/2.1.1/src/rp2_common/pico_atomic/atomic.c.o (memcmp)
/home/kasper/.pico-sdk/toolchain/14_2_Rel1/bin/../lib/gcc/arm-none-eabi/14.2.1/../../../../arm-none-eabi/lib/thumb/v6-m/nofp/libg.a(libc_a-memmove.o)
                              /home/kasper/.pico-sdk/toolchain/14_2_Rel1/bin/../lib/gcc/arm-none-eabi/14.2.1/../../../../arm-none-eabi/lib/thumb/v6-m/nofp/libg.a(libc_a-reallocr.o) (memmove)
/home/kasper/.pico-sdk/toolchain/14_2_Rel1/bin/../lib/gcc/arm-none-eabi/14.2.1/../../../../arm-none-eabi/lib/thumb/v6-m/nofp/libg.a(libc_a-lcltime_r.o)
                              CMakeFiles/app.dir/home/kasper/.pico-sdk/sdk/2.1.1/src/common/pico_util/datetime.c.o (localtime_r)
/home/kasper/.pico-sdk/toolchain/14_2_Rel1/bin/../lib/gcc/arm-none-eabi/14.2.1/../../../../arm-none-eabi/lib/thumb/v6-m/nofp/libg.a(libc_a-mktime.o)
                              CMakeFiles/app.dir/home/kasper/.pico-sdk/sdk/2.1.1/src/common/pico_util/datetime.c.o (mktime)
/home/kasper/.pico-sdk/toolchain/14_2_Rel1/bin/../lib/gcc/arm-none-eabi/14.2.1/../../../../arm-none-eabi/lib/thumb/v6-m/nofp/libg.a(libc_a-month_lengths.o)
                              /home/kasper/.pico-sdk/toolchain/14_2_Rel1/bin/../lib/gcc/arm-none-eabi/14.2.1/../../../../arm-none-eabi/lib/thumb/v6-m/nofp/libg.a(libc_a-lcltime_r.o) (__month_lengths)
/home/kasper/.pico-sdk/toolchain/14_2_Rel1/bin/../lib/gcc/arm-none-eabi/14.2.1/../../../../arm-none-eabi/lib/thumb/v6-m/nofp/libg.a(libc_a-tzcalc_limits.o)
                              /home/kasper/.pico-sdk/toolchain/14_2_Rel1/bin/../lib/gcc/arm-none-eabi/14.2.1/../../../../arm-none-eabi/lib/thumb/v6-m/nofp/libg.a(libc_a-lcltime_r.o) (__tzcalc_limits)
/home/kasper/.pico-sdk/toolchain/14_2_Rel1/bin/../lib/gcc/arm-none-eabi/14.2.1/../../../../arm-none-eabi/lib/thumb/v6-m/nofp/libg.a(libc_a-tzlock.o)
                              /home/kasper/.pico-sdk/toolchain/14_2_Rel1/bin/../lib/gcc/arm-none-eabi/14.2.1/../../../../arm-none-eabi/lib/thumb/v6-m/nofp/libg.a(libc_a-lcltime_r.o) (__tz_lock)
/home/kasper/.pico-sdk/toolchain/14_2_Rel1/bin/../lib/gcc/arm-none-eabi/14.2.1/../../../../arm-none-eabi/lib/thumb/v6-m/nofp/libg.a(libc_a-tzset.o)
[...]
Memory Configuration

Name             Origin             Length             Attributes
FLASH            0x10000000         0x00200000         xr
RAM              0x20000000         0x00040000         xrw
SCRATCH_X        0x20040000         0x00001000         xrw
SCRATCH_Y        0x20041000         0x00001000         xrw
*default*        0x00000000         0xffffffff

Linker script and memory map

LOAD /home/kasper/.pico-sdk/toolchain/14_2_Rel1/bin/../lib/gcc/arm-none-eabi/14.2.1/thumb/v6-m/nofp/crti.o
LOAD /home/kasper/.pico-sdk/toolchain/14_2_Rel1/bin/../lib/gcc/arm-none-eabi/14.2.1/thumb/v6-m/nofp/crtbegin.o
LOAD /home/kasper/.pico-sdk/toolchain/14_2_Rel1/bin/../lib/gcc/arm-none-eabi/14.2.1/../../../../arm-none-eabi/lib/thumb/v6-m/nofp/crt0.o

.flash_begin    0x10000000        0x0
                0x10000000                        __flash_binary_start = .

.boot2          0x10000000      0x100
                0x10000000                        __boot2_start__ = .
 *(.boot2)
 .boot2         0x10000000      0x100 pico-sdk/src/rp2040/boot_stage2/CMakeFiles/bs2_default_library.dir/bs2_default_padded_checksummed.S.o
                0x10000100                        __boot2_end__ = .
                0x00000001                        ASSERT (((__boot2_end__ - __boot2_start__) == 0x100), ERROR: Pico second stage bootloader must be 256 bytes in size)

.text           0x10000100     0x4c20
                0x10000100                        __logical_binary_start = .
 *(.vectors)
 .vectors       0x10000100       0xd4 CMakeFiles/app.dir/home/kasper/.pico-sdk/sdk/2.1.1/src/rp2_common/pico_crt0/crt0.S.o
                0x10000100                __vectors
                0x10000100                __VECTOR_TABLE
                0x100001c0                isr_invalid
                0x100001c0                __default_isrs_start
                0x100001c2                isr_nmi
                0x100001c4                isr_hardfault
                0x100001c6                isr_svcall
                0x100001c8                isr_pendsv
                0x100001ca                isr_systick
                0x100001cc                isr_irq30
                0x100001cc                __unhandled_user_irq
                0x100001cc                isr_irq13
                0x100001cc                isr_irq27
                0x100001cc                isr_irq31
                0x100001cc                isr_irq5
                0x100001cc                isr_irq11
                0x100001cc                isr_irq23
                0x100001cc                isr_irq18
                0x100001cc                isr_irq28
                0x100001cc                isr_irq19
                0x100001cc                isr_irq0
                0x100001cc                isr_irq6
                0x100001cc                isr_irq22
                0x100001cc                isr_irq17
                0x100001cc                isr_irq14
                0x100001cc                isr_irq2
                0x100001cc                isr_irq10
                0x100001cc                isr_irq8
                0x100001cc                isr_irq24
                0x100001cc                isr_irq1
                0x100001cc                isr_irq7
                0x100001cc                isr_irq21
                0x100001cc                isr_irq20
                0x100001cc                isr_irq15
                0x100001cc                isr_irq25
                0x100001cc                isr_irq4
                0x100001cc                isr_irq16
                0x100001cc                isr_irq29
                0x100001cc                isr_irq26
                0x100001cc                __default_isrs_end
                0x100001cc                isr_irq3
                0x100001cc                isr_irq12
                0x100001cc                isr_irq9
                0x100001d2                unhandled_user_irq_num_in_r0
 *(.binary_info_header)
 .binary_info_header
                0x100001d4       0x14 CMakeFiles/app.dir/home/kasper/.pico-sdk/sdk/2.1.1/src/rp2_common/pico_crt0/crt0.S.o
                0x100001e8                        __binary_info_header_end = .
 *(.embedded_block)
                0x100001e8                        __embedded_block_end = .
 *(.reset)
 .reset         0x100001e8       0x9c CMakeFiles/app.dir/home/kasper/.pico-sdk/sdk/2.1.1/src/rp2_common/pico_crt0/crt0.S.o
                0x100001e8                _entry_point
 *(.init)
 .init          0x10000284        0x4 /home/kasper/.pico-sdk/toolchain/14_2_Rel1/bin/../lib/gcc/arm-none-eabi/14.2.1/thumb/v6-m/nofp/crti.o
                0x10000284                _init
 *(EXCLUDE_FILE(*libm.a: *libc.a:*lib_a-mem*.o *libgcc.a:) .text*)
 .text.register_tm_clones
                0x10000288       0x28 /home/kasper/.pico-sdk/toolchain/14_2_Rel1/bin/../lib/gcc/arm-none-eabi/14.2.1/thumb/v6-m/nofp/crtbegin.o
 .text.frame_dummy
                0x100002b0       0x24 /home/kasper/.pico-sdk/toolchain/14_2_Rel1/bin/../lib/gcc/arm-none-eabi/14.2.1/thumb/v6-m/nofp/crtbegin.o
 .text.vBlinkTask
                0x100002d4       0x1c CMakeFiles/app.dir/main.c.o
                0x100002d4                vBlinkTask
 .text.startup.main
                0x100002f0       0x38 CMakeFiles/app.dir/main.c.o
                0x100002f0                main
 .text.gpio_init
                0x10000328       0x40 CMakeFiles/app.dir/home/kasper/.pico-sdk/sdk/2.1.1/src/rp2_common/hardware_gpio/gpio.c.o
                0x10000328                gpio_init
 .text.panic    0x10000368       0x30 CMakeFiles/app.dir/home/kasper/.pico-sdk/sdk/2.1.1/src/rp2_common/pico_platform_panic/panic.c.o
                0x10000368                panic
 .text.panic_unsupported
                0x10000398        0xc CMakeFiles/app.dir/home/kasper/.pico-sdk/sdk/2.1.1/src/rp2_common/pico_platform_panic/panic.c.o
                0x10000398                panic_unsupported
 .text.hw_claim_or_assert
                0x100003a4       0x44 CMakeFiles/app.dir/home/kasper/.pico-sdk/sdk/2.1.1/src/common/hardware_claim/claim.c.o
                0x100003a4                hw_claim_or_assert
 .text.next_striped_spin_lock_num
                0x100003e8       0x18 CMakeFiles/app.dir/home/kasper/.pico-sdk/sdk/2.1.1/src/rp2_common/hardware_sync/sync.c.o
                0x100003e8                next_striped_spin_lock_num
 .text.spin_lock_claim
                0x10000400       0x18 CMakeFiles/app.dir/home/kasper/.pico-sdk/sdk/2.1.1/src/rp2_common/hardware_sync/sync.c.o
                0x10000400                spin_lock_claim
 .text.spin_locks_reset
                0x10000418       0x1c CMakeFiles/app.dir/home/kasper/.pico-sdk/sdk/2.1.1/src/rp2_common/hardware_sync_spin_lock/sync_spin_lock.c.o
                0x10000418                spin_locks_reset
 .text.runtime_init_per_core_irq_priorities
                0x10000434       0x24 CMakeFiles/app.dir/home/kasper/.pico-sdk/sdk/2.1.1/src/rp2_common/hardware_irq/irq.c.o
                0x10000434                runtime_init_per_core_irq_priorities
 .text.irq_set_enabled
                0x10000458       0x24 CMakeFiles/app.dir/home/kasper/.pico-sdk/sdk/2.1.1/src/rp2_common/hardware_irq/irq.c.o
                0x10000458                irq_set_enabled
 .text.irq_is_enabled
                0x1000047c       0x18 CMakeFiles/app.dir/home/kasper/.pico-sdk/sdk/2.1.1/src/rp2_common/hardware_irq/irq.c.o
                0x1000047c                irq_is_enabled
 .text.irq_set_exclusive_handler
                0x10000494       0x54 CMakeFiles/app.dir/home/kasper/.pico-sdk/sdk/2.1.1/src/rp2_common/hardware_irq/irq.c.o
                0x10000494                irq_set_exclusive_handler
 .text.irq_set_priority
                0x100004e8       0x28 CMakeFiles/app.dir/home/kasper/.pico-sdk/sdk/2.1.1/src/rp2_common/hardware_irq/irq.c.o
                0x100004e8                irq_set_priority
 .text.lock_init
                0x10000510       0x10 CMakeFiles/app.dir/home/kasper/.pico-sdk/sdk/2.1.1/src/common/pico_sync/lock_core.c.o
                0x10000510                lock_init
 .text.runtime_init_mutex
                0x10000520       0x54 CMakeFiles/app.dir/home/kasper/.pico-sdk/sdk/2.1.1/src/common/pico_sync/mutex.c.o
                0x10000520                runtime_init_mutex
 .text.alarm_pool_irq_handler
                0x10000574      0x300 CMakeFiles/app.dir/home/kasper/.pico-sdk/sdk/2.1.1/src/common/pico_time/time.c.o
 .text.sleep_until_callback
                0x10000874       0x24 CMakeFiles/app.dir/home/kasper/.pico-sdk/sdk/2.1.1/src/common/pico_time/time.c.o
 .text.runtime_init_default_alarm_pool
                0x10000898       0xdc CMakeFiles/app.dir/home/kasper/.pico-sdk/sdk/2.1.1/src/common/pico_time/time.c.o
                0x10000898                runtime_init_default_alarm_pool
 .text.alarm_pool_add_alarm_at_force_in_context
                0x10000974       0xb0 CMakeFiles/app.dir/home/kasper/.pico-sdk/sdk/2.1.1/src/common/pico_time/time.c.o
                0x10000974                alarm_pool_add_alarm_at_force_in_context
 .text.alarm_pool_cancel_alarm
                0x10000a24       0x74 CMakeFiles/app.dir/home/kasper/.pico-sdk/sdk/2.1.1/src/common/pico_time/time.c.o
                0x10000a24                alarm_pool_cancel_alarm
 .text.best_effort_wfe_or_timeout
                0x10000a98      0x10c CMakeFiles/app.dir/home/kasper/.pico-sdk/sdk/2.1.1/src/common/pico_time/time.c.o
                0x10000a98                best_effort_wfe_or_timeout
 .text.timer_hardware_alarm_claim
                0x10000ba4       0x14 CMakeFiles/app.dir/home/kasper/.pico-sdk/sdk/2.1.1/src/rp2_common/hardware_timer/timer.c.o
                0x10000ba4                timer_hardware_alarm_claim
 .text.timer_time_us_64
                0x10000bb8       0x10 CMakeFiles/app.dir/home/kasper/.pico-sdk/sdk/2.1.1/src/rp2_common/hardware_timer/timer.c.o
                0x10000bb8                timer_time_us_64
 .text.time_us_64
                0x10000bc8       0x14 CMakeFiles/app.dir/home/kasper/.pico-sdk/sdk/2.1.1/src/rp2_common/hardware_timer/timer.c.o
                0x10000bc8                time_us_64
 .text.clock_configure_int_divider
                0x10000bdc       0xf4 CMakeFiles/app.dir/home/kasper/.pico-sdk/sdk/2.1.1/src/rp2_common/hardware_clocks/clocks.c.o
                0x10000bdc                clock_configure_int_divider
 .text.clock_configure_undivided
                0x10000cd0       0xe8 CMakeFiles/app.dir/home/kasper/.pico-sdk/sdk/2.1.1/src/rp2_common/hardware_clocks/clocks.c.o
                0x10000cd0                clock_configure_undivided
 .text.clock_get_hz
                0x10000db8        0xc CMakeFiles/app.dir/home/kasper/.pico-sdk/sdk/2.1.1/src/rp2_common/hardware_clocks/clocks.c.o
                0x10000db8                clock_get_hz
 .text.pll_init
                0x10000dc4       0xa4 CMakeFiles/app.dir/home/kasper/.pico-sdk/sdk/2.1.1/src/rp2_common/hardware_pll/pll.c.o
                0x10000dc4                pll_init
 .text.tick_start
                0x10000e68       0x10 CMakeFiles/app.dir/home/kasper/.pico-sdk/sdk/2.1.1/src/rp2_common/hardware_ticks/ticks.c.o
                0x10000e68                tick_start
 .text.rom_func_lookup
                0x10000e78       0x10 CMakeFiles/app.dir/home/kasper/.pico-sdk/sdk/2.1.1/src/rp2_common/pico_bootrom/bootrom.c.o
                0x10000e78                rom_func_lookup
 .text.rom_data_lookup
                0x10000e88       0x10 CMakeFiles/app.dir/home/kasper/.pico-sdk/sdk/2.1.1/src/rp2_common/pico_bootrom/bootrom.c.o
                0x10000e88                rom_data_lookup
 .text.rom_funcs_lookup
                0x10000e98       0x44 CMakeFiles/app.dir/home/kasper/.pico-sdk/sdk/2.1.1/src/rp2_common/pico_bootrom/bootrom.c.o
                0x10000e98                rom_funcs_lookup
 .text.xosc_init
                0x10000edc       0x28 CMakeFiles/app.dir/home/kasper/.pico-sdk/sdk/2.1.1/src/rp2_common/hardware_xosc/xosc.c.o
                0x10000edc                xosc_init
 .text.first_per_core_initializer
                0x10000f04        0x4 CMakeFiles/app.dir/home/kasper/.pico-sdk/sdk/2.1.1/src/rp2_common/pico_runtime/runtime.c.o
 .text.hard_assertion_failure
                0x10000f08        0xc CMakeFiles/app.dir/home/kasper/.pico-sdk/sdk/2.1.1/src/rp2_common/pico_runtime/runtime.c.o
                0x10000f08                hard_assertion_failure
 .text.runtime_run_initializers
                0x10000f14       0x28 CMakeFiles/app.dir/home/kasper/.pico-sdk/sdk/2.1.1/src/rp2_common/pico_runtime/runtime.c.o
                0x10000f14                runtime_run_initializers
 .text.runtime_run_per_core_initializers
                0x10000f3c       0x28 CMakeFiles/app.dir/home/kasper/.pico-sdk/sdk/2.1.1/src/rp2_common/pico_runtime/runtime.c.o
                0x10000f3c                runtime_run_per_core_initializers
 .text.runtime_init_early_resets
                0x10000f64       0x2c CMakeFiles/app.dir/home/kasper/.pico-sdk/sdk/2.1.1/src/rp2_common/pico_runtime_init/runtime_init.c.o
                0x10000f64                runtime_init_early_resets
 .text.runtime_init_usb_power_down
                0x10000f90       0x1c CMakeFiles/app.dir/home/kasper/.pico-sdk/sdk/2.1.1/src/rp2_common/pico_runtime_init/runtime_init.c.o
                0x10000f90                runtime_init_usb_power_down
 .text.runtime_init_post_clock_resets
                0x10000fac       0x20 CMakeFiles/app.dir/home/kasper/.pico-sdk/sdk/2.1.1/src/rp2_common/pico_runtime_init/runtime_init.c.o
                0x10000fac                runtime_init_post_clock_resets
 .text.runtime_init_rp2040_gpio_ie_disable
                0x10000fcc       0x14 CMakeFiles/app.dir/home/kasper/.pico-sdk/sdk/2.1.1/src/rp2_common/pico_runtime_init/runtime_init.c.o
                0x10000fcc                runtime_init_rp2040_gpio_ie_disable
 .text.runtime_init_spin_locks_reset
                0x10000fe0        0x8 CMakeFiles/app.dir/home/kasper/.pico-sdk/sdk/2.1.1/src/rp2_common/pico_runtime_init/runtime_init.c.o
                0x10000fe0                runtime_init_spin_locks_reset
 .text.runtime_init_install_ram_vector_table
                0x10000fe8       0x1c CMakeFiles/app.dir/home/kasper/.pico-sdk/sdk/2.1.1/src/rp2_common/pico_runtime_init/runtime_init.c.o
                0x10000fe8                runtime_init_install_ram_vector_table
 .text.runtime_init_clocks
                0x10001004       0xd8 CMakeFiles/app.dir/home/kasper/.pico-sdk/sdk/2.1.1/src/rp2_common/pico_runtime_init/runtime_init_clocks.c.o
                0x10001004                runtime_init_clocks
 .text          0x100010dc       0x10 CMakeFiles/app.dir/home/kasper/.pico-sdk/sdk/2.1.1/src/rp2_common/pico_bit_ops/bit_ops_aeabi.S.o
 .text.clzsi    0x100010ec        0xc CMakeFiles/app.dir/home/kasper/.pico-sdk/sdk/2.1.1/src/rp2_common/pico_bit_ops/bit_ops_aeabi.S.o
                0x100010ec                __wrap___clz
                0x100010ec                __wrap___clzsi2
                0x100010ec                __wrap___clzl
 .text.__wrap___aeabi_uidiv
                0x100010f8       0x4c CMakeFiles/app.dir/home/kasper/.pico-sdk/sdk/2.1.1/src/rp2_common/pico_divider/divider_hardware.S.o
                0x100010f8                __wrap___aeabi_uidiv
                0x100010f8                __wrap___aeabi_uidivmod
                0x100010f8                div_u32u32
                0x100010f8                divmod_u32u32
                0x10001100                divmod_u32u32_unsafe
                0x10001128                divmod_u32u32_savestate
 .text.__wrap___aeabi_ldiv
                0x10001144      0x424 CMakeFiles/app.dir/home/kasper/.pico-sdk/sdk/2.1.1/src/rp2_common/pico_divider/divider_hardware.S.o
                0x10001144                div_s64s64
                0x10001144                divmod_s64s64
                0x10001144                __wrap___aeabi_ldivmod
                0x10001174                div_u64u64
                0x10001174                divmod_u64u64
                0x10001174                __wrap___aeabi_uldivmod
                0x10001184                divmod_u64u64_savestate
                0x100011a4                divmod_s64s64_unsafe
                0x1000122c                divmod_u64u64_unsafe
 .text.__aeabi_double_init
                0x10001568       0xa4 CMakeFiles/app.dir/home/kasper/.pico-sdk/sdk/2.1.1/src/rp2_common/pico_double/double_init_rom_rp2040.c.o
                0x10001568                __aeabi_double_init
 .text.double_table_shim_on_use_helper
                0x1000160c       0x2c CMakeFiles/app.dir/home/kasper/.pico-sdk/sdk/2.1.1/src/rp2_common/pico_double/double_v1_rom_shim_rp2040.S.o
                0x1000160c                double_table_shim_on_use_helper
 .text.__aeabi_float_init
                0x10001638       0x64 CMakeFiles/app.dir/home/kasper/.pico-sdk/sdk/2.1.1/src/rp2_common/pico_float/float_init_rom_rp2040.c.o
                0x10001638                __aeabi_float_init
 .text.float_table_shim_on_use_helper
                0x1000169c       0x2c CMakeFiles/app.dir/home/kasper/.pico-sdk/sdk/2.1.1/src/rp2_common/pico_float/float_v1_rom_shim_rp2040.S.o
                0x1000169c                float_table_shim_on_use_helper
 .text          0x100016c8       0x10 CMakeFiles/app.dir/home/kasper/.pico-sdk/sdk/2.1.1/src/rp2_common/pico_mem_ops/mem_ops_aeabi.S.o
                0x100016c8                __aeabi_mem_init
 .text.memset   0x100016d8        0xc CMakeFiles/app.dir/home/kasper/.pico-sdk/sdk/2.1.1/src/rp2_common/pico_mem_ops/mem_ops_aeabi.S.o
                0x100016d8                __wrap_memset
 .text.memcpy   0x100016e4        0xc CMakeFiles/app.dir/home/kasper/.pico-sdk/sdk/2.1.1/src/rp2_common/pico_mem_ops/mem_ops_aeabi.S.o
                0x100016e4                __wrap___aeabi_memcpy
                0x100016e4                __wrap_memcpy
 .text._out_char
                0x100016f0       0x10 CMakeFiles/app.dir/home/kasper/.pico-sdk/sdk/2.1.1/src/rp2_common/pico_printf/printf.c.o
 .text.weak_raw_vprintf
                0x10001700       0x30 CMakeFiles/app.dir/home/kasper/.pico-sdk/sdk/2.1.1/src/rp2_common/pico_printf/printf.c.o
                0x10001700                weak_raw_vprintf
 .text._exit    0x10001730        0x4 CMakeFiles/app.dir/home/kasper/.pico-sdk/sdk/2.1.1/src/rp2_common/pico_clib_interface/newlib_interface.c.o
                0x10001730                _exit
 .text.exit     0x10001734        0x8 CMakeFiles/app.dir/home/kasper/.pico-sdk/sdk/2.1.1/src/rp2_common/pico_clib_interface/newlib_interface.c.o
                0x10001734                exit
 .text.runtime_init
                0x1000173c       0x2c CMakeFiles/app.dir/home/kasper/.pico-sdk/sdk/2.1.1/src/rp2_common/pico_clib_interface/newlib_interface.c.o
                0x1000173c                runtime_init
 .text.stdio_out_chars_no_crlf
                0x10001768       0x10 CMakeFiles/app.dir/home/kasper/.pico-sdk/sdk/2.1.1/src/rp2_common/pico_stdio/stdio.c.o
 .text.stdio_out_chars_crlf
                0x10001778       0xb0 CMakeFiles/app.dir/home/kasper/.pico-sdk/sdk/2.1.1/src/rp2_common/pico_stdio/stdio.c.o
 .text.stdio_put_string
                0x10001828       0xfc CMakeFiles/app.dir/home/kasper/.pico-sdk/sdk/2.1.1/src/rp2_common/pico_stdio/stdio.c.o
                0x10001828                stdio_put_string
 .text.__wrap_putchar
                0x10001924       0x94 CMakeFiles/app.dir/home/kasper/.pico-sdk/sdk/2.1.1/src/rp2_common/pico_stdio/stdio.c.o
                0x10001924                stdio_putchar
                0x10001924                __wrap_putchar
 .text.__wrap_puts
                0x100019b8       0x3c CMakeFiles/app.dir/home/kasper/.pico-sdk/sdk/2.1.1/src/rp2_common/pico_stdio/stdio.c.o
                0x100019b8                __wrap_puts
                0x100019b8                stdio_puts
 .text.startup._retrieve_unique_id_on_boot
                0x100019f4       0x10 CMakeFiles/app.dir/home/kasper/.pico-sdk/sdk/2.1.1/src/rp2_common/pico_unique_id/unique_id.c.o
 .text.flash_get_unique_id
                0x10001a04       0x3c CMakeFiles/app.dir/home/kasper/.pico-sdk/sdk/2.1.1/src/rp2_common/hardware_flash/flash.c.o
                0x10001a04                flash_get_unique_id
 .text.vPortSVCHandler
                0x10001a40        0x4 CMakeFiles/app.dir/home/kasper/Documents/Civilingenioer_Robotteknologi/ISA_IPC/freertos-pi-pico/FreeRTOS-Kernel/portable/ThirdParty/GCC/RP2040/port.c.o
                0x10001a40                vPortSVCHandler
 *fill*         0x10001a44        0xc 
 .text.vPortStartFirstTask
                0x10001a50       0x38 CMakeFiles/app.dir/home/kasper/Documents/Civilingenioer_Robotteknologi/ISA_IPC/freertos-pi-pico/FreeRTOS-Kernel/portable/ThirdParty/GCC/RP2040/port.c.o
 .text.prvFIFOInterruptHandler
                0x10001a88       0x2c CMakeFiles/app.dir/home/kasper/Documents/Civilingenioer_Robotteknologi/ISA_IPC/freertos-pi-pico/FreeRTOS-Kernel/portable/ThirdParty/GCC/RP2040/port.c.o
 *fill*         0x10001ab4        0xc 
 .text.xPortPendSVHandler
                0x10001ac0       0x78 CMakeFiles/app.dir/home/kasper/Documents/Civilingenioer_Robotteknologi/ISA_IPC/freertos-pi-pico/FreeRTOS-Kernel/portable/ThirdParty/GCC/RP2040/port.c.o
                0x10001ac0                xPortPendSVHandler
 .text.xPortSysTickHandler
                0x10001b38       0x2c CMakeFiles/app.dir/home/kasper/Documents/Civilingenioer_Robotteknologi/ISA_IPC/freertos-pi-pico/FreeRTOS-Kernel/portable/ThirdParty/GCC/RP2040/port.c.o
                0x10001b38                xPortSysTickHandler
 .text.prvTaskExitError
                0x10001b64        0x8 CMakeFiles/app.dir/home/kasper/Documents/Civilingenioer_Robotteknologi/ISA_IPC/freertos-pi-pico/FreeRTOS-Kernel/portable/ThirdParty/GCC/RP2040/port.c.o
 .text.pxPortInitialiseStack
                0x10001b6c       0x20 CMakeFiles/app.dir/home/kasper/Documents/Civilingenioer_Robotteknologi/ISA_IPC/freertos-pi-pico/FreeRTOS-Kernel/portable/ThirdParty/GCC/RP2040/port.c.o
                0x10001b6c                pxPortInitialiseStack
 .text.vPortYield
                0x10001b8c       0x18 CMakeFiles/app.dir/home/kasper/Documents/Civilingenioer_Robotteknologi/ISA_IPC/freertos-pi-pico/FreeRTOS-Kernel/portable/ThirdParty/GCC/RP2040/port.c.o
                0x10001b8c                vPortYield
 .text.vPortEnableInterrupts
                0x10001ba4       0x30 CMakeFiles/app.dir/home/kasper/Documents/Civilingenioer_Robotteknologi/ISA_IPC/freertos-pi-pico/FreeRTOS-Kernel/portable/ThirdParty/GCC/RP2040/port.c.o
                0x10001ba4                vPortEnableInterrupts
 .text.vYieldCore
                0x10001bd4        0xc CMakeFiles/app.dir/home/kasper/Documents/Civilingenioer_Robotteknologi/ISA_IPC/freertos-pi-pico/FreeRTOS-Kernel/portable/ThirdParty/GCC/RP2040/port.c.o
                0x10001bd4                vYieldCore
 .text.vPortSetupTimerInterrupt
                0x10001be0       0x34 CMakeFiles/app.dir/home/kasper/Documents/Civilingenioer_Robotteknologi/ISA_IPC/freertos-pi-pico/FreeRTOS-Kernel/portable/ThirdParty/GCC/RP2040/port.c.o
                0x10001be0                vPortSetupTimerInterrupt
 .text.xPortStartSchedulerOnCore.isra.0
                0x10001c14       0xa4 CMakeFiles/app.dir/home/kasper/Documents/Civilingenioer_Robotteknologi/ISA_IPC/freertos-pi-pico/FreeRTOS-Kernel/portable/ThirdParty/GCC/RP2040/port.c.o
 .text.prvDisableInterruptsAndPortStartSchedulerOnCore
                0x10001cb8        0xc CMakeFiles/app.dir/home/kasper/Documents/Civilingenioer_Robotteknologi/ISA_IPC/freertos-pi-pico/FreeRTOS-Kernel/portable/ThirdParty/GCC/RP2040/port.c.o
 .text.xPortStartScheduler
                0x10001cc4       0x28 CMakeFiles/app.dir/home/kasper/Documents/Civilingenioer_Robotteknologi/ISA_IPC/freertos-pi-pico/FreeRTOS-Kernel/portable/ThirdParty/GCC/RP2040/port.c.o
                0x10001cc4                xPortStartScheduler
 .text.ulPortLockGetCurrentOwnerId
                0x10001cec       0x30 CMakeFiles/app.dir/home/kasper/Documents/Civilingenioer_Robotteknologi/ISA_IPC/freertos-pi-pico/FreeRTOS-Kernel/portable/ThirdParty/GCC/RP2040/port.c.o
                0x10001cec                ulPortLockGetCurrentOwnerId
 .text.vPortLockInternalSpinUnlockWithNotify
                0x10001d1c       0x80 CMakeFiles/app.dir/home/kasper/Documents/Civilingenioer_Robotteknologi/ISA_IPC/freertos-pi-pico/FreeRTOS-Kernel/portable/ThirdParty/GCC/RP2040/port.c.o
                0x10001d1c                vPortLockInternalSpinUnlockWithNotify
 .text.xPortLockInternalSpinUnlockWithBestEffortWaitOrTimeout
                0x10001d9c       0xe8 CMakeFiles/app.dir/home/kasper/Documents/Civilingenioer_Robotteknologi/ISA_IPC/freertos-pi-pico/FreeRTOS-Kernel/portable/ThirdParty/GCC/RP2040/port.c.o
                0x10001d9c                xPortLockInternalSpinUnlockWithBestEffortWaitOrTimeout
 .text.startup.prvRuntimeInitializer
                0x10001e84       0x10 CMakeFiles/app.dir/home/kasper/Documents/Civilingenioer_Robotteknologi/ISA_IPC/freertos-pi-pico/FreeRTOS-Kernel/portable/ThirdParty/GCC/RP2040/port.c.o
 .text.vEventGroupSetBitsCallback
                0x10001e94       0x90 CMakeFiles/app.dir/home/kasper/Documents/Civilingenioer_Robotteknologi/ISA_IPC/freertos-pi-pico/FreeRTOS-Kernel/event_groups.c.o
                0x10001e94                vEventGroupSetBitsCallback
 .text.xEventGroupCreate
                0x10001f24       0x18 CMakeFiles/app.dir/home/kasper/Documents/Civilingenioer_Robotteknologi/ISA_IPC/freertos-pi-pico/FreeRTOS-Kernel/event_groups.c.o
                0x10001f24                xEventGroupCreate
 .text.xEventGroupWaitBits
                0x10001f3c       0xb8 CMakeFiles/app.dir/home/kasper/Documents/Civilingenioer_Robotteknologi/ISA_IPC/freertos-pi-pico/FreeRTOS-Kernel/event_groups.c.o
                0x10001f3c                xEventGroupWaitBits
 .text.xEventGroupSetBits
                0x10001ff4       0x94 CMakeFiles/app.dir/home/kasper/Documents/Civilingenioer_Robotteknologi/ISA_IPC/freertos-pi-pico/FreeRTOS-Kernel/event_groups.c.o
                0x10001ff4                xEventGroupSetBits
 .text.xEventGroupSetBitsFromISR
                0x10002088       0x18 CMakeFiles/app.dir/home/kasper/Documents/Civilingenioer_Robotteknologi/ISA_IPC/freertos-pi-pico/FreeRTOS-Kernel/event_groups.c.o
                0x10002088                xEventGroupSetBitsFromISR
 .text.vListInitialise
                0x100020a0       0x18 CMakeFiles/app.dir/home/kasper/Documents/Civilingenioer_Robotteknologi/ISA_IPC/freertos-pi-pico/FreeRTOS-Kernel/list.c.o
                0x100020a0                vListInitialise
 .text.vListInitialiseItem
                0x100020b8        0x8 CMakeFiles/app.dir/home/kasper/Documents/Civilingenioer_Robotteknologi/ISA_IPC/freertos-pi-pico/FreeRTOS-Kernel/list.c.o
                0x100020b8                vListInitialiseItem
 .text.vListInsertEnd
                0x100020c0       0x18 CMakeFiles/app.dir/home/kasper/Documents/Civilingenioer_Robotteknologi/ISA_IPC/freertos-pi-pico/FreeRTOS-Kernel/list.c.o
                0x100020c0                vListInsertEnd
 .text.vListInsert
                0x100020d8       0x30 CMakeFiles/app.dir/home/kasper/Documents/Civilingenioer_Robotteknologi/ISA_IPC/freertos-pi-pico/FreeRTOS-Kernel/list.c.o
                0x100020d8                vListInsert
 .text.uxListRemove
                0x10002108       0x24 CMakeFiles/app.dir/home/kasper/Documents/Civilingenioer_Robotteknologi/ISA_IPC/freertos-pi-pico/FreeRTOS-Kernel/list.c.o
                0x10002108                uxListRemove
 .text.prvUnlockQueue
                0x1000212c      0x16c CMakeFiles/app.dir/home/kasper/Documents/Civilingenioer_Robotteknologi/ISA_IPC/freertos-pi-pico/FreeRTOS-Kernel/queue.c.o
 .text.prvNotifyQueueSetContainer
                0x10002298       0x88 CMakeFiles/app.dir/home/kasper/Documents/Civilingenioer_Robotteknologi/ISA_IPC/freertos-pi-pico/FreeRTOS-Kernel/queue.c.o
 .text.xQueueGenericCreate
                0x10002320       0x6c CMakeFiles/app.dir/home/kasper/Documents/Civilingenioer_Robotteknologi/ISA_IPC/freertos-pi-pico/FreeRTOS-Kernel/queue.c.o
                0x10002320                xQueueGenericCreate
 .text.xQueueGenericSend
                0x1000238c      0x1d4 CMakeFiles/app.dir/home/kasper/Documents/Civilingenioer_Robotteknologi/ISA_IPC/freertos-pi-pico/FreeRTOS-Kernel/queue.c.o
                0x1000238c                xQueueGenericSend
 .text.xQueueGenericSendFromISR
                0x10002560      0x140 CMakeFiles/app.dir/home/kasper/Documents/Civilingenioer_Robotteknologi/ISA_IPC/freertos-pi-pico/FreeRTOS-Kernel/queue.c.o
                0x10002560                xQueueGenericSendFromISR
 .text.xQueueReceive
                0x100026a0      0x11c CMakeFiles/app.dir/home/kasper/Documents/Civilingenioer_Robotteknologi/ISA_IPC/freertos-pi-pico/FreeRTOS-Kernel/queue.c.o
                0x100026a0                xQueueReceive
 .text.vQueueAddToRegistry
                0x100027bc       0x60 CMakeFiles/app.dir/home/kasper/Documents/Civilingenioer_Robotteknologi/ISA_IPC/freertos-pi-pico/FreeRTOS-Kernel/queue.c.o
                0x100027bc                vQueueAddToRegistry
 .text.vQueueWaitForMessageRestricted
                0x1000281c       0x48 CMakeFiles/app.dir/home/kasper/Documents/Civilingenioer_Robotteknologi/ISA_IPC/freertos-pi-pico/FreeRTOS-Kernel/queue.c.o
                0x1000281c                vQueueWaitForMessageRestricted
 .text.prvMinimalIdleTask
                0x10002864       0x18 CMakeFiles/app.dir/home/kasper/Documents/Civilingenioer_Robotteknologi/ISA_IPC/freertos-pi-pico/FreeRTOS-Kernel/tasks.c.o
 .text.prvAddCurrentTaskToDelayedList
                0x1000287c       0xe0 CMakeFiles/app.dir/home/kasper/Documents/Civilingenioer_Robotteknologi/ISA_IPC/freertos-pi-pico/FreeRTOS-Kernel/tasks.c.o
 .text.prvCheckForRunStateChange.part.0
                0x1000295c      0x194 CMakeFiles/app.dir/home/kasper/Documents/Civilingenioer_Robotteknologi/ISA_IPC/freertos-pi-pico/FreeRTOS-Kernel/tasks.c.o
 .text.vTaskSuspendAll.part.0
                0x10002af0       0xf0 CMakeFiles/app.dir/home/kasper/Documents/Civilingenioer_Robotteknologi/ISA_IPC/freertos-pi-pico/FreeRTOS-Kernel/tasks.c.o
 .text.prvYieldForTask
                0x10002be0       0xec CMakeFiles/app.dir/home/kasper/Documents/Civilingenioer_Robotteknologi/ISA_IPC/freertos-pi-pico/FreeRTOS-Kernel/tasks.c.o
 .text.vTaskSuspendAll
                0x10002ccc      0x100 CMakeFiles/app.dir/home/kasper/Documents/Civilingenioer_Robotteknologi/ISA_IPC/freertos-pi-pico/FreeRTOS-Kernel/tasks.c.o
                0x10002ccc                vTaskSuspendAll
 .text.xTaskGetTickCount
                0x10002dcc        0xc CMakeFiles/app.dir/home/kasper/Documents/Civilingenioer_Robotteknologi/ISA_IPC/freertos-pi-pico/FreeRTOS-Kernel/tasks.c.o
                0x10002dcc                xTaskGetTickCount
 .text.vTaskSwitchContext
                0x10002dd8      0x354 CMakeFiles/app.dir/home/kasper/Documents/Civilingenioer_Robotteknologi/ISA_IPC/freertos-pi-pico/FreeRTOS-Kernel/tasks.c.o
                0x10002dd8                vTaskSwitchContext
 .text.vTaskPlaceOnEventList
                0x1000312c       0xe0 CMakeFiles/app.dir/home/kasper/Documents/Civilingenioer_Robotteknologi/ISA_IPC/freertos-pi-pico/FreeRTOS-Kernel/tasks.c.o
                0x1000312c                vTaskPlaceOnEventList
 .text.vTaskPlaceOnUnorderedEventList
                0x1000320c       0x48 CMakeFiles/app.dir/home/kasper/Documents/Civilingenioer_Robotteknologi/ISA_IPC/freertos-pi-pico/FreeRTOS-Kernel/tasks.c.o
                0x1000320c                vTaskPlaceOnUnorderedEventList
 .text.vTaskPlaceOnEventListRestricted
                0x10003254      0x100 CMakeFiles/app.dir/home/kasper/Documents/Civilingenioer_Robotteknologi/ISA_IPC/freertos-pi-pico/FreeRTOS-Kernel/tasks.c.o
                0x10003254                vTaskPlaceOnEventListRestricted
 .text.xTaskRemoveFromEventList
                0x10003354      0x154 CMakeFiles/app.dir/home/kasper/Documents/Civilingenioer_Robotteknologi/ISA_IPC/freertos-pi-pico/FreeRTOS-Kernel/tasks.c.o
                0x10003354                xTaskRemoveFromEventList
 .text.vTaskInternalSetTimeOutState
                0x100034a8       0x18 CMakeFiles/app.dir/home/kasper/Documents/Civilingenioer_Robotteknologi/ISA_IPC/freertos-pi-pico/FreeRTOS-Kernel/tasks.c.o
                0x100034a8                vTaskInternalSetTimeOutState
 .text.xTaskCheckForTimeOut
                0x100034c0      0x280 CMakeFiles/app.dir/home/kasper/Documents/Civilingenioer_Robotteknologi/ISA_IPC/freertos-pi-pico/FreeRTOS-Kernel/tasks.c.o
                0x100034c0                xTaskCheckForTimeOut
 .text.vTaskMissedYield
                0x10003740       0x14 CMakeFiles/app.dir/home/kasper/Documents/Civilingenioer_Robotteknologi/ISA_IPC/freertos-pi-pico/FreeRTOS-Kernel/tasks.c.o
                0x10003740                vTaskMissedYield
 .text.xTaskGetCurrentTaskHandle
                0x10003754       0x1c CMakeFiles/app.dir/home/kasper/Documents/Civilingenioer_Robotteknologi/ISA_IPC/freertos-pi-pico/FreeRTOS-Kernel/tasks.c.o
                0x10003754                xTaskGetCurrentTaskHandle
 .text.xTaskGetSchedulerState
                0x10003770      0x1f4 CMakeFiles/app.dir/home/kasper/Documents/Civilingenioer_Robotteknologi/ISA_IPC/freertos-pi-pico/FreeRTOS-Kernel/tasks.c.o
                0x10003770                xTaskGetSchedulerState
 .text.xTaskPriorityDisinherit
                0x10003964       0x58 CMakeFiles/app.dir/home/kasper/Documents/Civilingenioer_Robotteknologi/ISA_IPC/freertos-pi-pico/FreeRTOS-Kernel/tasks.c.o
                0x10003964                xTaskPriorityDisinherit
 .text.vTaskYieldWithinAPI
                0x100039bc       0x34 CMakeFiles/app.dir/home/kasper/Documents/Civilingenioer_Robotteknologi/ISA_IPC/freertos-pi-pico/FreeRTOS-Kernel/tasks.c.o
                0x100039bc                vTaskYieldWithinAPI
 .text.vTaskEnterCritical
                0x100039f0      0x10c CMakeFiles/app.dir/home/kasper/Documents/Civilingenioer_Robotteknologi/ISA_IPC/freertos-pi-pico/FreeRTOS-Kernel/tasks.c.o
                0x100039f0                vTaskEnterCritical
 .text.vTaskExitCritical
                0x10003afc       0xe4 CMakeFiles/app.dir/home/kasper/Documents/Civilingenioer_Robotteknologi/ISA_IPC/freertos-pi-pico/FreeRTOS-Kernel/tasks.c.o
                0x10003afc                vTaskExitCritical
 .text.prvIdleTask
                0x10003be0      0x188 CMakeFiles/app.dir/home/kasper/Documents/Civilingenioer_Robotteknologi/ISA_IPC/freertos-pi-pico/FreeRTOS-Kernel/tasks.c.o
 .text.xTaskCreateAffinitySet
                0x10003d68      0x290 CMakeFiles/app.dir/home/kasper/Documents/Civilingenioer_Robotteknologi/ISA_IPC/freertos-pi-pico/FreeRTOS-Kernel/tasks.c.o
                0x10003d68                xTaskCreateAffinitySet
 .text.xTaskCreate
                0x10003ff8       0x1c CMakeFiles/app.dir/home/kasper/Documents/Civilingenioer_Robotteknologi/ISA_IPC/freertos-pi-pico/FreeRTOS-Kernel/tasks.c.o
                0x10003ff8                xTaskCreate
 .text.vTaskStartScheduler
                0x10004014       0x90 CMakeFiles/app.dir/home/kasper/Documents/Civilingenioer_Robotteknologi/ISA_IPC/freertos-pi-pico/FreeRTOS-Kernel/tasks.c.o
                0x10004014                vTaskStartScheduler
 .text.xTaskIncrementTick
                0x100040a4      0x230 CMakeFiles/app.dir/home/kasper/Documents/Civilingenioer_Robotteknologi/ISA_IPC/freertos-pi-pico/FreeRTOS-Kernel/tasks.c.o
                0x100040a4                xTaskIncrementTick
 .text.xTaskResumeAll.part.0
                0x100042d4      0x118 CMakeFiles/app.dir/home/kasper/Documents/Civilingenioer_Robotteknologi/ISA_IPC/freertos-pi-pico/FreeRTOS-Kernel/tasks.c.o
 .text.xTaskResumeAll
                0x100043ec       0x18 CMakeFiles/app.dir/home/kasper/Documents/Civilingenioer_Robotteknologi/ISA_IPC/freertos-pi-pico/FreeRTOS-Kernel/tasks.c.o
                0x100043ec                xTaskResumeAll
 .text.vTaskDelay
                0x10004404       0x70 CMakeFiles/app.dir/home/kasper/Documents/Civilingenioer_Robotteknologi/ISA_IPC/freertos-pi-pico/FreeRTOS-Kernel/tasks.c.o
                0x10004404                vTaskDelay
 .text.vTaskRemoveFromUnorderedEventList
                0x10004474       0x50 CMakeFiles/app.dir/home/kasper/Documents/Civilingenioer_Robotteknologi/ISA_IPC/freertos-pi-pico/FreeRTOS-Kernel/tasks.c.o
                0x10004474                vTaskRemoveFromUnorderedEventList
 .text.uxTaskResetEventItemValue
                0x100044c4       0x48 CMakeFiles/app.dir/home/kasper/Documents/Civilingenioer_Robotteknologi/ISA_IPC/freertos-pi-pico/FreeRTOS-Kernel/tasks.c.o
                0x100044c4                uxTaskResetEventItemValue
 .text.prvSwitchTimerLists
                0x1000450c       0x9c CMakeFiles/app.dir/home/kasper/Documents/Civilingenioer_Robotteknologi/ISA_IPC/freertos-pi-pico/FreeRTOS-Kernel/timers.c.o
 .text.prvTimerTask
                0x100045a8      0x25c CMakeFiles/app.dir/home/kasper/Documents/Civilingenioer_Robotteknologi/ISA_IPC/freertos-pi-pico/FreeRTOS-Kernel/timers.c.o
 .text.xTimerCreateTimerTask
                0x10004804       0x8c CMakeFiles/app.dir/home/kasper/Documents/Civilingenioer_Robotteknologi/ISA_IPC/freertos-pi-pico/FreeRTOS-Kernel/timers.c.o
                0x10004804                xTimerCreateTimerTask
 .text.xTimerPendFunctionCallFromISR
                0x10004890       0x2c CMakeFiles/app.dir/home/kasper/Documents/Civilingenioer_Robotteknologi/ISA_IPC/freertos-pi-pico/FreeRTOS-Kernel/timers.c.o
                0x10004890                xTimerPendFunctionCallFromISR
 .text.exception_set_exclusive_handler
                0x100048bc       0x48 CMakeFiles/app.dir/home/kasper/.pico-sdk/sdk/2.1.1/src/rp2_common/hardware_exception/exception.c.o
                0x100048bc                exception_set_exclusive_handler
 .text.core1_trampoline
                0x10004904        0x4 CMakeFiles/app.dir/home/kasper/.pico-sdk/sdk/2.1.1/src/rp2_common/pico_multicore/multicore.c.o
 .text.core1_wrapper
                0x10004908        0xc CMakeFiles/app.dir/home/kasper/.pico-sdk/sdk/2.1.1/src/rp2_common/pico_multicore/multicore.c.o
                0x10004908                core1_wrapper
 .text.multicore_launch_core1_raw
                0x10004914       0x8c CMakeFiles/app.dir/home/kasper/.pico-sdk/sdk/2.1.1/src/rp2_common/pico_multicore/multicore.c.o
                0x10004914                multicore_launch_core1_raw
 .text.multicore_launch_core1
                0x100049a0       0x58 CMakeFiles/app.dir/home/kasper/.pico-sdk/sdk/2.1.1/src/rp2_common/pico_multicore/multicore.c.o
                0x100049a0                multicore_launch_core1
 .text.pvPortMalloc
                0x100049f8      0x190 CMakeFiles/app.dir/home/kasper/Documents/Civilingenioer_Robotteknologi/ISA_IPC/freertos-pi-pico/FreeRTOS-Kernel/portable/MemMang/heap_4.c.o
                0x100049f8                pvPortMalloc
 .text.vPortFree
                0x10004b88       0x9c CMakeFiles/app.dir/home/kasper/Documents/Civilingenioer_Robotteknologi/ISA_IPC/freertos-pi-pico/FreeRTOS-Kernel/portable/MemMang/heap_4.c.o
                0x10004b88                vPortFree
 .text.strlen   0x10004c24       0x5c /home/kasper/.pico-sdk/toolchain/14_2_Rel1/bin/../lib/gcc/arm-none-eabi/14.2.1/../../../../arm-none-eabi/lib/thumb/v6-m/nofp/libg.a(libc_a-strlen-stub.o)
                0x10004c24                strlen
 *(.fini)
 .fini          0x10004c80        0x4 /home/kasper/.pico-sdk/toolchain/14_2_Rel1/bin/../lib/gcc/arm-none-eabi/14.2.1/thumb/v6-m/nofp/crti.o
                0x10004c80                _fini
 *fill*         0x10004c84        0x4 
 .fini.__stub   0x10004c88       0x50 linker stubs
 *crtbegin.o(.ctors)
 *crtbegin?.o(.ctors)
 *(EXCLUDE_FILE(*crtend.o *crtend?.o) .ctors)
 *(SORT_BY_NAME(.ctors.*))
 *(.ctors)
 *crtbegin.o(.dtors)
 *crtbegin?.o(.dtors)
 *(EXCLUDE_FILE(*crtend.o *crtend?.o) .dtors)
 *(SORT_BY_NAME(.dtors.*))
 *(.dtors)
                0x10004cd8                        . = ALIGN (0x4)
                0x10004cd8                        PROVIDE (__preinit_array_start = .)
 *(SORT_BY_NAME(.preinit_array.*))
 .preinit_array.00100
                0x10004cd8        0x4 CMakeFiles/app.dir/home/kasper/.pico-sdk/sdk/2.1.1/src/rp2_common/pico_runtime_init/runtime_init.c.o
                0x10004cd8                __pre_init_runtime_init_early_resets
 .preinit_array.00101
                0x10004cdc        0x4 CMakeFiles/app.dir/home/kasper/.pico-sdk/sdk/2.1.1/src/rp2_common/pico_runtime_init/runtime_init.c.o
                0x10004cdc                __pre_init_runtime_init_usb_power_down
 .preinit_array.00275
                0x10004ce0        0x4 CMakeFiles/app.dir/home/kasper/.pico-sdk/sdk/2.1.1/src/rp2_common/pico_bit_ops/bit_ops_aeabi.S.o
 .preinit_array.00300
                0x10004ce4        0x4 CMakeFiles/app.dir/home/kasper/.pico-sdk/sdk/2.1.1/src/rp2_common/pico_mem_ops/mem_ops_aeabi.S.o
 .preinit_array.00350
                0x10004ce8        0x4 CMakeFiles/app.dir/home/kasper/.pico-sdk/sdk/2.1.1/src/rp2_common/pico_double/double_aeabi_rp2040.S.o
 .preinit_array.00350
                0x10004cec        0x4 CMakeFiles/app.dir/home/kasper/.pico-sdk/sdk/2.1.1/src/rp2_common/pico_float/float_aeabi_rp2040.S.o
 .preinit_array.00500
                0x10004cf0        0x4 CMakeFiles/app.dir/home/kasper/.pico-sdk/sdk/2.1.1/src/rp2_common/pico_runtime_init/runtime_init.c.o
                0x10004cf0                __pre_init_runtime_init_clocks
 .preinit_array.00600
                0x10004cf4        0x4 CMakeFiles/app.dir/home/kasper/.pico-sdk/sdk/2.1.1/src/rp2_common/pico_runtime_init/runtime_init.c.o
                0x10004cf4                __pre_init_runtime_init_post_clock_resets
 .preinit_array.00700
                0x10004cf8        0x4 CMakeFiles/app.dir/home/kasper/.pico-sdk/sdk/2.1.1/src/rp2_common/pico_runtime_init/runtime_init.c.o
                0x10004cf8                __pre_init_runtime_init_rp2040_gpio_ie_disable
 .preinit_array.01000
                0x10004cfc        0x4 CMakeFiles/app.dir/home/kasper/.pico-sdk/sdk/2.1.1/src/rp2_common/pico_runtime_init/runtime_init.c.o
                0x10004cfc                __pre_init_runtime_init_spin_locks_reset
 .preinit_array.01100
                0x10004d00        0x4 CMakeFiles/app.dir/home/kasper/.pico-sdk/sdk/2.1.1/src/common/pico_sync/mutex.c.o
                0x10004d00                __pre_init_runtime_init_mutex
 .preinit_array.10080
                0x10004d04        0x4 CMakeFiles/app.dir/home/kasper/.pico-sdk/sdk/2.1.1/src/rp2_common/pico_runtime_init/runtime_init.c.o
                0x10004d04                __pre_init_runtime_init_install_ram_vector_table
 .preinit_array.11000
                0x10004d08        0x4 CMakeFiles/app.dir/home/kasper/.pico-sdk/sdk/2.1.1/src/common/pico_time/time.c.o
                0x10004d08                __pre_init_runtime_init_default_alarm_pool
 .preinit_array.YYYYY
                0x10004d0c        0x4 CMakeFiles/app.dir/home/kasper/.pico-sdk/sdk/2.1.1/src/rp2_common/pico_runtime/runtime.c.o
                0x10004d0c                __pre_init_first_per_core_initializer
 .preinit_array.ZZZZZ.01200
                0x10004d10        0x4 CMakeFiles/app.dir/home/kasper/.pico-sdk/sdk/2.1.1/src/rp2_common/hardware_irq/irq.c.o
                0x10004d10                __pre_init_runtime_init_per_core_irq_priorities
 *(.preinit_array)
                0x10004d14                        PROVIDE (__preinit_array_end = .)
                0x10004d14                        . = ALIGN (0x4)
                0x10004d14                        PROVIDE (__init_array_start = .)
 *(SORT_BY_NAME(.init_array.*))
 *(.init_array)
 .init_array    0x10004d14        0x4 /home/kasper/.pico-sdk/toolchain/14_2_Rel1/bin/../lib/gcc/arm-none-eabi/14.2.1/thumb/v6-m/nofp/crtbegin.o
 .init_array    0x10004d18        0x4 CMakeFiles/app.dir/home/kasper/.pico-sdk/sdk/2.1.1/src/rp2_common/pico_unique_id/unique_id.c.o
 .init_array    0x10004d1c        0x4 CMakeFiles/app.dir/home/kasper/Documents/Civilingenioer_Robotteknologi/ISA_IPC/freertos-pi-pico/FreeRTOS-Kernel/portable/ThirdParty/GCC/RP2040/port.c.o
                0x10004d20                        PROVIDE (__init_array_end = .)
                0x10004d20                        . = ALIGN (0x4)
                [!provide]                        PROVIDE (__fini_array_start = .)
 *(SORT_BY_NAME(.fini_array.*))
 *(.fini_array)
                [!provide]                        PROVIDE (__fini_array_end = .)
 *(.eh_frame*)
 .eh_frame      0x10004d20        0x0 /home/kasper/.pico-sdk/toolchain/14_2_Rel1/bin/../lib/gcc/arm-none-eabi/14.2.1/thumb/v6-m/nofp/crtbegin.o
                0x10004d20                        . = ALIGN (0x4)

.glue_7         0x10004d20        0x0
 .glue_7        0x10004d20        0x0 linker stubs

.glue_7t        0x10004d20        0x0
 .glue_7t       0x10004d20        0x0 linker stubs

.vfp11_veneer   0x10004d20        0x0
 .vfp11_veneer  0x10004d20        0x0 linker stubs

.v4_bx          0x10004d20        0x0
 .v4_bx         0x10004d20        0x0 linker stubs

.iplt           0x10004d20        0x0
 .iplt          0x10004d20        0x0 /home/kasper/.pico-sdk/toolchain/14_2_Rel1/bin/../lib/gcc/arm-none-eabi/14.2.1/thumb/v6-m/nofp/crtbegin.o

.rodata         0x10004d20      0x14c
 *(EXCLUDE_FILE(*libm.a: *libc.a:*lib_a-mem*.o *libgcc.a:) .rodata*)
 .rodata.main.str1.4
                0x10004d20       0xc8 CMakeFiles/app.dir/main.c.o
                                  0xb (size before relaxing)
 .rodata.panic.str1.4
                0x10004de8       0x12 CMakeFiles/app.dir/home/kasper/.pico-sdk/sdk/2.1.1/src/rp2_common/pico_platform_panic/panic.c.o
 .rodata.panic_unsupported.str1.4
                0x10004de8        0xe CMakeFiles/app.dir/home/kasper/.pico-sdk/sdk/2.1.1/src/rp2_common/pico_platform_panic/panic.c.o
 .rodata.spin_lock_claim.str1.4
                0x10004de8       0x1f CMakeFiles/app.dir/home/kasper/.pico-sdk/sdk/2.1.1/src/rp2_common/hardware_sync/sync.c.o
 .rodata.timer_hardware_alarm_claim.str1.4
                0x10004de8       0x22 CMakeFiles/app.dir/home/kasper/.pico-sdk/sdk/2.1.1/src/rp2_common/hardware_timer/timer.c.o
 .rodata.hard_assertion_failure.str1.4
                0x10004de8        0xc CMakeFiles/app.dir/home/kasper/.pico-sdk/sdk/2.1.1/src/rp2_common/pico_runtime/runtime.c.o
 .rodata.str1.4
                0x10004de8       0x38 CMakeFiles/app.dir/home/kasper/.pico-sdk/sdk/2.1.1/src/rp2_common/pico_standard_binary_info/standard_binary_info.c.o
 .rodata.__bi_84
                0x10004de8        0xc CMakeFiles/app.dir/home/kasper/.pico-sdk/sdk/2.1.1/src/rp2_common/pico_standard_binary_info/standard_binary_info.c.o
 .rodata.__bi_78
                0x10004df4        0xc CMakeFiles/app.dir/home/kasper/.pico-sdk/sdk/2.1.1/src/rp2_common/pico_standard_binary_info/standard_binary_info.c.o
 .rodata.__bi_54
                0x10004e00        0xc CMakeFiles/app.dir/home/kasper/.pico-sdk/sdk/2.1.1/src/rp2_common/pico_standard_binary_info/standard_binary_info.c.o
 .rodata.__bi_48
                0x10004e0c        0xc CMakeFiles/app.dir/home/kasper/.pico-sdk/sdk/2.1.1/src/rp2_common/pico_standard_binary_info/standard_binary_info.c.o
 .rodata.__bi_42
                0x10004e18        0xc CMakeFiles/app.dir/home/kasper/.pico-sdk/sdk/2.1.1/src/rp2_common/pico_standard_binary_info/standard_binary_info.c.o
 .rodata.__bi_34
                0x10004e24        0xc CMakeFiles/app.dir/home/kasper/.pico-sdk/sdk/2.1.1/src/rp2_common/pico_standard_binary_info/standard_binary_info.c.o
 .rodata.__bi_26
                0x10004e30        0xc CMakeFiles/app.dir/home/kasper/.pico-sdk/sdk/2.1.1/src/rp2_common/pico_standard_binary_info/standard_binary_info.c.o
 .rodata.crlf_str.0
                0x10004e3c        0x2 CMakeFiles/app.dir/home/kasper/.pico-sdk/sdk/2.1.1/src/rp2_common/pico_stdio/stdio.c.o
 *fill*         0x10004e3e        0x2 
 .rodata.uxTopUsedPriority
                0x10004e40        0x4 CMakeFiles/app.dir/home/kasper/Documents/Civilingenioer_Robotteknologi/ISA_IPC/freertos-pi-pico/FreeRTOS-Kernel/tasks.c.o
                0x10004e40                uxTopUsedPriority
 .rodata.prvTimerTask
                0x10004e44       0x28 CMakeFiles/app.dir/home/kasper/Documents/Civilingenioer_Robotteknologi/ISA_IPC/freertos-pi-pico/FreeRTOS-Kernel/timers.c.o
 .rodata.xTimerCreateTimerTask.str1.4
                0x10004e6c       0x10 CMakeFiles/app.dir/home/kasper/Documents/Civilingenioer_Robotteknologi/ISA_IPC/freertos-pi-pico/FreeRTOS-Kernel/timers.c.o
                0x10004e7c                        . = ALIGN (0x4)
 *(SORT_BY_ALIGNMENT(SORT_BY_NAME(.flashdata*)))
                0x10004e7c                        . = ALIGN (0x4)

.ARM.extab
 *(.ARM.extab* .gnu.linkonce.armextab.*)
                0x10004e6c                        __exidx_start = .

.ARM.exidx
 *(.ARM.exidx* .gnu.linkonce.armexidx.*)
                0x10004e6c                        __exidx_end = .
                0x10004e7c                        . = ALIGN (0x4)
                0x10004e6c                        __binary_info_start = .

.binary_info    0x10004e6c       0x1c
 *(.binary_info.keep.*)
 .binary_info.keep.__bi_ptr84
                0x10004e6c        0x4 CMakeFiles/app.dir/home/kasper/.pico-sdk/sdk/2.1.1/src/rp2_common/pico_standard_binary_info/standard_binary_info.c.o
 .binary_info.keep.__bi_ptr78
                0x10004e70        0x4 CMakeFiles/app.dir/home/kasper/.pico-sdk/sdk/2.1.1/src/rp2_common/pico_standard_binary_info/standard_binary_info.c.o
 .binary_info.keep.__bi_ptr54
                0x10004e74        0x4 CMakeFiles/app.dir/home/kasper/.pico-sdk/sdk/2.1.1/src/rp2_common/pico_standard_binary_info/standard_binary_info.c.o
 .binary_info.keep.__bi_ptr48
                0x10004e78        0x4 CMakeFiles/app.dir/home/kasper/.pico-sdk/sdk/2.1.1/src/rp2_common/pico_standard_binary_info/standard_binary_info.c.o
 .binary_info.keep.__bi_ptr42
                0x10004e7c        0x4 CMakeFiles/app.dir/home/kasper/.pico-sdk/sdk/2.1.1/src/rp2_common/pico_standard_binary_info/standard_binary_info.c.o
 .binary_info.keep.__bi_ptr34
                0x10004e80        0x4 CMakeFiles/app.dir/home/kasper/.pico-sdk/sdk/2.1.1/src/rp2_common/pico_standard_binary_info/standard_binary_info.c.o
 .binary_info.keep.__bi_ptr26
                0x10004e84        0x4 CMakeFiles/app.dir/home/kasper/.pico-sdk/sdk/2.1.1/src/rp2_common/pico_standard_binary_info/standard_binary_info.c.o
 *(.binary_info.*)
                0x10004e88                        __binary_info_end = .

.rel.dyn        0x10004e88        0x0
 .rel.iplt      0x10004e88        0x0 /home/kasper/.pico-sdk/toolchain/14_2_Rel1/bin/../lib/gcc/arm-none-eabi/14.2.1/thumb/v6-m/nofp/crtbegin.o
                0x10004e88                        . = ALIGN (0x4)

.ram_vector_table
                0x20000000       0xc0
 *(.ram_vector_table)
 .ram_vector_table
                0x20000000       0xc0 CMakeFiles/app.dir/home/kasper/.pico-sdk/sdk/2.1.1/src/rp2_common/pico_runtime_init/runtime_init.c.o
                0x20000000                ram_vector_table

.uninitialized_data
                0x200000c0        0x0
                0x200000c0                        . = ALIGN (0x4)
 *(.uninitialized_data*)

.data           0x200000c0      0x2f4 load address 0x10004e88
                0x200000c0                        __data_start__ = .
 *(vtable)
 *(.time_critical*)
 .time_critical.mutex_try_enter_block_until
                0x200000c0       0xa0 CMakeFiles/app.dir/home/kasper/.pico-sdk/sdk/2.1.1/src/common/pico_sync/mutex.c.o
                0x200000c0                mutex_try_enter_block_until
 .time_critical.mutex_exit
                0x20000160       0x20 CMakeFiles/app.dir/home/kasper/.pico-sdk/sdk/2.1.1/src/common/pico_sync/mutex.c.o
                0x20000160                mutex_exit
 .time_critical.flash_init_boot2_copyout
                0x20000180       0x30 CMakeFiles/app.dir/home/kasper/.pico-sdk/sdk/2.1.1/src/rp2_common/hardware_flash/flash.c.o
 .time_critical.flash_enable_xip_via_boot2
                0x200001b0        0xc CMakeFiles/app.dir/home/kasper/.pico-sdk/sdk/2.1.1/src/rp2_common/hardware_flash/flash.c.o
 .time_critical.flash_cs_force
                0x200001bc       0x38 CMakeFiles/app.dir/home/kasper/.pico-sdk/sdk/2.1.1/src/rp2_common/hardware_flash/flash.c.o
 .time_critical.flash_do_cmd
                0x200001f4      0x130 CMakeFiles/app.dir/home/kasper/.pico-sdk/sdk/2.1.1/src/rp2_common/hardware_flash/flash.c.o
                0x200001f4                flash_do_cmd
 *(.text*)
 .text          0x20000324        0x4 /home/kasper/.pico-sdk/toolchain/14_2_Rel1/bin/../lib/gcc/arm-none-eabi/14.2.1/thumb/v6-m/nofp/libgcc.a(_dvmd_tls.o)
                0x20000324                __aeabi_ldiv0
                0x20000324                __aeabi_idiv0
 .text.__stub   0x20000328       0x30 linker stubs
                0x20000358                        . = ALIGN (0x4)
 *(.rodata*)
                0x20000358                        . = ALIGN (0x4)
 *(.data*)
 .data.striped_spin_lock_num
                0x20000358        0x1 CMakeFiles/app.dir/home/kasper/.pico-sdk/sdk/2.1.1/src/rp2_common/hardware_sync/sync.c.o
 *fill*         0x20000359        0x3 
 .data.default_alarm_pool
                0x2000035c       0x18 CMakeFiles/app.dir/home/kasper/.pico-sdk/sdk/2.1.1/src/common/pico_time/time.c.o
 *fill*         0x20000374        0xc 
 .data.aeabi_bits_funcs
                0x20000380       0x10 CMakeFiles/app.dir/home/kasper/.pico-sdk/sdk/2.1.1/src/rp2_common/pico_bit_ops/bit_ops_aeabi.S.o
                0x20000380                aeabi_bits_funcs
                0x20000390                aeabi_bits_funcs_end
 .data.aeabi_mem_funcs
                0x20000390       0x10 CMakeFiles/app.dir/home/kasper/.pico-sdk/sdk/2.1.1/src/rp2_common/pico_mem_ops/mem_ops_aeabi.S.o
                0x20000390                aeabi_mem_funcs
                0x200003a0                aeabi_mem_funcs_end
 .data.ucPrimaryCoreNum
                0x200003a0        0x1 CMakeFiles/app.dir/home/kasper/Documents/Civilingenioer_Robotteknologi/ISA_IPC/freertos-pi-pico/FreeRTOS-Kernel/portable/ThirdParty/GCC/RP2040/port.c.o
                0x200003a4                        . = ALIGN (0x4)
 *fill*         0x200003a1        0x3 
 *(.after_data.*)
                0x200003a4                        . = ALIGN (0x4)
                0x200003a4                        PROVIDE (__mutex_array_start = .)
 *(SORT_BY_NAME(.mutex_array.*))
 *(.mutex_array)
 .mutex_array   0x200003a4        0x8 CMakeFiles/app.dir/home/kasper/.pico-sdk/sdk/2.1.1/src/rp2_common/pico_malloc/malloc.c.o
 .mutex_array   0x200003ac        0x8 CMakeFiles/app.dir/home/kasper/.pico-sdk/sdk/2.1.1/src/rp2_common/pico_stdio/stdio.c.o
                0x200003b4                        PROVIDE (__mutex_array_end = .)
                0x200003b4                        . = ALIGN (0x4)
 *(.jcr)
                0x200003b4                        . = ALIGN (0x4)

.tm_clone_table
                0x200003b4        0x0 load address 0x1000517c
 .tm_clone_table
                0x200003b4        0x0 /home/kasper/.pico-sdk/toolchain/14_2_Rel1/bin/../lib/gcc/arm-none-eabi/14.2.1/thumb/v6-m/nofp/crtbegin.o
 .tm_clone_table
                0x200003b4        0x0 /home/kasper/.pico-sdk/toolchain/14_2_Rel1/bin/../lib/gcc/arm-none-eabi/14.2.1/thumb/v6-m/nofp/crtend.o

.igot.plt       0x200003b4        0x0 load address 0x1000517c
 .igot.plt      0x200003b4        0x0 /home/kasper/.pico-sdk/toolchain/14_2_Rel1/bin/../lib/gcc/arm-none-eabi/14.2.1/thumb/v6-m/nofp/crtbegin.o

.tdata          0x200003b4        0x0 load address 0x1000517c
                0x200003b4                        . = ALIGN (0x4)
 *(.tdata .tdata.* .gnu.linkonce.td.*)
                0x200003b4                        __tdata_end = .
                0x200003b4                        PROVIDE (__data_end__ = .)
                0x10004e88                        __etext = LOADADDR (.data)

.tbss           0x200003b4        0x0 load address 0x1000517c
                0x200003b4                        . = ALIGN (0x4)
                0x200003b4                        __bss_start__ = .
                0x200003b4                        __tls_base = .
 *(.tbss .tbss.* .gnu.linkonce.tb.*)
 *(.tcommon)
                0x200003b4                        __tls_end = .

.bss            0x200003b8    0x208dc load address 0x1000517c
                0x200003b8                        . = ALIGN (0x4)
                0x200003b8                        __tbss_end = .
 *(SORT_BY_ALIGNMENT(SORT_BY_NAME(.bss*)))
 .bss.default_alarm_pool_entries
                0x200003b8      0x180 CMakeFiles/app.dir/home/kasper/.pico-sdk/sdk/2.1.1/src/common/pico_time/time.c.o
 .bss.sd_table  0x20000538      0x100 CMakeFiles/app.dir/home/kasper/.pico-sdk/sdk/2.1.1/src/rp2_common/pico_double/double_init_rom_rp2040.c.o
                0x20000538                sd_table
 .bss.sf_table  0x20000638      0x100 CMakeFiles/app.dir/home/kasper/.pico-sdk/sdk/2.1.1/src/rp2_common/pico_float/float_init_rom_rp2040.c.o
                0x20000638                sf_table
 .bss.xQueueRegistry
                0x20000738       0x40 CMakeFiles/app.dir/home/kasper/Documents/Civilingenioer_Robotteknologi/ISA_IPC/freertos-pi-pico/FreeRTOS-Kernel/queue.c.o
                0x20000738                xQueueRegistry
 .bss.boot2_copyout
                0x20000778      0x100 CMakeFiles/app.dir/home/kasper/.pico-sdk/sdk/2.1.1/src/rp2_common/hardware_flash/flash.c.o
 .bss.claimed   0x20000878        0x4 CMakeFiles/app.dir/home/kasper/.pico-sdk/sdk/2.1.1/src/rp2_common/hardware_sync/sync.c.o
 .bss.claimed   0x2000087c        0x1 CMakeFiles/app.dir/home/kasper/.pico-sdk/sdk/2.1.1/src/rp2_common/hardware_timer/timer.c.o
 *fill*         0x2000087d        0x3 
 .bss.configured_freq
                0x20000880       0x28 CMakeFiles/app.dir/home/kasper/.pico-sdk/sdk/2.1.1/src/rp2_common/hardware_clocks/clocks.c.o
 .bss.drivers   0x200008a8        0x4 CMakeFiles/app.dir/home/kasper/.pico-sdk/sdk/2.1.1/src/rp2_common/pico_stdio/stdio.c.o
 .bss.filter    0x200008ac        0x4 CMakeFiles/app.dir/home/kasper/.pico-sdk/sdk/2.1.1/src/rp2_common/pico_stdio/stdio.c.o
 .bss.lazy_vsnprintf
                0x200008b0        0x4 CMakeFiles/app.dir/home/kasper/.pico-sdk/sdk/2.1.1/src/rp2_common/pico_printf/printf.c.o
 .bss.object.0  0x200008b4       0x18 /home/kasper/.pico-sdk/toolchain/14_2_Rel1/bin/../lib/gcc/arm-none-eabi/14.2.1/thumb/v6-m/nofp/crtbegin.o
 .bss.pools     0x200008cc       0x10 CMakeFiles/app.dir/home/kasper/.pico-sdk/sdk/2.1.1/src/common/pico_time/time.c.o
 .bss.pxCurrentTCBs
                0x200008dc        0x8 CMakeFiles/app.dir/home/kasper/Documents/Civilingenioer_Robotteknologi/ISA_IPC/freertos-pi-pico/FreeRTOS-Kernel/tasks.c.o
                0x200008dc                pxCurrentTCBs
 .bss.pxCurrentTimerList
                0x200008e4        0x4 CMakeFiles/app.dir/home/kasper/Documents/Civilingenioer_Robotteknologi/ISA_IPC/freertos-pi-pico/FreeRTOS-Kernel/timers.c.o
 .bss.pxDelayedTaskList
                0x200008e8        0x4 CMakeFiles/app.dir/home/kasper/Documents/Civilingenioer_Robotteknologi/ISA_IPC/freertos-pi-pico/FreeRTOS-Kernel/tasks.c.o
 .bss.pxEnd     0x200008ec        0x4 CMakeFiles/app.dir/home/kasper/Documents/Civilingenioer_Robotteknologi/ISA_IPC/freertos-pi-pico/FreeRTOS-Kernel/portable/MemMang/heap_4.c.o
 .bss.pxOverflowDelayedTaskList
                0x200008f0        0x4 CMakeFiles/app.dir/home/kasper/Documents/Civilingenioer_Robotteknologi/ISA_IPC/freertos-pi-pico/FreeRTOS-Kernel/tasks.c.o
 .bss.pxOverflowTimerList
                0x200008f4        0x4 CMakeFiles/app.dir/home/kasper/Documents/Civilingenioer_Robotteknologi/ISA_IPC/freertos-pi-pico/FreeRTOS-Kernel/timers.c.o
 .bss.pxReadyTasksLists
                0x200008f8      0x280 CMakeFiles/app.dir/home/kasper/Documents/Civilingenioer_Robotteknologi/ISA_IPC/freertos-pi-pico/FreeRTOS-Kernel/tasks.c.o
 .bss.pxYieldSpinLock
                0x20000b78        0x8 CMakeFiles/app.dir/home/kasper/Documents/Civilingenioer_Robotteknologi/ISA_IPC/freertos-pi-pico/FreeRTOS-Kernel/portable/ThirdParty/GCC/RP2040/port.c.o
 .bss.retrieved_id
                0x20000b80        0x8 CMakeFiles/app.dir/home/kasper/.pico-sdk/sdk/2.1.1/src/rp2_common/pico_unique_id/unique_id.c.o
 .bss.sf_clz_func
                0x20000b88        0x4 CMakeFiles/app.dir/home/kasper/.pico-sdk/sdk/2.1.1/src/rp2_common/pico_double/double_init_rom_rp2040.c.o
                0x20000b88                sf_clz_func
 .bss.sleep_notifier
                0x20000b8c        0x4 CMakeFiles/app.dir/home/kasper/.pico-sdk/sdk/2.1.1/src/common/pico_time/time.c.o
 .bss.ucHeap    0x20000b90    0x20000 CMakeFiles/app.dir/home/kasper/Documents/Civilingenioer_Robotteknologi/ISA_IPC/freertos-pi-pico/FreeRTOS-Kernel/portable/MemMang/heap_4.c.o
 .bss.ucOwnedByCore.1
                0x20020b90        0x2 CMakeFiles/app.dir/home/kasper/Documents/Civilingenioer_Robotteknologi/ISA_IPC/freertos-pi-pico/FreeRTOS-Kernel/tasks.c.o
 *fill*         0x20020b92        0x2 
 .bss.ucRecursionCountByLock.0
                0x20020b94        0x2 CMakeFiles/app.dir/home/kasper/Documents/Civilingenioer_Robotteknologi/ISA_IPC/freertos-pi-pico/FreeRTOS-Kernel/tasks.c.o
 *fill*         0x20020b96        0x2 
 .bss.ulYieldSpinLockSaveValue
                0x20020b98        0x8 CMakeFiles/app.dir/home/kasper/Documents/Civilingenioer_Robotteknologi/ISA_IPC/freertos-pi-pico/FreeRTOS-Kernel/portable/ThirdParty/GCC/RP2040/port.c.o
 .bss.uxCurrentNumberOfTasks
                0x20020ba0        0x4 CMakeFiles/app.dir/home/kasper/Documents/Civilingenioer_Robotteknologi/ISA_IPC/freertos-pi-pico/FreeRTOS-Kernel/tasks.c.o
 .bss.uxDeletedTasksWaitingCleanUp
                0x20020ba4        0x4 CMakeFiles/app.dir/home/kasper/Documents/Civilingenioer_Robotteknologi/ISA_IPC/freertos-pi-pico/FreeRTOS-Kernel/tasks.c.o
 .bss.uxSchedulerSuspended
                0x20020ba8        0x4 CMakeFiles/app.dir/home/kasper/Documents/Civilingenioer_Robotteknologi/ISA_IPC/freertos-pi-pico/FreeRTOS-Kernel/tasks.c.o
 .bss.uxTaskNumber
                0x20020bac        0x4 CMakeFiles/app.dir/home/kasper/Documents/Civilingenioer_Robotteknologi/ISA_IPC/freertos-pi-pico/FreeRTOS-Kernel/tasks.c.o
 .bss.uxTopReadyPriority
                0x20020bb0        0x4 CMakeFiles/app.dir/home/kasper/Documents/Civilingenioer_Robotteknologi/ISA_IPC/freertos-pi-pico/FreeRTOS-Kernel/tasks.c.o
 .bss.xActiveTimerList1
                0x20020bb4       0x14 CMakeFiles/app.dir/home/kasper/Documents/Civilingenioer_Robotteknologi/ISA_IPC/freertos-pi-pico/FreeRTOS-Kernel/timers.c.o
 .bss.xActiveTimerList2
                0x20020bc8       0x14 CMakeFiles/app.dir/home/kasper/Documents/Civilingenioer_Robotteknologi/ISA_IPC/freertos-pi-pico/FreeRTOS-Kernel/timers.c.o
 .bss.xBlockAllocatedBit
                0x20020bdc        0x4 CMakeFiles/app.dir/home/kasper/Documents/Civilingenioer_Robotteknologi/ISA_IPC/freertos-pi-pico/FreeRTOS-Kernel/portable/MemMang/heap_4.c.o
 .bss.xDelayedTaskList1
                0x20020be0       0x14 CMakeFiles/app.dir/home/kasper/Documents/Civilingenioer_Robotteknologi/ISA_IPC/freertos-pi-pico/FreeRTOS-Kernel/tasks.c.o
 .bss.xDelayedTaskList2
                0x20020bf4       0x14 CMakeFiles/app.dir/home/kasper/Documents/Civilingenioer_Robotteknologi/ISA_IPC/freertos-pi-pico/FreeRTOS-Kernel/tasks.c.o
 .bss.xEventGroup
                0x20020c08        0x4 CMakeFiles/app.dir/home/kasper/Documents/Civilingenioer_Robotteknologi/ISA_IPC/freertos-pi-pico/FreeRTOS-Kernel/portable/ThirdParty/GCC/RP2040/port.c.o
 .bss.xFreeBytesRemaining
                0x20020c0c        0x4 CMakeFiles/app.dir/home/kasper/Documents/Civilingenioer_Robotteknologi/ISA_IPC/freertos-pi-pico/FreeRTOS-Kernel/portable/MemMang/heap_4.c.o
 .bss.xIdleTaskHandle
                0x20020c10        0x8 CMakeFiles/app.dir/home/kasper/Documents/Civilingenioer_Robotteknologi/ISA_IPC/freertos-pi-pico/FreeRTOS-Kernel/tasks.c.o
 .bss.xLastTime.0
                0x20020c18        0x4 CMakeFiles/app.dir/home/kasper/Documents/Civilingenioer_Robotteknologi/ISA_IPC/freertos-pi-pico/FreeRTOS-Kernel/timers.c.o
 .bss.xMinimumEverFreeBytesRemaining
                0x20020c1c        0x4 CMakeFiles/app.dir/home/kasper/Documents/Civilingenioer_Robotteknologi/ISA_IPC/freertos-pi-pico/FreeRTOS-Kernel/portable/MemMang/heap_4.c.o
 .bss.xNextTaskUnblockTime
                0x20020c20        0x4 CMakeFiles/app.dir/home/kasper/Documents/Civilingenioer_Robotteknologi/ISA_IPC/freertos-pi-pico/FreeRTOS-Kernel/tasks.c.o
 .bss.xNumOfOverflows
                0x20020c24        0x4 CMakeFiles/app.dir/home/kasper/Documents/Civilingenioer_Robotteknologi/ISA_IPC/freertos-pi-pico/FreeRTOS-Kernel/tasks.c.o
 .bss.xNumberOfSuccessfulAllocations
                0x20020c28        0x4 CMakeFiles/app.dir/home/kasper/Documents/Civilingenioer_Robotteknologi/ISA_IPC/freertos-pi-pico/FreeRTOS-Kernel/portable/MemMang/heap_4.c.o
 .bss.xNumberOfSuccessfulFrees
                0x20020c2c        0x4 CMakeFiles/app.dir/home/kasper/Documents/Civilingenioer_Robotteknologi/ISA_IPC/freertos-pi-pico/FreeRTOS-Kernel/portable/MemMang/heap_4.c.o
 .bss.xPendedTicks
                0x20020c30        0x4 CMakeFiles/app.dir/home/kasper/Documents/Civilingenioer_Robotteknologi/ISA_IPC/freertos-pi-pico/FreeRTOS-Kernel/tasks.c.o
 .bss.xPendingReadyList
                0x20020c34       0x14 CMakeFiles/app.dir/home/kasper/Documents/Civilingenioer_Robotteknologi/ISA_IPC/freertos-pi-pico/FreeRTOS-Kernel/tasks.c.o
 .bss.xSchedulerRunning
                0x20020c48        0x4 CMakeFiles/app.dir/home/kasper/Documents/Civilingenioer_Robotteknologi/ISA_IPC/freertos-pi-pico/FreeRTOS-Kernel/tasks.c.o
 .bss.xStart    0x20020c4c        0x8 CMakeFiles/app.dir/home/kasper/Documents/Civilingenioer_Robotteknologi/ISA_IPC/freertos-pi-pico/FreeRTOS-Kernel/portable/MemMang/heap_4.c.o
 .bss.xSuspendedTaskList
                0x20020c54       0x14 CMakeFiles/app.dir/home/kasper/Documents/Civilingenioer_Robotteknologi/ISA_IPC/freertos-pi-pico/FreeRTOS-Kernel/tasks.c.o
 .bss.xTasksWaitingTermination
                0x20020c68       0x14 CMakeFiles/app.dir/home/kasper/Documents/Civilingenioer_Robotteknologi/ISA_IPC/freertos-pi-pico/FreeRTOS-Kernel/tasks.c.o
 .bss.xTickCount
                0x20020c7c        0x4 CMakeFiles/app.dir/home/kasper/Documents/Civilingenioer_Robotteknologi/ISA_IPC/freertos-pi-pico/FreeRTOS-Kernel/tasks.c.o
 .bss.xTimerQueue
                0x20020c80        0x4 CMakeFiles/app.dir/home/kasper/Documents/Civilingenioer_Robotteknologi/ISA_IPC/freertos-pi-pico/FreeRTOS-Kernel/timers.c.o
 .bss.xTimerTaskHandle
                0x20020c84        0x4 CMakeFiles/app.dir/home/kasper/Documents/Civilingenioer_Robotteknologi/ISA_IPC/freertos-pi-pico/FreeRTOS-Kernel/timers.c.o
 .bss.xYieldPendings
                0x20020c88        0x8 CMakeFiles/app.dir/home/kasper/Documents/Civilingenioer_Robotteknologi/ISA_IPC/freertos-pi-pico/FreeRTOS-Kernel/tasks.c.o
 .bss.boot2_copyout_valid
                0x20020c90        0x1 CMakeFiles/app.dir/home/kasper/.pico-sdk/sdk/2.1.1/src/rp2_common/hardware_flash/flash.c.o
 *(COMMON)
                0x20020c94                        . = ALIGN (0x4)
 *fill*         0x20020c91        0x3 
                0x20020c94                        __bss_end__ = .

.heap           0x20020c94      0x800 load address 0x1000517c
                0x20020c94                        __end__ = .
                0x20020c94                        end = __end__
 *(.heap*)
 .heap          0x20020c94      0x800 CMakeFiles/app.dir/home/kasper/.pico-sdk/sdk/2.1.1/src/rp2_common/pico_crt0/crt0.S.o
                0x20040000                        __HeapLimit = (ORIGIN (RAM) + LENGTH (RAM))

.scratch_x      0x20040000        0x0 load address 0x1000517c
                0x20040000                        __scratch_x_start__ = .
 *(.scratch_x.*)
                0x20040000                        . = ALIGN (0x4)
                0x20040000                        __scratch_x_end__ = .
                0x1000517c                        __scratch_x_source__ = LOADADDR (.scratch_x)

.scratch_y      0x20041000        0x0 load address 0x1000517c
                0x20041000                        __scratch_y_start__ = .
 *(.scratch_y.*)
                0x20041000                        . = ALIGN (0x4)
                0x20041000                        __scratch_y_end__ = .
                0x1000517c                        __scratch_y_source__ = LOADADDR (.scratch_y)

.stack1_dummy   0x20040000      0x800
 *(.stack1*)
 .stack1        0x20040000      0x800 CMakeFiles/app.dir/home/kasper/.pico-sdk/sdk/2.1.1/src/rp2_common/pico_multicore/multicore.c.o

.stack_dummy    0x20041000      0x800
 *(.stack*)
 .stack         0x20041000      0x800 CMakeFiles/app.dir/home/kasper/.pico-sdk/sdk/2.1.1/src/rp2_common/pico_crt0/crt0.S.o

.flash_end      0x1000517c        0x0
 *(.embedded_end_block*)
                0x1000517c                        PROVIDE (__flash_binary_end = .)
                0x20040000                        __StackLimit = (ORIGIN (RAM) + LENGTH (RAM))
                0x20041000                        __StackOneTop = (ORIGIN (SCRATCH_X) + LENGTH (SCRATCH_X))
                0x20042000                        __StackTop = (ORIGIN (SCRATCH_Y) + LENGTH (SCRATCH_Y))
                0x20040800                        __StackOneBottom = (__StackOneTop - SIZEOF (.stack1_dummy))
                0x20041800                        __StackBottom = (__StackTop - SIZEOF (.stack_dummy))
                0x20042000                        PROVIDE (__stack = __StackTop)
                [!provide]                        PROVIDE (__heap_start = __end__)
                [!provide]                        PROVIDE (__heap_end = __HeapLimit)
                [!provide]                        PROVIDE (__tls_align = MAX (ALIGNOF (.tdata), ALIGNOF (.tbss)))
                [!provide]                        PROVIDE (__tls_size_align = (((__tls_size + __tls_align) - 0x1) & ~ ((__tls_align - 0x1))))
                [!provide]                        PROVIDE (__arm32_tls_tcb_offset = MAX (0x8, __tls_align))
                [!provide]                        PROVIDE (_end = __end__)
                [!provide]                        PROVIDE (__llvm_libc_heap_limit = __HeapLimit)
                0x00000001                        ASSERT ((__StackLimit >= __HeapLimit), region RAM overflowed)
                0x00000001                        ASSERT (((__binary_info_header_end - __logical_binary_start) <= 0x100), Binary info must be in first 256 bytes of the binary)
LOAD CMakeFiles/app.dir/main.c.o
LOAD CMakeFiles/app.dir/home/kasper/.pico-sdk/sdk/2.1.1/src/rp2_common/pico_stdlib/stdlib.c.o
LOAD CMakeFiles/app.dir/home/kasper/.pico-sdk/sdk/2.1.1/src/rp2_common/hardware_gpio/gpio.c.o
LOAD CMakeFiles/app.dir/home/kasper/.pico-sdk/sdk/2.1.1/src/rp2040/pico_platform/platform.c.o
LOAD CMakeFiles/app.dir/home/kasper/.pico-sdk/sdk/2.1.1/src/rp2_common/pico_platform_panic/panic.c.o
LOAD CMakeFiles/app.dir/home/kasper/.pico-sdk/sdk/2.1.1/src/common/hardware_claim/claim.c.o
LOAD CMakeFiles/app.dir/home/kasper/.pico-sdk/sdk/2.1.1/src/rp2_common/hardware_sync/sync.c.o
LOAD CMakeFiles/app.dir/home/kasper/.pico-sdk/sdk/2.1.1/src/rp2_common/hardware_sync_spin_lock/sync_spin_lock.c.o
LOAD CMakeFiles/app.dir/home/kasper/.pico-sdk/sdk/2.1.1/src/rp2_common/hardware_irq/irq.c.o
LOAD CMakeFiles/app.dir/home/kasper/.pico-sdk/sdk/2.1.1/src/rp2_common/hardware_irq/irq_handler_chain.S.o
LOAD CMakeFiles/app.dir/home/kasper/.pico-sdk/sdk/2.1.1/src/common/pico_sync/sem.c.o
LOAD CMakeFiles/app.dir/home/kasper/.pico-sdk/sdk/2.1.1/src/common/pico_sync/lock_core.c.o
LOAD CMakeFiles/app.dir/home/kasper/.pico-sdk/sdk/2.1.1/src/common/pico_sync/mutex.c.o
LOAD CMakeFiles/app.dir/home/kasper/.pico-sdk/sdk/2.1.1/src/common/pico_sync/critical_section.c.o
LOAD CMakeFiles/app.dir/home/kasper/.pico-sdk/sdk/2.1.1/src/common/pico_time/time.c.o
LOAD CMakeFiles/app.dir/home/kasper/.pico-sdk/sdk/2.1.1/src/common/pico_time/timeout_helper.c.o
LOAD CMakeFiles/app.dir/home/kasper/.pico-sdk/sdk/2.1.1/src/rp2_common/hardware_timer/timer.c.o
LOAD CMakeFiles/app.dir/home/kasper/.pico-sdk/sdk/2.1.1/src/common/pico_util/datetime.c.o
LOAD CMakeFiles/app.dir/home/kasper/.pico-sdk/sdk/2.1.1/src/common/pico_util/pheap.c.o
LOAD CMakeFiles/app.dir/home/kasper/.pico-sdk/sdk/2.1.1/src/common/pico_util/queue.c.o
LOAD CMakeFiles/app.dir/home/kasper/.pico-sdk/sdk/2.1.1/src/rp2_common/hardware_uart/uart.c.o
LOAD CMakeFiles/app.dir/home/kasper/.pico-sdk/sdk/2.1.1/src/rp2_common/hardware_clocks/clocks.c.o
LOAD CMakeFiles/app.dir/home/kasper/.pico-sdk/sdk/2.1.1/src/rp2_common/hardware_pll/pll.c.o
LOAD CMakeFiles/app.dir/home/kasper/.pico-sdk/sdk/2.1.1/src/rp2_common/hardware_vreg/vreg.c.o
LOAD CMakeFiles/app.dir/home/kasper/.pico-sdk/sdk/2.1.1/src/rp2_common/hardware_watchdog/watchdog.c.o
LOAD CMakeFiles/app.dir/home/kasper/.pico-sdk/sdk/2.1.1/src/rp2_common/hardware_ticks/ticks.c.o
LOAD CMakeFiles/app.dir/home/kasper/.pico-sdk/sdk/2.1.1/src/rp2_common/pico_bootrom/bootrom.c.o
LOAD CMakeFiles/app.dir/home/kasper/.pico-sdk/sdk/2.1.1/src/rp2_common/pico_bootrom/bootrom_lock.c.o
LOAD CMakeFiles/app.dir/home/kasper/.pico-sdk/sdk/2.1.1/src/rp2_common/hardware_boot_lock/boot_lock.c.o
LOAD CMakeFiles/app.dir/home/kasper/.pico-sdk/sdk/2.1.1/src/rp2_common/pico_flash/flash.c.o
LOAD CMakeFiles/app.dir/home/kasper/.pico-sdk/sdk/2.1.1/src/rp2_common/hardware_xosc/xosc.c.o
LOAD CMakeFiles/app.dir/home/kasper/.pico-sdk/sdk/2.1.1/src/rp2_common/hardware_divider/divider.S.o
LOAD CMakeFiles/app.dir/home/kasper/.pico-sdk/sdk/2.1.1/src/rp2_common/pico_runtime/runtime.c.o
LOAD CMakeFiles/app.dir/home/kasper/.pico-sdk/sdk/2.1.1/src/rp2_common/pico_runtime_init/runtime_init.c.o
LOAD CMakeFiles/app.dir/home/kasper/.pico-sdk/sdk/2.1.1/src/rp2_common/pico_runtime_init/runtime_init_clocks.c.o
LOAD CMakeFiles/app.dir/home/kasper/.pico-sdk/sdk/2.1.1/src/rp2_common/pico_runtime_init/runtime_init_stack_guard.c.o
LOAD CMakeFiles/app.dir/home/kasper/.pico-sdk/sdk/2.1.1/src/rp2_common/pico_bit_ops/bit_ops_aeabi.S.o
LOAD CMakeFiles/app.dir/home/kasper/.pico-sdk/sdk/2.1.1/src/rp2_common/pico_divider/divider_hardware.S.o
LOAD CMakeFiles/app.dir/home/kasper/.pico-sdk/sdk/2.1.1/src/rp2_common/pico_double/double_aeabi_rp2040.S.o
LOAD CMakeFiles/app.dir/home/kasper/.pico-sdk/sdk/2.1.1/src/rp2_common/pico_double/double_init_rom_rp2040.c.o
LOAD CMakeFiles/app.dir/home/kasper/.pico-sdk/sdk/2.1.1/src/rp2_common/pico_double/double_math.c.o
LOAD CMakeFiles/app.dir/home/kasper/.pico-sdk/sdk/2.1.1/src/rp2_common/pico_double/double_v1_rom_shim_rp2040.S.o
LOAD CMakeFiles/app.dir/home/kasper/.pico-sdk/sdk/2.1.1/src/rp2_common/pico_int64_ops/pico_int64_ops_aeabi.S.o
LOAD CMakeFiles/app.dir/home/kasper/.pico-sdk/sdk/2.1.1/src/rp2_common/pico_float/float_aeabi_rp2040.S.o
LOAD CMakeFiles/app.dir/home/kasper/.pico-sdk/sdk/2.1.1/src/rp2_common/pico_float/float_init_rom_rp2040.c.o
LOAD CMakeFiles/app.dir/home/kasper/.pico-sdk/sdk/2.1.1/src/rp2_common/pico_float/float_math.c.o
LOAD CMakeFiles/app.dir/home/kasper/.pico-sdk/sdk/2.1.1/src/rp2_common/pico_float/float_v1_rom_shim_rp2040.S.o
LOAD CMakeFiles/app.dir/home/kasper/.pico-sdk/sdk/2.1.1/src/rp2_common/pico_malloc/malloc.c.o
LOAD CMakeFiles/app.dir/home/kasper/.pico-sdk/sdk/2.1.1/src/rp2_common/pico_mem_ops/mem_ops_aeabi.S.o
LOAD CMakeFiles/app.dir/home/kasper/.pico-sdk/sdk/2.1.1/src/rp2_common/pico_atomic/atomic.c.o
LOAD CMakeFiles/app.dir/home/kasper/.pico-sdk/sdk/2.1.1/src/rp2_common/pico_cxx_options/new_delete.cpp.o
LOAD CMakeFiles/app.dir/home/kasper/.pico-sdk/sdk/2.1.1/src/rp2_common/pico_standard_binary_info/standard_binary_info.c.o
LOAD CMakeFiles/app.dir/home/kasper/.pico-sdk/sdk/2.1.1/src/rp2_common/pico_printf/printf.c.o
LOAD CMakeFiles/app.dir/home/kasper/.pico-sdk/sdk/2.1.1/src/rp2_common/pico_crt0/crt0.S.o
LOAD CMakeFiles/app.dir/home/kasper/.pico-sdk/sdk/2.1.1/src/rp2_common/pico_clib_interface/newlib_interface.c.o
LOAD CMakeFiles/app.dir/home/kasper/.pico-sdk/sdk/2.1.1/src/rp2_common/pico_stdio/stdio.c.o
LOAD CMakeFiles/app.dir/home/kasper/.pico-sdk/sdk/2.1.1/src/rp2_common/pico_stdio_uart/stdio_uart.c.o
LOAD CMakeFiles/app.dir/home/kasper/.pico-sdk/sdk/2.1.1/src/rp2_common/pico_stdio_usb/reset_interface.c.o
LOAD CMakeFiles/app.dir/home/kasper/.pico-sdk/sdk/2.1.1/src/rp2_common/pico_stdio_usb/stdio_usb.c.o
LOAD CMakeFiles/app.dir/home/kasper/.pico-sdk/sdk/2.1.1/src/rp2_common/pico_stdio_usb/stdio_usb_descriptors.c.o
LOAD CMakeFiles/app.dir/home/kasper/.pico-sdk/sdk/2.1.1/src/rp2_common/pico_unique_id/unique_id.c.o
LOAD CMakeFiles/app.dir/home/kasper/.pico-sdk/sdk/2.1.1/src/rp2_common/hardware_flash/flash.c.o
LOAD CMakeFiles/app.dir/home/kasper/.pico-sdk/sdk/2.1.1/src/rp2_common/hardware_xip_cache/xip_cache.c.o
LOAD CMakeFiles/app.dir/home/kasper/.pico-sdk/sdk/2.1.1/lib/tinyusb/src/portable/raspberrypi/rp2040/dcd_rp2040.c.o
LOAD CMakeFiles/app.dir/home/kasper/.pico-sdk/sdk/2.1.1/lib/tinyusb/src/portable/raspberrypi/rp2040/rp2040_usb.c.o
LOAD CMakeFiles/app.dir/home/kasper/.pico-sdk/sdk/2.1.1/lib/tinyusb/src/device/usbd.c.o
LOAD CMakeFiles/app.dir/home/kasper/.pico-sdk/sdk/2.1.1/lib/tinyusb/src/device/usbd_control.c.o
LOAD CMakeFiles/app.dir/home/kasper/.pico-sdk/sdk/2.1.1/lib/tinyusb/src/class/audio/audio_device.c.o
LOAD CMakeFiles/app.dir/home/kasper/.pico-sdk/sdk/2.1.1/lib/tinyusb/src/class/cdc/cdc_device.c.o
LOAD CMakeFiles/app.dir/home/kasper/.pico-sdk/sdk/2.1.1/lib/tinyusb/src/class/dfu/dfu_device.c.o
LOAD CMakeFiles/app.dir/home/kasper/.pico-sdk/sdk/2.1.1/lib/tinyusb/src/class/dfu/dfu_rt_device.c.o
LOAD CMakeFiles/app.dir/home/kasper/.pico-sdk/sdk/2.1.1/lib/tinyusb/src/class/hid/hid_device.c.o
LOAD CMakeFiles/app.dir/home/kasper/.pico-sdk/sdk/2.1.1/lib/tinyusb/src/class/midi/midi_device.c.o
LOAD CMakeFiles/app.dir/home/kasper/.pico-sdk/sdk/2.1.1/lib/tinyusb/src/class/msc/msc_device.c.o
LOAD CMakeFiles/app.dir/home/kasper/.pico-sdk/sdk/2.1.1/lib/tinyusb/src/class/net/ecm_rndis_device.c.o
LOAD CMakeFiles/app.dir/home/kasper/.pico-sdk/sdk/2.1.1/lib/tinyusb/src/class/net/ncm_device.c.o
LOAD CMakeFiles/app.dir/home/kasper/.pico-sdk/sdk/2.1.1/lib/tinyusb/src/class/usbtmc/usbtmc_device.c.o
LOAD CMakeFiles/app.dir/home/kasper/.pico-sdk/sdk/2.1.1/lib/tinyusb/src/class/vendor/vendor_device.c.o
LOAD CMakeFiles/app.dir/home/kasper/.pico-sdk/sdk/2.1.1/lib/tinyusb/src/class/video/video_device.c.o
LOAD CMakeFiles/app.dir/home/kasper/.pico-sdk/sdk/2.1.1/lib/tinyusb/src/tusb.c.o
LOAD CMakeFiles/app.dir/home/kasper/.pico-sdk/sdk/2.1.1/lib/tinyusb/src/common/tusb_fifo.c.o
LOAD CMakeFiles/app.dir/home/kasper/.pico-sdk/sdk/2.1.1/src/rp2_common/pico_fix/rp2040_usb_device_enumeration/rp2040_usb_device_enumeration.c.o
LOAD CMakeFiles/app.dir/home/kasper/Documents/Civilingenioer_Robotteknologi/ISA_IPC/freertos-pi-pico/FreeRTOS-Kernel/portable/ThirdParty/GCC/RP2040/port.c.o
LOAD CMakeFiles/app.dir/home/kasper/Documents/Civilingenioer_Robotteknologi/ISA_IPC/freertos-pi-pico/FreeRTOS-Kernel/croutine.c.o
LOAD CMakeFiles/app.dir/home/kasper/Documents/Civilingenioer_Robotteknologi/ISA_IPC/freertos-pi-pico/FreeRTOS-Kernel/event_groups.c.o
LOAD CMakeFiles/app.dir/home/kasper/Documents/Civilingenioer_Robotteknologi/ISA_IPC/freertos-pi-pico/FreeRTOS-Kernel/list.c.o
LOAD CMakeFiles/app.dir/home/kasper/Documents/Civilingenioer_Robotteknologi/ISA_IPC/freertos-pi-pico/FreeRTOS-Kernel/queue.c.o
LOAD CMakeFiles/app.dir/home/kasper/Documents/Civilingenioer_Robotteknologi/ISA_IPC/freertos-pi-pico/FreeRTOS-Kernel/stream_buffer.c.o
LOAD CMakeFiles/app.dir/home/kasper/Documents/Civilingenioer_Robotteknologi/ISA_IPC/freertos-pi-pico/FreeRTOS-Kernel/tasks.c.o
LOAD CMakeFiles/app.dir/home/kasper/Documents/Civilingenioer_Robotteknologi/ISA_IPC/freertos-pi-pico/FreeRTOS-Kernel/timers.c.o
LOAD CMakeFiles/app.dir/home/kasper/.pico-sdk/sdk/2.1.1/src/rp2_common/hardware_exception/exception.c.o
LOAD CMakeFiles/app.dir/home/kasper/.pico-sdk/sdk/2.1.1/src/rp2_common/pico_multicore/multicore.c.o
LOAD CMakeFiles/app.dir/home/kasper/Documents/Civilingenioer_Robotteknologi/ISA_IPC/freertos-pi-pico/FreeRTOS-Kernel/portable/MemMang/heap_4.c.o
LOAD pico-sdk/src/rp2040/boot_stage2/CMakeFiles/bs2_default_library.dir/bs2_default_padded_checksummed.S.o
LOAD /home/kasper/.pico-sdk/toolchain/14_2_Rel1/bin/../lib/gcc/arm-none-eabi/14.2.1/../../../../arm-none-eabi/lib/thumb/v6-m/nofp/libstdc++.a
LOAD /home/kasper/.pico-sdk/toolchain/14_2_Rel1/bin/../lib/gcc/arm-none-eabi/14.2.1/../../../../arm-none-eabi/lib/thumb/v6-m/nofp/libm.a
START GROUP
LOAD /home/kasper/.pico-sdk/toolchain/14_2_Rel1/bin/../lib/gcc/arm-none-eabi/14.2.1/thumb/v6-m/nofp/libgcc.a
LOAD /home/kasper/.pico-sdk/toolchain/14_2_Rel1/bin/../lib/gcc/arm-none-eabi/14.2.1/../../../../arm-none-eabi/lib/thumb/v6-m/nofp/libg.a
LOAD /home/kasper/.pico-sdk/toolchain/14_2_Rel1/bin/../lib/gcc/arm-none-eabi/14.2.1/../../../../arm-none-eabi/lib/thumb/v6-m/nofp/libc.a
END GROUP
START GROUP
LOAD /home/kasper/.pico-sdk/toolchain/14_2_Rel1/bin/../lib/gcc/arm-none-eabi/14.2.1/thumb/v6-m/nofp/libgcc.a
LOAD /home/kasper/.pico-sdk/toolchain/14_2_Rel1/bin/../lib/gcc/arm-none-eabi/14.2.1/../../../../arm-none-eabi/lib/thumb/v6-m/nofp/libc.a
LOAD /home/kasper/.pico-sdk/toolchain/14_2_Rel1/bin/../lib/gcc/arm-none-eabi/14.2.1/../../../../arm-none-eabi/lib/thumb/v6-m/nofp/libnosys.a
END GROUP
LOAD /home/kasper/.pico-sdk/toolchain/14_2_Rel1/bin/../lib/gcc/arm-none-eabi/14.2.1/thumb/v6-m/nofp/crtend.o
LOAD /home/kasper/.pico-sdk/toolchain/14_2_Rel1/bin/../lib/gcc/arm-none-eabi/14.2.1/thumb/v6-m/nofp/crtn.o
OUTPUT(app.elf elf32-littlearm)
LOAD linker stubs

.ARM.attributes
                0x00000000       0x28
 .ARM.attributes
                0x00000000       0x1e /home/kasper/.pico-sdk/toolchain/14_2_Rel1/bin/../lib/gcc/arm-none-eabi/14.2.1/thumb/v6-m/nofp/crti.o
 .ARM.attributes
                0x0000001e       0x2c /home/kasper/.pico-sdk/toolchain/14_2_Rel1/bin/../lib/gcc/arm-none-eabi/14.2.1/thumb/v6-m/nofp/crtbegin.o
 .ARM.attributes
                0x0000004a       0x2c CMakeFiles/app.dir/main.c.o
 .ARM.attributes
                0x00000076       0x2c CMakeFiles/app.dir/home/kasper/.pico-sdk/sdk/2.1.1/src/rp2_common/hardware_gpio/gpio.c.o
 .ARM.attributes
                0x000000a2       0x2c CMakeFiles/app.dir/home/kasper/.pico-sdk/sdk/2.1.1/src/rp2_common/pico_platform_panic/panic.c.o
 .ARM.attributes
                0x000000ce       0x2c CMakeFiles/app.dir/home/kasper/.pico-sdk/sdk/2.1.1/src/common/hardware_claim/claim.c.o
 .ARM.attributes
                0x000000fa       0x2c CMakeFiles/app.dir/home/kasper/.pico-sdk/sdk/2.1.1/src/rp2_common/hardware_sync/sync.c.o
 .ARM.attributes
                0x00000126       0x2c CMakeFiles/app.dir/home/kasper/.pico-sdk/sdk/2.1.1/src/rp2_common/hardware_sync_spin_lock/sync_spin_lock.c.o
 .ARM.attributes
                0x00000152       0x2c CMakeFiles/app.dir/home/kasper/.pico-sdk/sdk/2.1.1/src/rp2_common/hardware_irq/irq.c.o
 .ARM.attributes
                0x0000017e       0x2c CMakeFiles/app.dir/home/kasper/.pico-sdk/sdk/2.1.1/src/common/pico_sync/lock_core.c.o
 .ARM.attributes
                0x000001aa       0x2c CMakeFiles/app.dir/home/kasper/.pico-sdk/sdk/2.1.1/src/common/pico_sync/mutex.c.o
 .ARM.attributes
                0x000001d6       0x2c CMakeFiles/app.dir/home/kasper/.pico-sdk/sdk/2.1.1/src/common/pico_time/time.c.o
 .ARM.attributes
                0x00000202       0x2c CMakeFiles/app.dir/home/kasper/.pico-sdk/sdk/2.1.1/src/rp2_common/hardware_timer/timer.c.o
 .ARM.attributes
                0x0000022e       0x2c CMakeFiles/app.dir/home/kasper/.pico-sdk/sdk/2.1.1/src/rp2_common/hardware_clocks/clocks.c.o
 .ARM.attributes
                0x0000025a       0x2c CMakeFiles/app.dir/home/kasper/.pico-sdk/sdk/2.1.1/src/rp2_common/hardware_pll/pll.c.o
 .ARM.attributes
                0x00000286       0x2c CMakeFiles/app.dir/home/kasper/.pico-sdk/sdk/2.1.1/src/rp2_common/hardware_ticks/ticks.c.o
 .ARM.attributes
                0x000002b2       0x2c CMakeFiles/app.dir/home/kasper/.pico-sdk/sdk/2.1.1/src/rp2_common/pico_bootrom/bootrom.c.o
 .ARM.attributes
                0x000002de       0x2c CMakeFiles/app.dir/home/kasper/.pico-sdk/sdk/2.1.1/src/rp2_common/hardware_xosc/xosc.c.o
 .ARM.attributes
                0x0000030a       0x2c CMakeFiles/app.dir/home/kasper/.pico-sdk/sdk/2.1.1/src/rp2_common/pico_runtime/runtime.c.o
 .ARM.attributes
                0x00000336       0x2c CMakeFiles/app.dir/home/kasper/.pico-sdk/sdk/2.1.1/src/rp2_common/pico_runtime_init/runtime_init.c.o
 .ARM.attributes
                0x00000362       0x2c CMakeFiles/app.dir/home/kasper/.pico-sdk/sdk/2.1.1/src/rp2_common/pico_runtime_init/runtime_init_clocks.c.o
 .ARM.attributes
                0x0000038e       0x22 CMakeFiles/app.dir/home/kasper/.pico-sdk/sdk/2.1.1/src/rp2_common/pico_bit_ops/bit_ops_aeabi.S.o
 .ARM.attributes
                0x000003b0       0x22 CMakeFiles/app.dir/home/kasper/.pico-sdk/sdk/2.1.1/src/rp2_common/pico_divider/divider_hardware.S.o
 .ARM.attributes
                0x000003d2       0x22 CMakeFiles/app.dir/home/kasper/.pico-sdk/sdk/2.1.1/src/rp2_common/pico_double/double_aeabi_rp2040.S.o
 .ARM.attributes
                0x000003f4       0x2c CMakeFiles/app.dir/home/kasper/.pico-sdk/sdk/2.1.1/src/rp2_common/pico_double/double_init_rom_rp2040.c.o
 .ARM.attributes
                0x00000420       0x22 CMakeFiles/app.dir/home/kasper/.pico-sdk/sdk/2.1.1/src/rp2_common/pico_double/double_v1_rom_shim_rp2040.S.o
 .ARM.attributes
                0x00000442       0x22 CMakeFiles/app.dir/home/kasper/.pico-sdk/sdk/2.1.1/src/rp2_common/pico_float/float_aeabi_rp2040.S.o
 .ARM.attributes
                0x00000464       0x2c CMakeFiles/app.dir/home/kasper/.pico-sdk/sdk/2.1.1/src/rp2_common/pico_float/float_init_rom_rp2040.c.o
 .ARM.attributes
                0x00000490       0x22 CMakeFiles/app.dir/home/kasper/.pico-sdk/sdk/2.1.1/src/rp2_common/pico_float/float_v1_rom_shim_rp2040.S.o
 .ARM.attributes
                0x000004b2       0x2c CMakeFiles/app.dir/home/kasper/.pico-sdk/sdk/2.1.1/src/rp2_common/pico_malloc/malloc.c.o
 .ARM.attributes
                0x000004de       0x22 CMakeFiles/app.dir/home/kasper/.pico-sdk/sdk/2.1.1/src/rp2_common/pico_mem_ops/mem_ops_aeabi.S.o
 .ARM.attributes
                0x00000500       0x2c CMakeFiles/app.dir/home/kasper/.pico-sdk/sdk/2.1.1/src/rp2_common/pico_standard_binary_info/standard_binary_info.c.o
 .ARM.attributes
                0x0000052c       0x2c CMakeFiles/app.dir/home/kasper/.pico-sdk/sdk/2.1.1/src/rp2_common/pico_printf/printf.c.o
 .ARM.attributes
                0x00000558       0x22 CMakeFiles/app.dir/home/kasper/.pico-sdk/sdk/2.1.1/src/rp2_common/pico_crt0/crt0.S.o
 .ARM.attributes
                0x0000057a       0x2c CMakeFiles/app.dir/home/kasper/.pico-sdk/sdk/2.1.1/src/rp2_common/pico_clib_interface/newlib_interface.c.o
 .ARM.attributes
                0x000005a6       0x2c CMakeFiles/app.dir/home/kasper/.pico-sdk/sdk/2.1.1/src/rp2_common/pico_stdio/stdio.c.o
 .ARM.attributes
                0x000005d2       0x2c CMakeFiles/app.dir/home/kasper/.pico-sdk/sdk/2.1.1/src/rp2_common/pico_unique_id/unique_id.c.o
 .ARM.attributes
                0x000005fe       0x2c CMakeFiles/app.dir/home/kasper/.pico-sdk/sdk/2.1.1/src/rp2_common/hardware_flash/flash.c.o
 .ARM.attributes
                0x0000062a       0x2c CMakeFiles/app.dir/home/kasper/Documents/Civilingenioer_Robotteknologi/ISA_IPC/freertos-pi-pico/FreeRTOS-Kernel/portable/ThirdParty/GCC/RP2040/port.c.o
 .ARM.attributes
                0x00000656       0x2c CMakeFiles/app.dir/home/kasper/Documents/Civilingenioer_Robotteknologi/ISA_IPC/freertos-pi-pico/FreeRTOS-Kernel/event_groups.c.o
 .ARM.attributes
                0x00000682       0x2c CMakeFiles/app.dir/home/kasper/Documents/Civilingenioer_Robotteknologi/ISA_IPC/freertos-pi-pico/FreeRTOS-Kernel/list.c.o
 .ARM.attributes
                0x000006ae       0x2c CMakeFiles/app.dir/home/kasper/Documents/Civilingenioer_Robotteknologi/ISA_IPC/freertos-pi-pico/FreeRTOS-Kernel/queue.c.o
 .ARM.attributes
                0x000006da       0x2c CMakeFiles/app.dir/home/kasper/Documents/Civilingenioer_Robotteknologi/ISA_IPC/freertos-pi-pico/FreeRTOS-Kernel/tasks.c.o
 .ARM.attributes
                0x00000706       0x2c CMakeFiles/app.dir/home/kasper/Documents/Civilingenioer_Robotteknologi/ISA_IPC/freertos-pi-pico/FreeRTOS-Kernel/timers.c.o
 .ARM.attributes
                0x00000732       0x2c CMakeFiles/app.dir/home/kasper/.pico-sdk/sdk/2.1.1/src/rp2_common/hardware_exception/exception.c.o
 .ARM.attributes
                0x0000075e       0x2c CMakeFiles/app.dir/home/kasper/.pico-sdk/sdk/2.1.1/src/rp2_common/pico_multicore/multicore.c.o
 .ARM.attributes
                0x0000078a       0x2c CMakeFiles/app.dir/home/kasper/Documents/Civilingenioer_Robotteknologi/ISA_IPC/freertos-pi-pico/FreeRTOS-Kernel/portable/MemMang/heap_4.c.o
 .ARM.attributes
                0x000007b6       0x22 pico-sdk/src/rp2040/boot_stage2/CMakeFiles/bs2_default_library.dir/bs2_default_padded_checksummed.S.o
 .ARM.attributes
                0x000007d8       0x1e /home/kasper/.pico-sdk/toolchain/14_2_Rel1/bin/../lib/gcc/arm-none-eabi/14.2.1/thumb/v6-m/nofp/libgcc.a(_dvmd_tls.o)
 .ARM.attributes
                0x000007f6       0x2c /home/kasper/.pico-sdk/toolchain/14_2_Rel1/bin/../lib/gcc/arm-none-eabi/14.2.1/../../../../arm-none-eabi/lib/thumb/v6-m/nofp/libg.a(libc_a-strlen-stub.o)
 .ARM.attributes
                0x00000822       0x2c /home/kasper/.pico-sdk/toolchain/14_2_Rel1/bin/../lib/gcc/arm-none-eabi/14.2.1/thumb/v6-m/nofp/crtend.o

.comment        0x00000000       0x45
 .comment       0x00000000       0x45 CMakeFiles/app.dir/main.c.o
                                 0x46 (size before relaxing)
 .comment       0x00000045       0x46 CMakeFiles/app.dir/home/kasper/.pico-sdk/sdk/2.1.1/src/rp2_common/hardware_gpio/gpio.c.o
 .comment       0x00000045       0x46 CMakeFiles/app.dir/home/kasper/.pico-sdk/sdk/2.1.1/src/rp2_common/pico_platform_panic/panic.c.o
 .comment       0x00000045       0x46 CMakeFiles/app.dir/home/kasper/.pico-sdk/sdk/2.1.1/src/common/hardware_claim/claim.c.o
 .comment       0x00000045       0x46 CMakeFiles/app.dir/home/kasper/.pico-sdk/sdk/2.1.1/src/rp2_common/hardware_sync/sync.c.o
 .comment       0x00000045       0x46 CMakeFiles/app.dir/home/kasper/.pico-sdk/sdk/2.1.1/src/rp2_common/hardware_sync_spin_lock/sync_spin_lock.c.o
 .comment       0x00000045       0x46 CMakeFiles/app.dir/home/kasper/.pico-sdk/sdk/2.1.1/src/rp2_common/hardware_irq/irq.c.o
 .comment       0x00000045       0x46 CMakeFiles/app.dir/home/kasper/.pico-sdk/sdk/2.1.1/src/common/pico_sync/lock_core.c.o
 .comment       0x00000045       0x46 CMakeFiles/app.dir/home/kasper/.pico-sdk/sdk/2.1.1/src/common/pico_sync/mutex.c.o
 .comment       0x00000045       0x46 CMakeFiles/app.dir/home/kasper/.pico-sdk/sdk/2.1.1/src/common/pico_time/time.c.o
 .comment       0x00000045       0x46 CMakeFiles/app.dir/home/kasper/.pico-sdk/sdk/2.1.1/src/rp2_common/hardware_timer/timer.c.o
 .comment       0x00000045       0x46 CMakeFiles/app.dir/home/kasper/.pico-sdk/sdk/2.1.1/src/rp2_common/hardware_clocks/clocks.c.o
 .comment       0x00000045       0x46 CMakeFiles/app.dir/home/kasper/.pico-sdk/sdk/2.1.1/src/rp2_common/hardware_pll/pll.c.o
 .comment       0x00000045       0x46 CMakeFiles/app.dir/home/kasper/.pico-sdk/sdk/2.1.1/src/rp2_common/hardware_ticks/ticks.c.o
 .comment       0x00000045       0x46 CMakeFiles/app.dir/home/kasper/.pico-sdk/sdk/2.1.1/src/rp2_common/pico_bootrom/bootrom.c.o
 .comment       0x00000045       0x46 CMakeFiles/app.dir/home/kasper/.pico-sdk/sdk/2.1.1/src/rp2_common/hardware_xosc/xosc.c.o
 .comment       0x00000045       0x46 CMakeFiles/app.dir/home/kasper/.pico-sdk/sdk/2.1.1/src/rp2_common/pico_runtime/runtime.c.o
 .comment       0x00000045       0x46 CMakeFiles/app.dir/home/kasper/.pico-sdk/sdk/2.1.1/src/rp2_common/pico_runtime_init/runtime_init.c.o
 .comment       0x00000045       0x46 CMakeFiles/app.dir/home/kasper/.pico-sdk/sdk/2.1.1/src/rp2_common/pico_runtime_init/runtime_init_clocks.c.o
 .comment       0x00000045       0x46 CMakeFiles/app.dir/home/kasper/.pico-sdk/sdk/2.1.1/src/rp2_common/pico_double/double_init_rom_rp2040.c.o
 .comment       0x00000045       0x46 CMakeFiles/app.dir/home/kasper/.pico-sdk/sdk/2.1.1/src/rp2_common/pico_float/float_init_rom_rp2040.c.o
 .comment       0x00000045       0x46 CMakeFiles/app.dir/home/kasper/.pico-sdk/sdk/2.1.1/src/rp2_common/pico_malloc/malloc.c.o
 .comment       0x00000045       0x46 CMakeFiles/app.dir/home/kasper/.pico-sdk/sdk/2.1.1/src/rp2_common/pico_standard_binary_info/standard_binary_info.c.o
 .comment       0x00000045       0x46 CMakeFiles/app.dir/home/kasper/.pico-sdk/sdk/2.1.1/src/rp2_common/pico_printf/printf.c.o
 .comment       0x00000045       0x46 CMakeFiles/app.dir/home/kasper/.pico-sdk/sdk/2.1.1/src/rp2_common/pico_clib_interface/newlib_interface.c.o
 .comment       0x00000045       0x46 CMakeFiles/app.dir/home/kasper/.pico-sdk/sdk/2.1.1/src/rp2_common/pico_stdio/stdio.c.o
 .comment       0x00000045       0x46 CMakeFiles/app.dir/home/kasper/.pico-sdk/sdk/2.1.1/src/rp2_common/pico_unique_id/unique_id.c.o
 .comment       0x00000045       0x46 CMakeFiles/app.dir/home/kasper/.pico-sdk/sdk/2.1.1/src/rp2_common/hardware_flash/flash.c.o
 .comment       0x00000045       0x46 CMakeFiles/app.dir/home/kasper/Documents/Civilingenioer_Robotteknologi/ISA_IPC/freertos-pi-pico/FreeRTOS-Kernel/portable/ThirdParty/GCC/RP2040/port.c.o
 .comment       0x00000045       0x46 CMakeFiles/app.dir/home/kasper/Documents/Civilingenioer_Robotteknologi/ISA_IPC/freertos-pi-pico/FreeRTOS-Kernel/event_groups.c.o
 .comment       0x00000045       0x46 CMakeFiles/app.dir/home/kasper/Documents/Civilingenioer_Robotteknologi/ISA_IPC/freertos-pi-pico/FreeRTOS-Kernel/list.c.o
 .comment       0x00000045       0x46 CMakeFiles/app.dir/home/kasper/Documents/Civilingenioer_Robotteknologi/ISA_IPC/freertos-pi-pico/FreeRTOS-Kernel/queue.c.o
 .comment       0x00000045       0x46 CMakeFiles/app.dir/home/kasper/Documents/Civilingenioer_Robotteknologi/ISA_IPC/freertos-pi-pico/FreeRTOS-Kernel/tasks.c.o
 .comment       0x00000045       0x46 CMakeFiles/app.dir/home/kasper/Documents/Civilingenioer_Robotteknologi/ISA_IPC/freertos-pi-pico/FreeRTOS-Kernel/timers.c.o
 .comment       0x00000045       0x46 CMakeFiles/app.dir/home/kasper/.pico-sdk/sdk/2.1.1/src/rp2_common/hardware_exception/exception.c.o
 .comment       0x00000045       0x46 CMakeFiles/app.dir/home/kasper/.pico-sdk/sdk/2.1.1/src/rp2_common/pico_multicore/multicore.c.o