Archive member included to satisfy reference by file (symbol)

/home/kasper/.pico-sdk/toolchain/14_2_Rel1/bin/../lib/gcc/arm-none-eabi/14.2.1/thumb/v6-m/nofp/libgcc.a(_dvmd_tls.o)
                              CMakeFiles/picow_ble_temp_reader.dir/home/kasper/.pico-sdk/sdk/2.1.1/src/rp2_common/pico_divider/divider_hardware.S.o (__aeabi_idiv0)
/home/kasper/.pico-sdk/toolchain/14_2_Rel1/bin/../lib/gcc/arm-none-eabi/14.2.1/../../../../arm-none-eabi/lib/thumb/v6-m/nofp/libg.a(libc_a-calloc.o)
                              CMakeFiles/picow_ble_temp_reader.dir/home/kasper/.pico-sdk/sdk/2.1.1/src/rp2_common/pico_malloc/malloc.c.o (calloc)
/home/kasper/.pico-sdk/toolchain/14_2_Rel1/bin/../lib/gcc/arm-none-eabi/14.2.1/../../../../arm-none-eabi/lib/thumb/v6-m/nofp/libg.a(libc_a-callocr.o)
                              /home/kasper/.pico-sdk/toolchain/14_2_Rel1/bin/../lib/gcc/arm-none-eabi/14.2.1/../../../../arm-none-eabi/lib/thumb/v6-m/nofp/libg.a(libc_a-calloc.o) (_calloc_r)
/home/kasper/.pico-sdk/toolchain/14_2_Rel1/bin/../lib/gcc/arm-none-eabi/14.2.1/../../../../arm-none-eabi/lib/thumb/v6-m/nofp/libg.a(libc_a-malloc.o)
                              CMakeFiles/picow_ble_temp_reader.dir/home/kasper/.pico-sdk/sdk/2.1.1/src/rp2_common/pico_malloc/malloc.c.o (malloc)
/home/kasper/.pico-sdk/toolchain/14_2_Rel1/bin/../lib/gcc/arm-none-eabi/14.2.1/../../../../arm-none-eabi/lib/thumb/v6-m/nofp/libg.a(libc_a-mallocr.o)
                              /home/kasper/.pico-sdk/toolchain/14_2_Rel1/bin/../lib/gcc/arm-none-eabi/14.2.1/../../../../arm-none-eabi/lib/thumb/v6-m/nofp/libg.a(libc_a-callocr.o) (_malloc_r)
/home/kasper/.pico-sdk/toolchain/14_2_Rel1/bin/../lib/gcc/arm-none-eabi/14.2.1/../../../../arm-none-eabi/lib/thumb/v6-m/nofp/libg.a(libc_a-mlock.o)
                              /home/kasper/.pico-sdk/toolchain/14_2_Rel1/bin/../lib/gcc/arm-none-eabi/14.2.1/../../../../arm-none-eabi/lib/thumb/v6-m/nofp/libg.a(libc_a-mallocr.o) (__malloc_lock)
/home/kasper/.pico-sdk/toolchain/14_2_Rel1/bin/../lib/gcc/arm-none-eabi/14.2.1/../../../../arm-none-eabi/lib/thumb/v6-m/nofp/libg.a(libc_a-realloc.o)
                              CMakeFiles/picow_ble_temp_reader.dir/home/kasper/.pico-sdk/sdk/2.1.1/src/rp2_common/pico_malloc/malloc.c.o (realloc)
/home/kasper/.pico-sdk/toolchain/14_2_Rel1/bin/../lib/gcc/arm-none-eabi/14.2.1/../../../../arm-none-eabi/lib/thumb/v6-m/nofp/libg.a(libc_a-reallocr.o)
                              /home/kasper/.pico-sdk/toolchain/14_2_Rel1/bin/../lib/gcc/arm-none-eabi/14.2.1/../../../../arm-none-eabi/lib/thumb/v6-m/nofp/libg.a(libc_a-realloc.o) (_realloc_r)
/home/kasper/.pico-sdk/toolchain/14_2_Rel1/bin/../lib/gcc/arm-none-eabi/14.2.1/../../../../arm-none-eabi/lib/thumb/v6-m/nofp/libg.a(libc_a-memcmp.o)
                              CMakeFiles/picow_ble_temp_reader.dir/home/kasper/.pico-sdk/sdk/2.1.1/src/rp2_common/pico_atomic/atomic.c.o (memcmp)
/home/kasper/.pico-sdk/toolchain/14_2_Rel1/bin/../lib/gcc/arm-none-eabi/14.2.1/../../../../arm-none-eabi/lib/thumb/v6-m/nofp/libg.a(libc_a-memmove.o)
                              CMakeFiles/picow_ble_temp_reader.dir/home/kasper/.pico-sdk/sdk/2.1.1/lib/btstack/src/ble/gatt-service/hids_client.c.o (memmove)
/home/kasper/.pico-sdk/toolchain/14_2_Rel1/bin/../lib/gcc/arm-none-eabi/14.2.1/../../../../arm-none-eabi/lib/thumb/v6-m/nofp/libg.a(libc_a-strncmp.o)
                              CMakeFiles/picow_ble_temp_reader.dir/home/kasper/.pico-sdk/sdk/2.1.1/lib/cyw43-driver/src/cyw43_ll.c.o (strncmp)
/home/kasper/.pico-sdk/toolchain/14_2_Rel1/bin/../lib/gcc/arm-none-eabi/14.2.1/../../../../arm-none-eabi/lib/thumb/v6-m/nofp/libg.a(libc_a-lcltime_r.o)
                              CMakeFiles/picow_ble_temp_reader.dir/home/kasper/.pico-sdk/sdk/2.1.1/src/common/pico_util/datetime.c.o (localtime_r)
/home/kasper/.pico-sdk/toolchain/14_2_Rel1/bin/../lib/gcc/arm-none-eabi/14.2.1/../../../../arm-none-eabi/lib/thumb/v6-m/nofp/libg.a(libc_a-mktime.o)
                              CMakeFiles/picow_ble_temp_reader.dir/home/kasper/.pico-sdk/sdk/2.1.1/src/common/pico_util/datetime.c.o (mktime)
/home/kasper/.pico-sdk/toolchain/14_2_Rel1/bin/../lib/gcc/arm-none-eabi/14.2.1/../../../../arm-none-eabi/lib/thumb/v6-m/nofp/libg.a(libc_a-month_lengths.o)
                              /home/kasper/.pico-sdk/toolchain/14_2_Rel1/bin/../lib/gcc/arm-none-eabi/14.2.1/../../../../arm-none-eabi/lib/thumb/v6-m/nofp/libg.a(libc_a-lcltime_r.o) (__month_lengths)
/home/kasper/.pico-sdk/toolchain/14_2_Rel1/bin/../lib/gcc/arm-none-eabi/14.2.1/../../../../arm-none-eabi/lib/thumb/v6-m/nofp/libg.a(libc_a-tzcalc_limits.o)
                              /home/kasper/.pico-sdk/toolchain/14_2_Rel1/bin/../lib/gcc/arm-none-eabi/14.2.1/../../../../arm-none-eabi/lib/thumb/v6-m/nofp/libg.a(libc_a-lcltime_r.o) (__tzcalc_limits)
/home/kasper/.pico-sdk/toolchain/14_2_Rel1/bin/../lib/gcc/arm-none-eabi/14.2.1/../../../../arm-none-eabi/lib/thumb/v6-m/nofp/libg.a(libc_a-tzlock.o)
[...]
Memory Configuration

Name             Origin             Length             Attributes
FLASH            0x10000000         0x00200000         xr
RAM              0x20000000         0x00040000         xrw
SCRATCH_X        0x20040000         0x00001000         xrw
SCRATCH_Y        0x20041000         0x00001000         xrw
*default*        0x00000000         0xffffffff

Linker script and memory map

LOAD /home/kasper/.pico-sdk/toolchain/14_2_Rel1/bin/../lib/gcc/arm-none-eabi/14.2.1/thumb/v6-m/nofp/crti.o
LOAD /home/kasper/.pico-sdk/toolchain/14_2_Rel1/bin/../lib/gcc/arm-none-eabi/14.2.1/thumb/v6-m/nofp/crtbegin.o
LOAD /home/kasper/.pico-sdk/toolchain/14_2_Rel1/bin/../lib/gcc/arm-none-eabi/14.2.1/../../../../arm-none-eabi/lib/thumb/v6-m/nofp/crt0.o

.flash_begin    0x10000000        0x0
                0x10000000                        __flash_binary_start = .

.boot2          0x10000000      0x100
                0x10000000                        __boot2_start__ = .
 *(.boot2)
 .boot2         0x10000000      0x100 pico-sdk/src/rp2040/boot_stage2/CMakeFiles/bs2_default_library.dir/./bs2_default_padded_checksummed.S.o
                0x10000100                        __boot2_end__ = .
                0x00000001                        ASSERT (((__boot2_end__ - __boot2_start__) == 0x100), ERROR: Pico second stage bootloader must be 256 bytes in size)

.text           0x10000100    0x218f4
                0x10000100                        __logical_binary_start = .
 *(.vectors)
 .vectors       0x10000100       0xd4 CMakeFiles/picow_ble_temp_reader.dir/home/kasper/.pico-sdk/sdk/2.1.1/src/rp2_common/pico_crt0/crt0.S.o
                0x10000100                __vectors
                0x10000100                __VECTOR_TABLE
                0x100001c0                isr_invalid
                0x100001c0                __default_isrs_start
                0x100001c2                isr_nmi
                0x100001c4                isr_hardfault
                0x100001c6                isr_svcall
                0x100001c8                isr_pendsv
                0x100001ca                isr_systick
                0x100001cc                isr_irq30
                0x100001cc                __unhandled_user_irq
                0x100001cc                isr_irq13
                0x100001cc                isr_irq27
                0x100001cc                isr_irq31
                0x100001cc                isr_irq5
                0x100001cc                isr_irq11
                0x100001cc                isr_irq23
                0x100001cc                isr_irq18
                0x100001cc                isr_irq28
                0x100001cc                isr_irq19
                0x100001cc                isr_irq0
                0x100001cc                isr_irq6
                0x100001cc                isr_irq22
                0x100001cc                isr_irq17
                0x100001cc                isr_irq14
                0x100001cc                isr_irq2
                0x100001cc                isr_irq10
                0x100001cc                isr_irq8
                0x100001cc                isr_irq24
                0x100001cc                isr_irq1
                0x100001cc                isr_irq7
                0x100001cc                isr_irq21
                0x100001cc                isr_irq20
                0x100001cc                isr_irq15
                0x100001cc                isr_irq25
                0x100001cc                isr_irq4
                0x100001cc                isr_irq16
                0x100001cc                isr_irq29
                0x100001cc                isr_irq26
                0x100001cc                __default_isrs_end
                0x100001cc                isr_irq3
                0x100001cc                isr_irq12
                0x100001cc                isr_irq9
                0x100001d2                unhandled_user_irq_num_in_r0
 *(.binary_info_header)
 .binary_info_header
                0x100001d4       0x14 CMakeFiles/picow_ble_temp_reader.dir/home/kasper/.pico-sdk/sdk/2.1.1/src/rp2_common/pico_crt0/crt0.S.o
                0x100001e8                        __binary_info_header_end = .
 *(.embedded_block)
                0x100001e8                        __embedded_block_end = .
 *(.reset)
 .reset         0x100001e8       0x9c CMakeFiles/picow_ble_temp_reader.dir/home/kasper/.pico-sdk/sdk/2.1.1/src/rp2_common/pico_crt0/crt0.S.o
                0x100001e8                _entry_point
 *(.init)
 .init          0x10000284        0x4 /home/kasper/.pico-sdk/toolchain/14_2_Rel1/bin/../lib/gcc/arm-none-eabi/14.2.1/thumb/v6-m/nofp/crti.o
                0x10000284                _init
 *(EXCLUDE_FILE(*libm.a: *libc.a:*lib_a-mem*.o *libgcc.a:) .text*)
 .text.register_tm_clones
                0x10000288       0x28 /home/kasper/.pico-sdk/toolchain/14_2_Rel1/bin/../lib/gcc/arm-none-eabi/14.2.1/thumb/v6-m/nofp/crtbegin.o
 .text.frame_dummy
                0x100002b0       0x24 /home/kasper/.pico-sdk/toolchain/14_2_Rel1/bin/../lib/gcc/arm-none-eabi/14.2.1/thumb/v6-m/nofp/crtbegin.o
 .text.heartbeat_handler
                0x100002d4       0x5c CMakeFiles/picow_ble_temp_reader.dir/client.c.o
 .text.handle_gatt_client_event
                0x10000330      0x150 CMakeFiles/picow_ble_temp_reader.dir/client.c.o
 .text.hci_event_handler
                0x10000480      0x1a4 CMakeFiles/picow_ble_temp_reader.dir/client.c.o
 .text.startup.main
                0x10000624       0x78 CMakeFiles/picow_ble_temp_reader.dir/client.c.o
                0x10000624                main
 .text.gpio_set_function
                0x1000069c       0x34 CMakeFiles/picow_ble_temp_reader.dir/home/kasper/.pico-sdk/sdk/2.1.1/src/rp2_common/hardware_gpio/gpio.c.o
                0x1000069c                gpio_set_function
 .text.gpio_set_pulls
                0x100006d0       0x28 CMakeFiles/picow_ble_temp_reader.dir/home/kasper/.pico-sdk/sdk/2.1.1/src/rp2_common/hardware_gpio/gpio.c.o
                0x100006d0                gpio_set_pulls
 .text.gpio_set_input_hysteresis_enabled
                0x100006f8       0x28 CMakeFiles/picow_ble_temp_reader.dir/home/kasper/.pico-sdk/sdk/2.1.1/src/rp2_common/hardware_gpio/gpio.c.o
                0x100006f8                gpio_set_input_hysteresis_enabled
 .text.gpio_set_irq_enabled
                0x10000720       0x58 CMakeFiles/picow_ble_temp_reader.dir/home/kasper/.pico-sdk/sdk/2.1.1/src/rp2_common/hardware_gpio/gpio.c.o
                0x10000720                gpio_set_irq_enabled
 .text.gpio_add_raw_irq_handler_with_order_priority_masked
                0x10000778       0x44 CMakeFiles/picow_ble_temp_reader.dir/home/kasper/.pico-sdk/sdk/2.1.1/src/rp2_common/hardware_gpio/gpio.c.o
                0x10000778                gpio_add_raw_irq_handler_with_order_priority_masked
 .text.gpio_remove_raw_irq_handler_masked
                0x100007bc       0x20 CMakeFiles/picow_ble_temp_reader.dir/home/kasper/.pico-sdk/sdk/2.1.1/src/rp2_common/hardware_gpio/gpio.c.o
                0x100007bc                gpio_remove_raw_irq_handler_masked
 .text.gpio_init
                0x100007dc       0x40 CMakeFiles/picow_ble_temp_reader.dir/home/kasper/.pico-sdk/sdk/2.1.1/src/rp2_common/hardware_gpio/gpio.c.o
                0x100007dc                gpio_init
 .text.panic    0x1000081c       0x30 CMakeFiles/picow_ble_temp_reader.dir/home/kasper/.pico-sdk/sdk/2.1.1/src/rp2_common/pico_platform_panic/panic.c.o
                0x1000081c                panic
 .text.hw_claim_lock
                0x1000084c       0x18 CMakeFiles/picow_ble_temp_reader.dir/home/kasper/.pico-sdk/sdk/2.1.1/src/common/hardware_claim/claim.c.o
                0x1000084c                hw_claim_lock
 .text.hw_claim_unlock
                0x10000864       0x14 CMakeFiles/picow_ble_temp_reader.dir/home/kasper/.pico-sdk/sdk/2.1.1/src/common/hardware_claim/claim.c.o
                0x10000864                hw_claim_unlock
 .text.hw_claim_or_assert
                0x10000878       0x44 CMakeFiles/picow_ble_temp_reader.dir/home/kasper/.pico-sdk/sdk/2.1.1/src/common/hardware_claim/claim.c.o
                0x10000878                hw_claim_or_assert
 .text.hw_claim_unused_from_range
                0x100008bc       0x88 CMakeFiles/picow_ble_temp_reader.dir/home/kasper/.pico-sdk/sdk/2.1.1/src/common/hardware_claim/claim.c.o
                0x100008bc                hw_claim_unused_from_range
 .text.hw_claim_clear
                0x10000944       0x38 CMakeFiles/picow_ble_temp_reader.dir/home/kasper/.pico-sdk/sdk/2.1.1/src/common/hardware_claim/claim.c.o
                0x10000944                hw_claim_clear
 .text.next_striped_spin_lock_num
                0x1000097c       0x18 CMakeFiles/picow_ble_temp_reader.dir/home/kasper/.pico-sdk/sdk/2.1.1/src/rp2_common/hardware_sync/sync.c.o
                0x1000097c                next_striped_spin_lock_num
 .text.spin_locks_reset
                0x10000994       0x1c CMakeFiles/picow_ble_temp_reader.dir/home/kasper/.pico-sdk/sdk/2.1.1/src/rp2_common/hardware_sync_spin_lock/sync_spin_lock.c.o
                0x10000994                spin_locks_reset
 .text.runtime_init_per_core_irq_priorities
                0x100009b0       0x24 CMakeFiles/picow_ble_temp_reader.dir/home/kasper/.pico-sdk/sdk/2.1.1/src/rp2_common/hardware_irq/irq.c.o
                0x100009b0                runtime_init_per_core_irq_priorities
 .text.irq_set_enabled
                0x100009d4       0x24 CMakeFiles/picow_ble_temp_reader.dir/home/kasper/.pico-sdk/sdk/2.1.1/src/rp2_common/hardware_irq/irq.c.o
                0x100009d4                irq_set_enabled
 .text.irq_set_pending
                0x100009f8       0x10 CMakeFiles/picow_ble_temp_reader.dir/home/kasper/.pico-sdk/sdk/2.1.1/src/rp2_common/hardware_irq/irq.c.o
                0x100009f8                irq_set_pending
 .text.irq_set_exclusive_handler
                0x10000a08       0x54 CMakeFiles/picow_ble_temp_reader.dir/home/kasper/.pico-sdk/sdk/2.1.1/src/rp2_common/hardware_irq/irq.c.o
                0x10000a08                irq_set_exclusive_handler
 .text.irq_add_shared_handler
                0x10000a5c      0x1f4 CMakeFiles/picow_ble_temp_reader.dir/home/kasper/.pico-sdk/sdk/2.1.1/src/rp2_common/hardware_irq/irq.c.o
                0x10000a5c                irq_add_shared_handler
 .text.irq_remove_handler
                0x10000c50      0x1d4 CMakeFiles/picow_ble_temp_reader.dir/home/kasper/.pico-sdk/sdk/2.1.1/src/rp2_common/hardware_irq/irq.c.o
                0x10000c50                irq_remove_handler
 .text.irq_set_priority
                0x10000e24       0x28 CMakeFiles/picow_ble_temp_reader.dir/home/kasper/.pico-sdk/sdk/2.1.1/src/rp2_common/hardware_irq/irq.c.o
                0x10000e24                irq_set_priority
 .text.irq_add_tail_to_free_list
                0x10000e4c       0xb4 CMakeFiles/picow_ble_temp_reader.dir/home/kasper/.pico-sdk/sdk/2.1.1/src/rp2_common/hardware_irq/irq.c.o
                0x10000e4c                irq_add_tail_to_free_list
 .text.user_irq_unclaim
                0x10000f00       0x14 CMakeFiles/picow_ble_temp_reader.dir/home/kasper/.pico-sdk/sdk/2.1.1/src/rp2_common/hardware_irq/irq.c.o
                0x10000f00                user_irq_unclaim
 .text.user_irq_claim_unused
                0x10000f14       0x2c CMakeFiles/picow_ble_temp_reader.dir/home/kasper/.pico-sdk/sdk/2.1.1/src/rp2_common/hardware_irq/irq.c.o
                0x10000f14                user_irq_claim_unused
 .text.sem_init
                0x10000f40       0x20 CMakeFiles/picow_ble_temp_reader.dir/home/kasper/.pico-sdk/sdk/2.1.1/src/common/pico_sync/sem.c.o
                0x10000f40                sem_init
 .text.lock_init
                0x10000f60       0x10 CMakeFiles/picow_ble_temp_reader.dir/home/kasper/.pico-sdk/sdk/2.1.1/src/common/pico_sync/lock_core.c.o
                0x10000f60                lock_init
 .text.runtime_init_mutex
                0x10000f70       0x50 CMakeFiles/picow_ble_temp_reader.dir/home/kasper/.pico-sdk/sdk/2.1.1/src/common/pico_sync/mutex.c.o
                0x10000f70                runtime_init_mutex
 .text.recursive_mutex_init
                0x10000fc0       0x1c CMakeFiles/picow_ble_temp_reader.dir/home/kasper/.pico-sdk/sdk/2.1.1/src/common/pico_sync/mutex.c.o
                0x10000fc0                recursive_mutex_init
 .text.sleep_until_callback
                0x10000fdc       0x30 CMakeFiles/picow_ble_temp_reader.dir/home/kasper/.pico-sdk/sdk/2.1.1/src/common/pico_time/time.c.o
 .text.alarm_pool_irq_handler
                0x1000100c      0x300 CMakeFiles/picow_ble_temp_reader.dir/home/kasper/.pico-sdk/sdk/2.1.1/src/common/pico_time/time.c.o
 .text.runtime_init_default_alarm_pool
                0x1000130c       0xdc CMakeFiles/picow_ble_temp_reader.dir/home/kasper/.pico-sdk/sdk/2.1.1/src/common/pico_time/time.c.o
                0x1000130c                runtime_init_default_alarm_pool
 .text.alarm_pool_get_default
                0x100013e8        0x8 CMakeFiles/picow_ble_temp_reader.dir/home/kasper/.pico-sdk/sdk/2.1.1/src/common/pico_time/time.c.o
                0x100013e8                alarm_pool_get_default
 .text.alarm_pool_add_alarm_at
                0x100013f0       0xd0 CMakeFiles/picow_ble_temp_reader.dir/home/kasper/.pico-sdk/sdk/2.1.1/src/common/pico_time/time.c.o
                0x100013f0                alarm_pool_add_alarm_at
 .text.alarm_pool_add_alarm_at_force_in_context
                0x100014c0       0xb0 CMakeFiles/picow_ble_temp_reader.dir/home/kasper/.pico-sdk/sdk/2.1.1/src/common/pico_time/time.c.o
                0x100014c0                alarm_pool_add_alarm_at_force_in_context
 .text.alarm_pool_cancel_alarm
                0x10001570       0x74 CMakeFiles/picow_ble_temp_reader.dir/home/kasper/.pico-sdk/sdk/2.1.1/src/common/pico_time/time.c.o
                0x10001570                alarm_pool_cancel_alarm
 .text.sleep_until
                0x100015e4       0xd0 CMakeFiles/picow_ble_temp_reader.dir/home/kasper/.pico-sdk/sdk/2.1.1/src/common/pico_time/time.c.o
                0x100015e4                sleep_until
 .text.sleep_ms
                0x100016b4       0xfc CMakeFiles/picow_ble_temp_reader.dir/home/kasper/.pico-sdk/sdk/2.1.1/src/common/pico_time/time.c.o
                0x100016b4                sleep_ms
 .text.best_effort_wfe_or_timeout
                0x100017b0      0x10c CMakeFiles/picow_ble_temp_reader.dir/home/kasper/.pico-sdk/sdk/2.1.1/src/common/pico_time/time.c.o
                0x100017b0                best_effort_wfe_or_timeout
 .text.timer_hardware_alarm_claim
                0x100018bc       0x14 CMakeFiles/picow_ble_temp_reader.dir/home/kasper/.pico-sdk/sdk/2.1.1/src/rp2_common/hardware_timer/timer.c.o
                0x100018bc                timer_hardware_alarm_claim
 .text.timer_time_us_64
                0x100018d0       0x10 CMakeFiles/picow_ble_temp_reader.dir/home/kasper/.pico-sdk/sdk/2.1.1/src/rp2_common/hardware_timer/timer.c.o
                0x100018d0                timer_time_us_64
 .text.time_us_64
                0x100018e0       0x14 CMakeFiles/picow_ble_temp_reader.dir/home/kasper/.pico-sdk/sdk/2.1.1/src/rp2_common/hardware_timer/timer.c.o
                0x100018e0                time_us_64
 .text.busy_wait_us
                0x100018f4       0x68 CMakeFiles/picow_ble_temp_reader.dir/home/kasper/.pico-sdk/sdk/2.1.1/src/rp2_common/hardware_timer/timer.c.o
                0x100018f4                busy_wait_us
 .text.busy_wait_until
                0x1000195c       0x20 CMakeFiles/picow_ble_temp_reader.dir/home/kasper/.pico-sdk/sdk/2.1.1/src/rp2_common/hardware_timer/timer.c.o
                0x1000195c                busy_wait_until
 .text.uart_init
                0x1000197c      0x120 CMakeFiles/picow_ble_temp_reader.dir/home/kasper/.pico-sdk/sdk/2.1.1/src/rp2_common/hardware_uart/uart.c.o
                0x1000197c                uart_init
 .text.clock_configure_int_divider
                0x10001a9c       0xf4 CMakeFiles/picow_ble_temp_reader.dir/home/kasper/.pico-sdk/sdk/2.1.1/src/rp2_common/hardware_clocks/clocks.c.o
                0x10001a9c                clock_configure_int_divider
 .text.clock_configure_undivided
                0x10001b90       0xe8 CMakeFiles/picow_ble_temp_reader.dir/home/kasper/.pico-sdk/sdk/2.1.1/src/rp2_common/hardware_clocks/clocks.c.o
                0x10001b90                clock_configure_undivided
 .text.clock_get_hz
                0x10001c78        0xc CMakeFiles/picow_ble_temp_reader.dir/home/kasper/.pico-sdk/sdk/2.1.1/src/rp2_common/hardware_clocks/clocks.c.o
                0x10001c78                clock_get_hz
 .text.pll_init
                0x10001c84       0xa4 CMakeFiles/picow_ble_temp_reader.dir/home/kasper/.pico-sdk/sdk/2.1.1/src/rp2_common/hardware_pll/pll.c.o
                0x10001c84                pll_init
 .text.tick_start
                0x10001d28       0x10 CMakeFiles/picow_ble_temp_reader.dir/home/kasper/.pico-sdk/sdk/2.1.1/src/rp2_common/hardware_ticks/ticks.c.o
                0x10001d28                tick_start
 .text.rom_func_lookup
                0x10001d38       0x10 CMakeFiles/picow_ble_temp_reader.dir/home/kasper/.pico-sdk/sdk/2.1.1/src/rp2_common/pico_bootrom/bootrom.c.o
                0x10001d38                rom_func_lookup
 .text.rom_data_lookup
                0x10001d48       0x10 CMakeFiles/picow_ble_temp_reader.dir/home/kasper/.pico-sdk/sdk/2.1.1/src/rp2_common/pico_bootrom/bootrom.c.o
                0x10001d48                rom_data_lookup
 .text.rom_funcs_lookup
                0x10001d58       0x44 CMakeFiles/picow_ble_temp_reader.dir/home/kasper/.pico-sdk/sdk/2.1.1/src/rp2_common/pico_bootrom/bootrom.c.o
                0x10001d58                rom_funcs_lookup
 .text.default_core_init_deinit
                0x10001d9c        0x4 CMakeFiles/picow_ble_temp_reader.dir/home/kasper/.pico-sdk/sdk/2.1.1/src/rp2_common/pico_flash/flash.c.o
 .text.default_enter_safe_zone_timeout_ms
                0x10001da0       0x1c CMakeFiles/picow_ble_temp_reader.dir/home/kasper/.pico-sdk/sdk/2.1.1/src/rp2_common/pico_flash/flash.c.o
 .text.default_exit_safe_zone_timeout_ms
                0x10001dbc       0x18 CMakeFiles/picow_ble_temp_reader.dir/home/kasper/.pico-sdk/sdk/2.1.1/src/rp2_common/pico_flash/flash.c.o
 .text.get_flash_safety_helper
                0x10001dd4        0x8 CMakeFiles/picow_ble_temp_reader.dir/home/kasper/.pico-sdk/sdk/2.1.1/src/rp2_common/pico_flash/flash.c.o
                0x10001dd4                get_flash_safety_helper
 .text.flash_safe_execute
                0x10001ddc       0x2c CMakeFiles/picow_ble_temp_reader.dir/home/kasper/.pico-sdk/sdk/2.1.1/src/rp2_common/pico_flash/flash.c.o
                0x10001ddc                flash_safe_execute
 .text.xosc_init
                0x10001e08       0x28 CMakeFiles/picow_ble_temp_reader.dir/home/kasper/.pico-sdk/sdk/2.1.1/src/rp2_common/hardware_xosc/xosc.c.o
                0x10001e08                xosc_init
 .text.first_per_core_initializer
                0x10001e30        0x4 CMakeFiles/picow_ble_temp_reader.dir/home/kasper/.pico-sdk/sdk/2.1.1/src/rp2_common/pico_runtime/runtime.c.o
 .text.hard_assertion_failure
                0x10001e34        0xc CMakeFiles/picow_ble_temp_reader.dir/home/kasper/.pico-sdk/sdk/2.1.1/src/rp2_common/pico_runtime/runtime.c.o
                0x10001e34                hard_assertion_failure
 .text.runtime_run_initializers
                0x10001e40       0x28 CMakeFiles/picow_ble_temp_reader.dir/home/kasper/.pico-sdk/sdk/2.1.1/src/rp2_common/pico_runtime/runtime.c.o
                0x10001e40                runtime_run_initializers
 .text.runtime_init_early_resets
                0x10001e68       0x2c CMakeFiles/picow_ble_temp_reader.dir/home/kasper/.pico-sdk/sdk/2.1.1/src/rp2_common/pico_runtime_init/runtime_init.c.o
                0x10001e68                runtime_init_early_resets
 .text.runtime_init_usb_power_down
                0x10001e94       0x1c CMakeFiles/picow_ble_temp_reader.dir/home/kasper/.pico-sdk/sdk/2.1.1/src/rp2_common/pico_runtime_init/runtime_init.c.o
                0x10001e94                runtime_init_usb_power_down
 .text.runtime_init_post_clock_resets
                0x10001eb0       0x20 CMakeFiles/picow_ble_temp_reader.dir/home/kasper/.pico-sdk/sdk/2.1.1/src/rp2_common/pico_runtime_init/runtime_init.c.o
                0x10001eb0                runtime_init_post_clock_resets
 .text.runtime_init_rp2040_gpio_ie_disable
                0x10001ed0       0x14 CMakeFiles/picow_ble_temp_reader.dir/home/kasper/.pico-sdk/sdk/2.1.1/src/rp2_common/pico_runtime_init/runtime_init.c.o
                0x10001ed0                runtime_init_rp2040_gpio_ie_disable
 .text.runtime_init_spin_locks_reset
                0x10001ee4        0x8 CMakeFiles/picow_ble_temp_reader.dir/home/kasper/.pico-sdk/sdk/2.1.1/src/rp2_common/pico_runtime_init/runtime_init.c.o
                0x10001ee4                runtime_init_spin_locks_reset
 .text.runtime_init_install_ram_vector_table
                0x10001eec       0x1c CMakeFiles/picow_ble_temp_reader.dir/home/kasper/.pico-sdk/sdk/2.1.1/src/rp2_common/pico_runtime_init/runtime_init.c.o
                0x10001eec                runtime_init_install_ram_vector_table
 .text.runtime_init_clocks
                0x10001f08       0xd8 CMakeFiles/picow_ble_temp_reader.dir/home/kasper/.pico-sdk/sdk/2.1.1/src/rp2_common/pico_runtime_init/runtime_init_clocks.c.o
                0x10001f08                runtime_init_clocks
 .text          0x10001fe0       0x10 CMakeFiles/picow_ble_temp_reader.dir/home/kasper/.pico-sdk/sdk/2.1.1/src/rp2_common/pico_bit_ops/bit_ops_aeabi.S.o
 .text.ctzsi    0x10001ff0        0xc CMakeFiles/picow_ble_temp_reader.dir/home/kasper/.pico-sdk/sdk/2.1.1/src/rp2_common/pico_bit_ops/bit_ops_aeabi.S.o
                0x10001ff0                __wrap___ctzsi2
 .text.__wrap___aeabi_idiv
                0x10001ffc       0x50 CMakeFiles/picow_ble_temp_reader.dir/home/kasper/.pico-sdk/sdk/2.1.1/src/rp2_common/pico_divider/divider_hardware.S.o
                0x10001ffc                __wrap___aeabi_idivmod
                0x10001ffc                divmod_s32s32
                0x10001ffc                div_s32s32
                0x10001ffc                __wrap___aeabi_idiv
                0x10002004                divmod_s32s32_unsafe
                0x10002030                divmod_s32s32_savestate
 .text.__wrap___aeabi_uidiv
                0x1000204c       0x4c CMakeFiles/picow_ble_temp_reader.dir/home/kasper/.pico-sdk/sdk/2.1.1/src/rp2_common/pico_divider/divider_hardware.S.o
                0x1000204c                __wrap___aeabi_uidiv
                0x1000204c                __wrap___aeabi_uidivmod
                0x1000204c                div_u32u32
                0x1000204c                divmod_u32u32
                0x10002054                divmod_u32u32_unsafe
                0x1000207c                divmod_u32u32_savestate
 .text.__wrap___aeabi_ldiv
                0x10002098      0x424 CMakeFiles/picow_ble_temp_reader.dir/home/kasper/.pico-sdk/sdk/2.1.1/src/rp2_common/pico_divider/divider_hardware.S.o
                0x10002098                div_s64s64
                0x10002098                divmod_s64s64
                0x10002098                __wrap___aeabi_ldivmod
                0x100020c8                div_u64u64
                0x100020c8                divmod_u64u64
                0x100020c8                __wrap___aeabi_uldivmod
                0x100020d8                divmod_u64u64_savestate
                0x100020f8                divmod_s64s64_unsafe
                0x10002180                divmod_u64u64_unsafe
 .text.__wrap___aeabi_darithmetic
                0x100024bc       0x60 CMakeFiles/picow_ble_temp_reader.dir/home/kasper/.pico-sdk/sdk/2.1.1/src/rp2_common/pico_double/double_aeabi_rp2040.S.o
                0x100024bc                __wrap___aeabi_drsub
                0x100024c2                __wrap___aeabi_dsub
                0x100024cc                __wrap___aeabi_dadd
                0x100024d6                __wrap___aeabi_ddiv
                0x1000250a                __wrap___aeabi_dmul
 .text.__wrap___aeabi_cdcmple
                0x1000251c       0x6c CMakeFiles/picow_ble_temp_reader.dir/home/kasper/.pico-sdk/sdk/2.1.1/src/rp2_common/pico_double/double_aeabi_rp2040.S.o
                0x1000251c                __wrap___aeabi_cdrcmple
                0x1000252c                __wrap___aeabi_cdcmple
                0x1000252c                __wrap___aeabi_cdcmpeq
 .text.__wrap___aeabi_dcmplt
                0x10002588        0xc CMakeFiles/picow_ble_temp_reader.dir/home/kasper/.pico-sdk/sdk/2.1.1/src/rp2_common/pico_double/double_aeabi_rp2040.S.o
                0x10002588                __wrap___aeabi_dcmplt
 .text.__wrap___aeabi_dcmple
                0x10002594       0x10 CMakeFiles/picow_ble_temp_reader.dir/home/kasper/.pico-sdk/sdk/2.1.1/src/rp2_common/pico_double/double_aeabi_rp2040.S.o
                0x10002594                __wrap___aeabi_dcmple
 .text.__wrap___aeabi_dcmpge
                0x100025a4       0x10 CMakeFiles/picow_ble_temp_reader.dir/home/kasper/.pico-sdk/sdk/2.1.1/src/rp2_common/pico_double/double_aeabi_rp2040.S.o
                0x100025a4                __wrap___aeabi_dcmpge
 .text.__wrap___aeabi_dcmpgt
                0x100025b4        0xa CMakeFiles/picow_ble_temp_reader.dir/home/kasper/.pico-sdk/sdk/2.1.1/src/rp2_common/pico_double/double_aeabi_rp2040.S.o
                0x100025b4                __wrap___aeabi_dcmpgt
 .text.__wrap___aeabi_dcmpun
                0x100025be       0x18 CMakeFiles/picow_ble_temp_reader.dir/home/kasper/.pico-sdk/sdk/2.1.1/src/rp2_common/pico_double/double_aeabi_rp2040.S.o
                0x100025be                __wrap___aeabi_dcmpun
 *fill*         0x100025d6        0x2 
 .text.__wrap___aeabi_i2d
                0x100025d8       0x38 CMakeFiles/picow_ble_temp_reader.dir/home/kasper/.pico-sdk/sdk/2.1.1/src/rp2_common/pico_double/double_aeabi_rp2040.S.o
                0x100025d8                __wrap___aeabi_ui2d
                0x100025d8                uint2double
                0x100025e0                __wrap___aeabi_i2d
                0x100025e0                int2double
 .text.__wrap___aeabi_d2iz
                0x10002610       0x48 CMakeFiles/picow_ble_temp_reader.dir/home/kasper/.pico-sdk/sdk/2.1.1/src/rp2_common/pico_double/double_aeabi_rp2040.S.o
                0x10002610                __wrap___aeabi_d2iz
                0x10002610                double2int_z
 .text.__wrap___aeabi_d2uiz
                0x10002658       0x10 CMakeFiles/picow_ble_temp_reader.dir/home/kasper/.pico-sdk/sdk/2.1.1/src/rp2_common/pico_double/double_aeabi_rp2040.S.o
                0x10002658                double2uint_z
                0x10002658                double2uint
                0x10002658                __wrap___aeabi_d2uiz
 .text.missing_double_func_shim
                0x10002668        0xc CMakeFiles/picow_ble_temp_reader.dir/home/kasper/.pico-sdk/sdk/2.1.1/src/rp2_common/pico_double/double_init_rom_rp2040.c.o
 .text.__aeabi_double_init
                0x10002674       0xa0 CMakeFiles/picow_ble_temp_reader.dir/home/kasper/.pico-sdk/sdk/2.1.1/src/rp2_common/pico_double/double_init_rom_rp2040.c.o
                0x10002674                __aeabi_double_init
 .text.double_table_shim_on_use_helper
                0x10002714       0x2c CMakeFiles/picow_ble_temp_reader.dir/home/kasper/.pico-sdk/sdk/2.1.1/src/rp2_common/pico_double/double_v1_rom_shim_rp2040.S.o
                0x10002714                double_table_shim_on_use_helper
 .text.__aeabi_lmul
                0x10002740       0x32 CMakeFiles/picow_ble_temp_reader.dir/home/kasper/.pico-sdk/sdk/2.1.1/src/rp2_common/pico_int64_ops/pico_int64_ops_aeabi.S.o
                0x10002740                __wrap___aeabi_lmul
 *fill*         0x10002772        0x2 
 .text.__wrap___aeabi_farithmetic
                0x10002774       0x48 CMakeFiles/picow_ble_temp_reader.dir/home/kasper/.pico-sdk/sdk/2.1.1/src/rp2_common/pico_float/float_aeabi_rp2040.S.o
                0x10002774                __wrap___aeabi_frsub
                0x1000277a                __wrap___aeabi_fsub
                0x10002780                __wrap___aeabi_fadd
                0x10002786                __wrap___aeabi_fdiv
                0x100027ae                __wrap___aeabi_fmul
 .text.__wrap___aeabi_ui2f
                0x100027bc        0xa CMakeFiles/picow_ble_temp_reader.dir/home/kasper/.pico-sdk/sdk/2.1.1/src/rp2_common/pico_float/float_aeabi_rp2040.S.o
                0x100027bc                uint2float
                0x100027bc                __wrap___aeabi_ui2f
 *fill*         0x100027c6        0x2 
 .text.__wrap___aeabi_i2f
                0x100027c8       0x44 CMakeFiles/picow_ble_temp_reader.dir/home/kasper/.pico-sdk/sdk/2.1.1/src/rp2_common/pico_float/float_aeabi_rp2040.S.o
                0x100027c8                int2float
                0x100027c8                __wrap___aeabi_i2f
 .text.__wrap___aeabi_f2d
                0x1000280c        0xc CMakeFiles/picow_ble_temp_reader.dir/home/kasper/.pico-sdk/sdk/2.1.1/src/rp2_common/pico_float/float_aeabi_rp2040.S.o
                0x1000280c                __wrap___aeabi_f2d
 .text.missing_float_func_shim
                0x10002818        0xc CMakeFiles/picow_ble_temp_reader.dir/home/kasper/.pico-sdk/sdk/2.1.1/src/rp2_common/pico_float/float_init_rom_rp2040.c.o
 .text.__aeabi_float_init
                0x10002824       0x5c CMakeFiles/picow_ble_temp_reader.dir/home/kasper/.pico-sdk/sdk/2.1.1/src/rp2_common/pico_float/float_init_rom_rp2040.c.o
                0x10002824                __aeabi_float_init
 .text.__wrap_malloc
                0x10002880       0x24 CMakeFiles/picow_ble_temp_reader.dir/home/kasper/.pico-sdk/sdk/2.1.1/src/rp2_common/pico_malloc/malloc.c.o
                0x10002880                __wrap_malloc
 .text.__wrap_free
                0x100028a4        0x8 CMakeFiles/picow_ble_temp_reader.dir/home/kasper/.pico-sdk/sdk/2.1.1/src/rp2_common/pico_malloc/malloc.c.o
                0x100028a4                __wrap_free
 .text          0x100028ac       0x10 CMakeFiles/picow_ble_temp_reader.dir/home/kasper/.pico-sdk/sdk/2.1.1/src/rp2_common/pico_mem_ops/mem_ops_aeabi.S.o
                0x100028ac                __aeabi_mem_init
 .text.memset   0x100028bc        0xc CMakeFiles/picow_ble_temp_reader.dir/home/kasper/.pico-sdk/sdk/2.1.1/src/rp2_common/pico_mem_ops/mem_ops_aeabi.S.o
                0x100028bc                __wrap_memset
 .text.memcpy   0x100028c8        0xc CMakeFiles/picow_ble_temp_reader.dir/home/kasper/.pico-sdk/sdk/2.1.1/src/rp2_common/pico_mem_ops/mem_ops_aeabi.S.o
                0x100028c8                __wrap___aeabi_memcpy
                0x100028c8                __wrap_memcpy
 .text._out_null
                0x100028d4        0x4 CMakeFiles/picow_ble_temp_reader.dir/home/kasper/.pico-sdk/sdk/2.1.1/src/rp2_common/pico_printf/printf.c.o
 .text._out_rev
                0x100028d8       0xac CMakeFiles/picow_ble_temp_reader.dir/home/kasper/.pico-sdk/sdk/2.1.1/src/rp2_common/pico_printf/printf.c.o
 .text._ntoa_format
                0x10002984      0x1cc CMakeFiles/picow_ble_temp_reader.dir/home/kasper/.pico-sdk/sdk/2.1.1/src/rp2_common/pico_printf/printf.c.o
 .text._out_char
                0x10002b50       0x10 CMakeFiles/picow_ble_temp_reader.dir/home/kasper/.pico-sdk/sdk/2.1.1/src/rp2_common/pico_printf/printf.c.o
 .text._out_fct
                0x10002b60       0x10 CMakeFiles/picow_ble_temp_reader.dir/home/kasper/.pico-sdk/sdk/2.1.1/src/rp2_common/pico_printf/printf.c.o
 .text._ftoa    0x10002b70      0x4a8 CMakeFiles/picow_ble_temp_reader.dir/home/kasper/.pico-sdk/sdk/2.1.1/src/rp2_common/pico_printf/printf.c.o
 .text._etoa    0x10003018      0x57c CMakeFiles/picow_ble_temp_reader.dir/home/kasper/.pico-sdk/sdk/2.1.1/src/rp2_common/pico_printf/printf.c.o
 .text._vsnprintf
                0x10003594      0xbe0 CMakeFiles/picow_ble_temp_reader.dir/home/kasper/.pico-sdk/sdk/2.1.1/src/rp2_common/pico_printf/printf.c.o
 .text.vfctprintf
                0x10004174       0x24 CMakeFiles/picow_ble_temp_reader.dir/home/kasper/.pico-sdk/sdk/2.1.1/src/rp2_common/pico_printf/printf.c.o
                0x10004174                vfctprintf
 .text.weak_raw_vprintf
                0x10004198       0x30 CMakeFiles/picow_ble_temp_reader.dir/home/kasper/.pico-sdk/sdk/2.1.1/src/rp2_common/pico_printf/printf.c.o
                0x10004198                weak_raw_vprintf
 .text._exit    0x100041c8        0x4 CMakeFiles/picow_ble_temp_reader.dir/home/kasper/.pico-sdk/sdk/2.1.1/src/rp2_common/pico_clib_interface/newlib_interface.c.o
                0x100041c8                _exit
 .text._sbrk    0x100041cc       0x34 CMakeFiles/picow_ble_temp_reader.dir/home/kasper/.pico-sdk/sdk/2.1.1/src/rp2_common/pico_clib_interface/newlib_interface.c.o
                0x100041cc                _sbrk
 .text.exit     0x10004200        0x8 CMakeFiles/picow_ble_temp_reader.dir/home/kasper/.pico-sdk/sdk/2.1.1/src/rp2_common/pico_clib_interface/newlib_interface.c.o
                0x10004200                exit
 .text.runtime_init
                0x10004208       0x2c CMakeFiles/picow_ble_temp_reader.dir/home/kasper/.pico-sdk/sdk/2.1.1/src/rp2_common/pico_clib_interface/newlib_interface.c.o
                0x10004208                runtime_init
 .text.stdio_out_chars_no_crlf
                0x10004234       0x10 CMakeFiles/picow_ble_temp_reader.dir/home/kasper/.pico-sdk/sdk/2.1.1/src/rp2_common/pico_stdio/stdio.c.o
 .text.stdio_out_chars_crlf
                0x10004244       0xb0 CMakeFiles/picow_ble_temp_reader.dir/home/kasper/.pico-sdk/sdk/2.1.1/src/rp2_common/pico_stdio/stdio.c.o
 .text.stdio_buffered_printer
                0x100042f4       0x64 CMakeFiles/picow_ble_temp_reader.dir/home/kasper/.pico-sdk/sdk/2.1.1/src/rp2_common/pico_stdio/stdio.c.o
 .text.stdio_put_string
                0x10004358       0xfc CMakeFiles/picow_ble_temp_reader.dir/home/kasper/.pico-sdk/sdk/2.1.1/src/rp2_common/pico_stdio/stdio.c.o
                0x10004358                stdio_put_string
 .text.stdio_set_driver_enabled
                0x10004454       0x30 CMakeFiles/picow_ble_temp_reader.dir/home/kasper/.pico-sdk/sdk/2.1.1/src/rp2_common/pico_stdio/stdio.c.o
                0x10004454                stdio_set_driver_enabled
 .text.stdio_init_all
                0x10004484        0xc CMakeFiles/picow_ble_temp_reader.dir/home/kasper/.pico-sdk/sdk/2.1.1/src/rp2_common/pico_stdio/stdio.c.o
                0x10004484                stdio_init_all
 .text.__wrap_putchar
                0x10004490       0x94 CMakeFiles/picow_ble_temp_reader.dir/home/kasper/.pico-sdk/sdk/2.1.1/src/rp2_common/pico_stdio/stdio.c.o
                0x10004490                stdio_putchar
                0x10004490                __wrap_putchar
 .text.__wrap_puts
                0x10004524       0x3c CMakeFiles/picow_ble_temp_reader.dir/home/kasper/.pico-sdk/sdk/2.1.1/src/rp2_common/pico_stdio/stdio.c.o
                0x10004524                __wrap_puts
                0x10004524                stdio_puts
 .text.__wrap_vprintf
                0x10004560       0xcc CMakeFiles/picow_ble_temp_reader.dir/home/kasper/.pico-sdk/sdk/2.1.1/src/rp2_common/pico_stdio/stdio.c.o
                0x10004560                __wrap_vprintf
                0x10004560                stdio_vprintf
 .text.__wrap_printf
                0x1000462c       0x18 CMakeFiles/picow_ble_temp_reader.dir/home/kasper/.pico-sdk/sdk/2.1.1/src/rp2_common/pico_stdio/stdio.c.o
                0x1000462c                stdio_printf
                0x1000462c                __wrap_printf
 .text.stdio_uart_out_chars
                0x10004644       0x4c CMakeFiles/picow_ble_temp_reader.dir/home/kasper/.pico-sdk/sdk/2.1.1/src/rp2_common/pico_stdio_uart/stdio_uart.c.o
 .text.stdio_uart_in_chars
                0x10004690       0x90 CMakeFiles/picow_ble_temp_reader.dir/home/kasper/.pico-sdk/sdk/2.1.1/src/rp2_common/pico_stdio_uart/stdio_uart.c.o
                0x10004690                stdio_uart_in_chars
 .text.on_uart_rx
                0x10004720       0x28 CMakeFiles/picow_ble_temp_reader.dir/home/kasper/.pico-sdk/sdk/2.1.1/src/rp2_common/pico_stdio_uart/stdio_uart.c.o
 .text.stdio_uart_out_flush
                0x10004748       0x14 CMakeFiles/picow_ble_temp_reader.dir/home/kasper/.pico-sdk/sdk/2.1.1/src/rp2_common/pico_stdio_uart/stdio_uart.c.o
 .text.stdio_uart_set_chars_available_callback
                0x1000475c       0x84 CMakeFiles/picow_ble_temp_reader.dir/home/kasper/.pico-sdk/sdk/2.1.1/src/rp2_common/pico_stdio_uart/stdio_uart.c.o
 .text.stdio_uart_init
                0x100047e0       0x50 CMakeFiles/picow_ble_temp_reader.dir/home/kasper/.pico-sdk/sdk/2.1.1/src/rp2_common/pico_stdio_uart/stdio_uart.c.o
                0x100047e0                stdio_uart_init
 .text.att_validate_security.isra.0
                0x10004830       0xf8 CMakeFiles/picow_ble_temp_reader.dir/home/kasper/.pico-sdk/sdk/2.1.1/lib/btstack/src/ble/att_db.c.o
 .text.handle_read_multiple_request
                0x10004928      0x230 CMakeFiles/picow_ble_temp_reader.dir/home/kasper/.pico-sdk/sdk/2.1.1/lib/btstack/src/ble/att_db.c.o
 .text.att_set_db
                0x10004b58       0x44 CMakeFiles/picow_ble_temp_reader.dir/home/kasper/.pico-sdk/sdk/2.1.1/lib/btstack/src/ble/att_db.c.o
                0x10004b58                att_set_db
 .text.att_set_read_callback
                0x10004b9c        0xc CMakeFiles/picow_ble_temp_reader.dir/home/kasper/.pico-sdk/sdk/2.1.1/lib/btstack/src/ble/att_db.c.o
                0x10004b9c                att_set_read_callback
 .text.att_set_write_callback
                0x10004ba8        0xc CMakeFiles/picow_ble_temp_reader.dir/home/kasper/.pico-sdk/sdk/2.1.1/lib/btstack/src/ble/att_db.c.o
                0x10004ba8                att_set_write_callback
 .text.att_clear_transaction_queue
                0x10004bb4       0x20 CMakeFiles/picow_ble_temp_reader.dir/home/kasper/.pico-sdk/sdk/2.1.1/lib/btstack/src/ble/att_db.c.o
                0x10004bb4                att_clear_transaction_queue
 .text.att_handle_request
                0x10004bd4     0x1884 CMakeFiles/picow_ble_temp_reader.dir/home/kasper/.pico-sdk/sdk/2.1.1/lib/btstack/src/ble/att_db.c.o
                0x10004bd4                att_handle_request
 .text.att_is_persistent_ccc
                0x10006458       0x9c CMakeFiles/picow_ble_temp_reader.dir/home/kasper/.pico-sdk/sdk/2.1.1/lib/btstack/src/ble/att_db.c.o
                0x10006458                att_is_persistent_ccc
 .text.att_packet_handler
                0x100064f4      0x10c CMakeFiles/picow_ble_temp_reader.dir/home/kasper/.pico-sdk/sdk/2.1.1/lib/btstack/src/ble/att_dispatch.c.o
 .text.att_dispatch_register_client
                0x10006600       0x18 CMakeFiles/picow_ble_temp_reader.dir/home/kasper/.pico-sdk/sdk/2.1.1/lib/btstack/src/ble/att_dispatch.c.o
                0x10006600                att_dispatch_register_client
 .text.att_dispatch_register_server
                0x10006618       0x18 CMakeFiles/picow_ble_temp_reader.dir/home/kasper/.pico-sdk/sdk/2.1.1/lib/btstack/src/ble/att_dispatch.c.o
                0x10006618                att_dispatch_register_server
 .text.att_dispatch_client_can_send_now
                0x10006630        0xc CMakeFiles/picow_ble_temp_reader.dir/home/kasper/.pico-sdk/sdk/2.1.1/lib/btstack/src/ble/att_dispatch.c.o
                0x10006630                att_dispatch_client_can_send_now
 .text.att_dispatch_server_can_send_now
                0x1000663c        0xc CMakeFiles/picow_ble_temp_reader.dir/home/kasper/.pico-sdk/sdk/2.1.1/lib/btstack/src/ble/att_dispatch.c.o
                0x1000663c                att_dispatch_server_can_send_now
 .text.att_dispatch_client_request_can_send_now_event
                0x10006648       0x24 CMakeFiles/picow_ble_temp_reader.dir/home/kasper/.pico-sdk/sdk/2.1.1/lib/btstack/src/ble/att_dispatch.c.o
                0x10006648                att_dispatch_client_request_can_send_now_event
 .text.att_dispatch_server_request_can_send_now_event
                0x1000666c       0x24 CMakeFiles/picow_ble_temp_reader.dir/home/kasper/.pico-sdk/sdk/2.1.1/lib/btstack/src/ble/att_dispatch.c.o
                0x1000666c                att_dispatch_server_request_can_send_now_event
 .text.att_dispatch_server_mtu_exchanged
                0x10006690       0x40 CMakeFiles/picow_ble_temp_reader.dir/home/kasper/.pico-sdk/sdk/2.1.1/lib/btstack/src/ble/att_dispatch.c.o
                0x10006690                att_dispatch_server_mtu_exchanged
 .text.att_dispatch_client_mtu_exchanged
                0x100066d0       0x40 CMakeFiles/picow_ble_temp_reader.dir/home/kasper/.pico-sdk/sdk/2.1.1/lib/btstack/src/ble/att_dispatch.c.o
                0x100066d0                att_dispatch_client_mtu_exchanged
 .text.att_server_write_callback
                0x10006710      0x348 CMakeFiles/picow_ble_temp_reader.dir/home/kasper/.pico-sdk/sdk/2.1.1/lib/btstack/src/ble/att_server.c.o
 .text.att_server_read_callback
                0x10006a58       0x78 CMakeFiles/picow_ble_temp_reader.dir/home/kasper/.pico-sdk/sdk/2.1.1/lib/btstack/src/ble/att_server.c.o
 .text.att_handle_value_indication_notify_client
                0x10006ad0       0x70 CMakeFiles/picow_ble_temp_reader.dir/home/kasper/.pico-sdk/sdk/2.1.1/lib/btstack/src/ble/att_server.c.o
 .text.att_server_dispatch_packet_handler
                0x10006b40      0x568 CMakeFiles/picow_ble_temp_reader.dir/home/kasper/.pico-sdk/sdk/2.1.1/lib/btstack/src/ble/att_server.c.o
 .text.att_server_event_packet_handler
                0x100070a8      0x708 CMakeFiles/picow_ble_temp_reader.dir/home/kasper/.pico-sdk/sdk/2.1.1/lib/btstack/src/ble/att_server.c.o
 .text.att_server_init
                0x100077b0       0x58 CMakeFiles/picow_ble_temp_reader.dir/home/kasper/.pico-sdk/sdk/2.1.1/lib/btstack/src/ble/att_server.c.o
                0x100077b0                att_server_init
 .text.send_gatt_prepare_write_request
                0x10007808       0x8c CMakeFiles/picow_ble_temp_reader.dir/home/kasper/.pico-sdk/sdk/2.1.1/lib/btstack/src/ble/gatt_client.c.o
 .text.gatt_client_provide_context_for_handle
                0x10007894       0xe4 CMakeFiles/picow_ble_temp_reader.dir/home/kasper/.pico-sdk/sdk/2.1.1/lib/btstack/src/ble/gatt_client.c.o
 .text.report_gatt_characteristic_value
                0x10007978       0x80 CMakeFiles/picow_ble_temp_reader.dir/home/kasper/.pico-sdk/sdk/2.1.1/lib/btstack/src/ble/gatt_client.c.o
 .text.send_gatt_read_blob_request
                0x100079f8       0x7c CMakeFiles/picow_ble_temp_reader.dir/home/kasper/.pico-sdk/sdk/2.1.1/lib/btstack/src/ble/gatt_client.c.o
 .text.emit_gatt_service_query_result_event
                0x10007a74       0x74 CMakeFiles/picow_ble_temp_reader.dir/home/kasper/.pico-sdk/sdk/2.1.1/lib/btstack/src/ble/gatt_client.c.o
 .text.emit_gatt_included_service_query_result_event
                0x10007ae8       0x7c CMakeFiles/picow_ble_temp_reader.dir/home/kasper/.pico-sdk/sdk/2.1.1/lib/btstack/src/ble/gatt_client.c.o
 .text.gatt_client_handle_transaction_complete
                0x10007b64       0x8c CMakeFiles/picow_ble_temp_reader.dir/home/kasper/.pico-sdk/sdk/2.1.1/lib/btstack/src/ble/gatt_client.c.o
 .text.gatt_client_timeout_handler
                0x10007bf0       0x5c CMakeFiles/picow_ble_temp_reader.dir/home/kasper/.pico-sdk/sdk/2.1.1/lib/btstack/src/ble/gatt_client.c.o
 .text.report_gatt_characteristic_value_change
                0x10007c4c      0x15c CMakeFiles/picow_ble_temp_reader.dir/home/kasper/.pico-sdk/sdk/2.1.1/lib/btstack/src/ble/gatt_client.c.o
 .text.report_gatt_characteristic_end_found
                0x10007da8       0xa0 CMakeFiles/picow_ble_temp_reader.dir/home/kasper/.pico-sdk/sdk/2.1.1/lib/btstack/src/ble/gatt_client.c.o
 .text.report_gatt_characteristics
                0x10007e48      0x168 CMakeFiles/picow_ble_temp_reader.dir/home/kasper/.pico-sdk/sdk/2.1.1/lib/btstack/src/ble/gatt_client.c.o
 .text.gatt_client_run_for_gatt_client
                0x10007fb0      0x640 CMakeFiles/picow_ble_temp_reader.dir/home/kasper/.pico-sdk/sdk/2.1.1/lib/btstack/src/ble/gatt_client.c.o
 .text.gatt_client_event_packet_handler
                0x100085f0      0x254 CMakeFiles/picow_ble_temp_reader.dir/home/kasper/.pico-sdk/sdk/2.1.1/lib/btstack/src/ble/gatt_client.c.o
 .text.gatt_client_att_packet_handler
                0x10008844      0xd34 CMakeFiles/picow_ble_temp_reader.dir/home/kasper/.pico-sdk/sdk/2.1.1/lib/btstack/src/ble/gatt_client.c.o
 .text.gatt_client_init
                0x10009578       0x58 CMakeFiles/picow_ble_temp_reader.dir/home/kasper/.pico-sdk/sdk/2.1.1/lib/btstack/src/ble/gatt_client.c.o
                0x10009578                gatt_client_init
 .text.gatt_client_listen_for_characteristic_value_updates
                0x100095d0       0x24 CMakeFiles/picow_ble_temp_reader.dir/home/kasper/.pico-sdk/sdk/2.1.1/lib/btstack/src/ble/gatt_client.c.o
                0x100095d0                gatt_client_listen_for_characteristic_value_updates
 .text.gatt_client_stop_listening_for_characteristic_value_updates
                0x100095f4       0x14 CMakeFiles/picow_ble_temp_reader.dir/home/kasper/.pico-sdk/sdk/2.1.1/lib/btstack/src/ble/gatt_client.c.o
                0x100095f4                gatt_client_stop_listening_for_characteristic_value_updates
 .text.gatt_client_discover_primary_services_by_uuid16
                0x10009608       0xc8 CMakeFiles/picow_ble_temp_reader.dir/home/kasper/.pico-sdk/sdk/2.1.1/lib/btstack/src/ble/gatt_client.c.o
                0x10009608                gatt_client_discover_primary_services_by_uuid16
 .text.gatt_client_discover_characteristics_for_service_by_uuid16
                0x100096d0       0xd8 CMakeFiles/picow_ble_temp_reader.dir/home/kasper/.pico-sdk/sdk/2.1.1/lib/btstack/src/ble/gatt_client.c.o
                0x100096d0                gatt_client_discover_characteristics_for_service_by_uuid16
 .text.gatt_client_write_client_characteristic_configuration
                0x100097a8      0x120 CMakeFiles/picow_ble_temp_reader.dir/home/kasper/.pico-sdk/sdk/2.1.1/lib/btstack/src/ble/gatt_client.c.o
                0x100097a8                gatt_client_write_client_characteristic_configuration
 .text.gatt_client_deserialize_service
                0x100098c8       0x40 CMakeFiles/picow_ble_temp_reader.dir/home/kasper/.pico-sdk/sdk/2.1.1/lib/btstack/src/ble/gatt_client.c.o
                0x100098c8                gatt_client_deserialize_service
 .text.gatt_client_deserialize_characteristic
                0x10009908       0x58 CMakeFiles/picow_ble_temp_reader.dir/home/kasper/.pico-sdk/sdk/2.1.1/lib/btstack/src/ble/gatt_client.c.o
                0x10009908                gatt_client_deserialize_characteristic
 .text.le_device_db_init
                0x10009960       0x28 CMakeFiles/picow_ble_temp_reader.dir/home/kasper/.pico-sdk/sdk/2.1.1/lib/btstack/src/ble/le_device_db_tlv.c.o
                0x10009960                le_device_db_init
 .text.le_device_db_set_local_bd_addr
                0x10009988        0x4 CMakeFiles/picow_ble_temp_reader.dir/home/kasper/.pico-sdk/sdk/2.1.1/lib/btstack/src/ble/le_device_db_tlv.c.o
                0x10009988                le_device_db_set_local_bd_addr
 .text.le_device_db_max_count
                0x1000998c        0x4 CMakeFiles/picow_ble_temp_reader.dir/home/kasper/.pico-sdk/sdk/2.1.1/lib/btstack/src/ble/le_device_db_tlv.c.o
                0x1000998c                le_device_db_max_count
 .text.le_device_db_remove
                0x10009990       0x44 CMakeFiles/picow_ble_temp_reader.dir/home/kasper/.pico-sdk/sdk/2.1.1/lib/btstack/src/ble/le_device_db_tlv.c.o
                0x10009990                le_device_db_remove
 .text.le_device_db_add
                0x100099d4      0x1bc CMakeFiles/picow_ble_temp_reader.dir/home/kasper/.pico-sdk/sdk/2.1.1/lib/btstack/src/ble/le_device_db_tlv.c.o
                0x100099d4                le_device_db_add
 .text.le_device_db_info
                0x10009b90       0x6c CMakeFiles/picow_ble_temp_reader.dir/home/kasper/.pico-sdk/sdk/2.1.1/lib/btstack/src/ble/le_device_db_tlv.c.o
                0x10009b90                le_device_db_info
 .text.le_device_db_encryption_set
                0x10009bfc       0xf0 CMakeFiles/picow_ble_temp_reader.dir/home/kasper/.pico-sdk/sdk/2.1.1/lib/btstack/src/ble/le_device_db_tlv.c.o
                0x10009bfc                le_device_db_encryption_set
 .text.le_device_db_encryption_get
                0x10009cec      0x10c CMakeFiles/picow_ble_temp_reader.dir/home/kasper/.pico-sdk/sdk/2.1.1/lib/btstack/src/ble/le_device_db_tlv.c.o
                0x10009cec                le_device_db_encryption_get
 .text.le_device_db_tlv_configure
                0x10009df8       0xa8 CMakeFiles/picow_ble_temp_reader.dir/home/kasper/.pico-sdk/sdk/2.1.1/lib/btstack/src/ble/le_device_db_tlv.c.o
                0x10009df8                le_device_db_tlv_configure
 .text.sm_init_setup
                0x10009ea0      0x138 CMakeFiles/picow_ble_temp_reader.dir/home/kasper/.pico-sdk/sdk/2.1.1/lib/btstack/src/ble/sm.c.o
 .text.sm_handle_random_result_ph3_random
                0x10009fd8       0x64 CMakeFiles/picow_ble_temp_reader.dir/home/kasper/.pico-sdk/sdk/2.1.1/lib/btstack/src/ble/sm.c.o
 .text.sm_handle_encryption_result_enc_a
                0x1000a03c      0x12c CMakeFiles/picow_ble_temp_reader.dir/home/kasper/.pico-sdk/sdk/2.1.1/lib/btstack/src/ble/sm.c.o
 .text.sm_handle_encryption_result_enc_ph3_ltk
                0x1000a168       0x90 CMakeFiles/picow_ble_temp_reader.dir/home/kasper/.pico-sdk/sdk/2.1.1/lib/btstack/src/ble/sm.c.o
 .text.sm_handle_encryption_result_enc_c
                0x1000a1f8      0x134 CMakeFiles/picow_ble_temp_reader.dir/home/kasper/.pico-sdk/sdk/2.1.1/lib/btstack/src/ble/sm.c.o
 .text.sm_handle_encryption_result_enc_ph4_y
                0x1000a32c       0xdc CMakeFiles/picow_ble_temp_reader.dir/home/kasper/.pico-sdk/sdk/2.1.1/lib/btstack/src/ble/sm.c.o
 .text.sm_handle_encryption_result_enc_ph3_y
                0x1000a408       0xe8 CMakeFiles/picow_ble_temp_reader.dir/home/kasper/.pico-sdk/sdk/2.1.1/lib/btstack/src/ble/sm.c.o
 .text.sm_stk_generation_init
                0x1000a4f0      0x208 CMakeFiles/picow_ble_temp_reader.dir/home/kasper/.pico-sdk/sdk/2.1.1/lib/btstack/src/ble/sm.c.o
 .text.sm_handle_encryption_result_dkg_dhk
                0x1000a6f8       0x50 CMakeFiles/picow_ble_temp_reader.dir/home/kasper/.pico-sdk/sdk/2.1.1/lib/btstack/src/ble/sm.c.o
 .text.sm_handle_encryption_result_dkg_irk
                0x1000a748       0x50 CMakeFiles/picow_ble_temp_reader.dir/home/kasper/.pico-sdk/sdk/2.1.1/lib/btstack/src/ble/sm.c.o
 .text.sm_handle_random_result_ph2_random
                0x1000a798       0x40 CMakeFiles/picow_ble_temp_reader.dir/home/kasper/.pico-sdk/sdk/2.1.1/lib/btstack/src/ble/sm.c.o
 .text.sm_handle_encryption_result_rau
                0x1000a7d8       0x58 CMakeFiles/picow_ble_temp_reader.dir/home/kasper/.pico-sdk/sdk/2.1.1/lib/btstack/src/ble/sm.c.o
 .text.sm_pairing_started.part.0
                0x1000a830       0x6c CMakeFiles/picow_ble_temp_reader.dir/home/kasper/.pico-sdk/sdk/2.1.1/lib/btstack/src/ble/sm.c.o
 .text.sm_pairing_complete.part.0
                0x1000a89c       0x84 CMakeFiles/picow_ble_temp_reader.dir/home/kasper/.pico-sdk/sdk/2.1.1/lib/btstack/src/ble/sm.c.o
 .text.sm_trigger_user_response_basic.constprop.0
                0x1000a920       0x6c CMakeFiles/picow_ble_temp_reader.dir/home/kasper/.pico-sdk/sdk/2.1.1/lib/btstack/src/ble/sm.c.o
 .text.sm_handle_encryption_result_enc_b
                0x1000a98c       0x58 CMakeFiles/picow_ble_temp_reader.dir/home/kasper/.pico-sdk/sdk/2.1.1/lib/btstack/src/ble/sm.c.o
 .text.sm_handle_random_result_rau
                0x1000a9e4       0x60 CMakeFiles/picow_ble_temp_reader.dir/home/kasper/.pico-sdk/sdk/2.1.1/lib/btstack/src/ble/sm.c.o
 .text.sm_trigger_user_response_passkey.constprop.0
                0x1000aa44       0x90 CMakeFiles/picow_ble_temp_reader.dir/home/kasper/.pico-sdk/sdk/2.1.1/lib/btstack/src/ble/sm.c.o
 .text.sm_trigger_user_response
                0x1000aad4       0x50 CMakeFiles/picow_ble_temp_reader.dir/home/kasper/.pico-sdk/sdk/2.1.1/lib/btstack/src/ble/sm.c.o
 .text.sm_reencryption_started.part.0
                0x1000ab24       0x8c CMakeFiles/picow_ble_temp_reader.dir/home/kasper/.pico-sdk/sdk/2.1.1/lib/btstack/src/ble/sm.c.o
 .text.sm_reencryption_complete.part.0
                0x1000abb0       0x9c CMakeFiles/picow_ble_temp_reader.dir/home/kasper/.pico-sdk/sdk/2.1.1/lib/btstack/src/ble/sm.c.o
 .text.sm_handle_encryption_result_enc_ph4_ltk
                0x1000ac4c       0x74 CMakeFiles/picow_ble_temp_reader.dir/home/kasper/.pico-sdk/sdk/2.1.1/lib/btstack/src/ble/sm.c.o
 .text.sm_handle_random_result_ph3_div
                0x1000acc0       0x7c CMakeFiles/picow_ble_temp_reader.dir/home/kasper/.pico-sdk/sdk/2.1.1/lib/btstack/src/ble/sm.c.o
 .text.sm_handle_encryption_result_enc_stk
                0x1000ad3c       0x7c CMakeFiles/picow_ble_temp_reader.dir/home/kasper/.pico-sdk/sdk/2.1.1/lib/btstack/src/ble/sm.c.o
 .text.sm_handle_random_result_ir
                0x1000adb8       0xb4 CMakeFiles/picow_ble_temp_reader.dir/home/kasper/.pico-sdk/sdk/2.1.1/lib/btstack/src/ble/sm.c.o
 .text.gap_random_address_update_handler
                0x1000ae6c       0x8c CMakeFiles/picow_ble_temp_reader.dir/home/kasper/.pico-sdk/sdk/2.1.1/lib/btstack/src/ble/sm.c.o
 .text.sm_handle_random_result_ph2_tk
                0x1000aef8       0xd0 CMakeFiles/picow_ble_temp_reader.dir/home/kasper/.pico-sdk/sdk/2.1.1/lib/btstack/src/ble/sm.c.o
 .text.sm_handle_random_result_er
                0x1000afc8      0x11c CMakeFiles/picow_ble_temp_reader.dir/home/kasper/.pico-sdk/sdk/2.1.1/lib/btstack/src/ble/sm.c.o
 .text.sm_handle_encryption_result_enc_d
                0x1000b0e4       0xf4 CMakeFiles/picow_ble_temp_reader.dir/home/kasper/.pico-sdk/sdk/2.1.1/lib/btstack/src/ble/sm.c.o
 .text.sm_key_distribution_handle_all_received
                0x1000b1d8      0x414 CMakeFiles/picow_ble_temp_reader.dir/home/kasper/.pico-sdk/sdk/2.1.1/lib/btstack/src/ble/sm.c.o
 .text.sm_handle_encryption_result_enc_csrk
                0x1000b5ec       0xe8 CMakeFiles/picow_ble_temp_reader.dir/home/kasper/.pico-sdk/sdk/2.1.1/lib/btstack/src/ble/sm.c.o
 .text.sm_address_resolution_handle_event
                0x1000b6d4      0x32c CMakeFiles/picow_ble_temp_reader.dir/home/kasper/.pico-sdk/sdk/2.1.1/lib/btstack/src/ble/sm.c.o
 .text.sm_handle_encryption_result_address_resolution
                0x1000ba00       0x8c CMakeFiles/picow_ble_temp_reader.dir/home/kasper/.pico-sdk/sdk/2.1.1/lib/btstack/src/ble/sm.c.o
 .text.sm_run   0x1000ba8c     0x13b8 CMakeFiles/picow_ble_temp_reader.dir/home/kasper/.pico-sdk/sdk/2.1.1/lib/btstack/src/ble/sm.c.o
 .text.sm_channel_handler
                0x1000ce44      0x554 CMakeFiles/picow_ble_temp_reader.dir/home/kasper/.pico-sdk/sdk/2.1.1/lib/btstack/src/ble/sm.c.o
 .text.sm_timeout_handler
                0x1000d398       0x8c CMakeFiles/picow_ble_temp_reader.dir/home/kasper/.pico-sdk/sdk/2.1.1/lib/btstack/src/ble/sm.c.o
 .text.sm_run_timer_handler
                0x1000d424        0x8 CMakeFiles/picow_ble_temp_reader.dir/home/kasper/.pico-sdk/sdk/2.1.1/lib/btstack/src/ble/sm.c.o
 .text.sm_add_event_handler
                0x1000d42c       0x14 CMakeFiles/picow_ble_temp_reader.dir/home/kasper/.pico-sdk/sdk/2.1.1/lib/btstack/src/ble/sm.c.o
                0x1000d42c                sm_add_event_handler
 .text.sm_set_io_capabilities
                0x1000d440        0xc CMakeFiles/picow_ble_temp_reader.dir/home/kasper/.pico-sdk/sdk/2.1.1/lib/btstack/src/ble/sm.c.o
                0x1000d440                sm_set_io_capabilities
 .text.sm_init  0x1000d44c      0x10c CMakeFiles/picow_ble_temp_reader.dir/home/kasper/.pico-sdk/sdk/2.1.1/lib/btstack/src/ble/sm.c.o
                0x1000d44c                sm_init
 .text.sm_request_pairing
                0x1000d558      0x1c4 CMakeFiles/picow_ble_temp_reader.dir/home/kasper/.pico-sdk/sdk/2.1.1/lib/btstack/src/ble/sm.c.o
                0x1000d558                sm_request_pairing
 .text.sm_le_device_index
                0x1000d71c       0x18 CMakeFiles/picow_ble_temp_reader.dir/home/kasper/.pico-sdk/sdk/2.1.1/lib/btstack/src/ble/sm.c.o
                0x1000d71c                sm_le_device_index
 .text.gap_random_address_set_mode
                0x1000d734       0xa4 CMakeFiles/picow_ble_temp_reader.dir/home/kasper/.pico-sdk/sdk/2.1.1/lib/btstack/src/ble/sm.c.o
                0x1000d734                gap_random_address_set_mode
 .text.gap_random_address_set
                0x1000d7d8       0xc0 CMakeFiles/picow_ble_temp_reader.dir/home/kasper/.pico-sdk/sdk/2.1.1/lib/btstack/src/ble/sm.c.o
                0x1000d7d8                gap_random_address_set
 .text.sm_event_packet_handler
                0x1000d898      0x718 CMakeFiles/picow_ble_temp_reader.dir/home/kasper/.pico-sdk/sdk/2.1.1/lib/btstack/src/ble/sm.c.o
 .text.gap_reconnect_security_setup_active
                0x1000dfb0       0x48 CMakeFiles/picow_ble_temp_reader.dir/home/kasper/.pico-sdk/sdk/2.1.1/lib/btstack/src/ble/sm.c.o
                0x1000dfb0                gap_reconnect_security_setup_active
 .text.hci_event_builder_init
                0x1000dff8       0x38 CMakeFiles/picow_ble_temp_reader.dir/home/kasper/.pico-sdk/sdk/2.1.1/lib/btstack/src/hci_event_builder.c.o
                0x1000dff8                hci_event_builder_init
 .text.hci_event_builder_get_length
                0x1000e030        0x4 CMakeFiles/picow_ble_temp_reader.dir/home/kasper/.pico-sdk/sdk/2.1.1/lib/btstack/src/hci_event_builder.c.o
                0x1000e030                hci_event_builder_get_length
 .text.hci_event_builder_add_08
                0x1000e034       0x18 CMakeFiles/picow_ble_temp_reader.dir/home/kasper/.pico-sdk/sdk/2.1.1/lib/btstack/src/hci_event_builder.c.o
                0x1000e034                hci_event_builder_add_08
 .text.hci_event_builder_add_16
                0x1000e04c       0x1c CMakeFiles/picow_ble_temp_reader.dir/home/kasper/.pico-sdk/sdk/2.1.1/lib/btstack/src/hci_event_builder.c.o
                0x1000e04c                hci_event_builder_add_16
 .text.hci_event_builder_add_128
                0x1000e068       0x20 CMakeFiles/picow_ble_temp_reader.dir/home/kasper/.pico-sdk/sdk/2.1.1/lib/btstack/src/hci_event_builder.c.o
                0x1000e068                hci_event_builder_add_128
 .text.hci_event_builder_add_con_handle
                0x1000e088       0x1c CMakeFiles/picow_ble_temp_reader.dir/home/kasper/.pico-sdk/sdk/2.1.1/lib/btstack/src/hci_event_builder.c.o
                0x1000e088                hci_event_builder_add_con_handle
 .text.default_RNG
                0x1000e0a4        0x4 CMakeFiles/picow_ble_temp_reader.dir/home/kasper/.pico-sdk/sdk/2.1.1/lib/btstack/3rd-party/micro-ecc/uECC.c.o
 .text.vli_mult
                0x1000e0a8      0x4f4 CMakeFiles/picow_ble_temp_reader.dir/home/kasper/.pico-sdk/sdk/2.1.1/lib/btstack/3rd-party/micro-ecc/uECC.c.o
 .text.vli_mmod_fast
                0x1000e59c      0x704 CMakeFiles/picow_ble_temp_reader.dir/home/kasper/.pico-sdk/sdk/2.1.1/lib/btstack/3rd-party/micro-ecc/uECC.c.o
 .text.vli_modAdd.constprop.0
                0x1000eca0      0x190 CMakeFiles/picow_ble_temp_reader.dir/home/kasper/.pico-sdk/sdk/2.1.1/lib/btstack/3rd-party/micro-ecc/uECC.c.o
 .text.XYcZ_add
                0x1000ee30      0x980 CMakeFiles/picow_ble_temp_reader.dir/home/kasper/.pico-sdk/sdk/2.1.1/lib/btstack/3rd-party/micro-ecc/uECC.c.o
 .text.XYcZ_addC
                0x1000f7b0      0xbe4 CMakeFiles/picow_ble_temp_reader.dir/home/kasper/.pico-sdk/sdk/2.1.1/lib/btstack/3rd-party/micro-ecc/uECC.c.o
 .text.EccPoint_mult.constprop.0
                0x10010394     0x16b0 CMakeFiles/picow_ble_temp_reader.dir/home/kasper/.pico-sdk/sdk/2.1.1/lib/btstack/3rd-party/micro-ecc/uECC.c.o
 .text.EccPoint_compute_public_key
                0x10011a44      0x2d0 CMakeFiles/picow_ble_temp_reader.dir/home/kasper/.pico-sdk/sdk/2.1.1/lib/btstack/3rd-party/micro-ecc/uECC.c.o
 .text.uECC_set_rng
                0x10011d14        0xc CMakeFiles/picow_ble_temp_reader.dir/home/kasper/.pico-sdk/sdk/2.1.1/lib/btstack/3rd-party/micro-ecc/uECC.c.o
                0x10011d14                uECC_set_rng
 .text.uECC_make_key
                0x10011d20      0x1fc CMakeFiles/picow_ble_temp_reader.dir/home/kasper/.pico-sdk/sdk/2.1.1/lib/btstack/3rd-party/micro-ecc/uECC.c.o
                0x10011d20                uECC_make_key
 .text.uECC_shared_secret
                0x10011f1c      0x4f0 CMakeFiles/picow_ble_temp_reader.dir/home/kasper/.pico-sdk/sdk/2.1.1/lib/btstack/3rd-party/micro-ecc/uECC.c.o
                0x10011f1c                uECC_shared_secret
 .text.rijndaelSetupEncrypt
                0x1001240c      0x488 CMakeFiles/picow_ble_temp_reader.dir/home/kasper/.pico-sdk/sdk/2.1.1/lib/btstack/3rd-party/rijndael/rijndael.c.o
                0x1001240c                rijndaelSetupEncrypt
 .text.rijndaelEncrypt
                0x10012894      0xb1c CMakeFiles/picow_ble_temp_reader.dir/home/kasper/.pico-sdk/sdk/2.1.1/lib/btstack/3rd-party/rijndael/rijndael.c.o
                0x10012894                rijndaelEncrypt
 .text.btstack_tlv_flash_bank_write
                0x100133b0       0x80 CMakeFiles/picow_ble_temp_reader.dir/home/kasper/.pico-sdk/sdk/2.1.1/lib/btstack/platform/embedded/btstack_tlv_flash_bank.c.o
 .text.btstack_tlv_flash_bank_read
                0x10013430       0x74 CMakeFiles/picow_ble_temp_reader.dir/home/kasper/.pico-sdk/sdk/2.1.1/lib/btstack/platform/embedded/btstack_tlv_flash_bank.c.o
 .text.btstack_tlv_flash_bank_iterator_init
                0x100134a4       0x78 CMakeFiles/picow_ble_temp_reader.dir/home/kasper/.pico-sdk/sdk/2.1.1/lib/btstack/platform/embedded/btstack_tlv_flash_bank.c.o
 .text.btstack_tlv_flash_bank_get_tag
                0x1001351c       0xf8 CMakeFiles/picow_ble_temp_reader.dir/home/kasper/.pico-sdk/sdk/2.1.1/lib/btstack/platform/embedded/btstack_tlv_flash_bank.c.o
 .text.btstack_tlv_flash_bank_delete_tag_until_offset
                0x10013614      0x150 CMakeFiles/picow_ble_temp_reader.dir/home/kasper/.pico-sdk/sdk/2.1.1/lib/btstack/platform/embedded/btstack_tlv_flash_bank.c.o
 .text.btstack_tlv_flash_bank_delete_tag
                0x10013764        0xc CMakeFiles/picow_ble_temp_reader.dir/home/kasper/.pico-sdk/sdk/2.1.1/lib/btstack/platform/embedded/btstack_tlv_flash_bank.c.o
 .text.btstack_tlv_flash_bank_test_erased
                0x10013770      0x164 CMakeFiles/picow_ble_temp_reader.dir/home/kasper/.pico-sdk/sdk/2.1.1/lib/btstack/platform/embedded/btstack_tlv_flash_bank.c.o
 .text.btstack_tlv_flash_bank_migrate
                0x100138d4      0x20c CMakeFiles/picow_ble_temp_reader.dir/home/kasper/.pico-sdk/sdk/2.1.1/lib/btstack/platform/embedded/btstack_tlv_flash_bank.c.o
 .text.btstack_tlv_flash_bank_store_tag
                0x10013ae0      0x130 CMakeFiles/picow_ble_temp_reader.dir/home/kasper/.pico-sdk/sdk/2.1.1/lib/btstack/platform/embedded/btstack_tlv_flash_bank.c.o
 .text.btstack_tlv_flash_bank_init_instance
                0x10013c10      0x2a8 CMakeFiles/picow_ble_temp_reader.dir/home/kasper/.pico-sdk/sdk/2.1.1/lib/btstack/platform/embedded/btstack_tlv_flash_bank.c.o
                0x10013c10                btstack_tlv_flash_bank_init_instance
 .text.ad_iterator_init
                0x10013eb8        0xc CMakeFiles/picow_ble_temp_reader.dir/home/kasper/.pico-sdk/sdk/2.1.1/lib/btstack/src/ad_parser.c.o
                0x10013eb8                ad_iterator_init
 .text.ad_iterator_has_more
                0x10013ec4       0x24 CMakeFiles/picow_ble_temp_reader.dir/home/kasper/.pico-sdk/sdk/2.1.1/lib/btstack/src/ad_parser.c.o
                0x10013ec4                ad_iterator_has_more
 .text.ad_iterator_next
                0x10013ee8       0x10 CMakeFiles/picow_ble_temp_reader.dir/home/kasper/.pico-sdk/sdk/2.1.1/lib/btstack/src/ad_parser.c.o
                0x10013ee8                ad_iterator_next
 .text.ad_iterator_get_data_len
                0x10013ef8        0xc CMakeFiles/picow_ble_temp_reader.dir/home/kasper/.pico-sdk/sdk/2.1.1/lib/btstack/src/ad_parser.c.o
                0x10013ef8                ad_iterator_get_data_len
 .text.ad_iterator_get_data_type
                0x10013f04        0xc CMakeFiles/picow_ble_temp_reader.dir/home/kasper/.pico-sdk/sdk/2.1.1/lib/btstack/src/ad_parser.c.o
                0x10013f04                ad_iterator_get_data_type
 .text.ad_iterator_get_data
                0x10013f10        0xc CMakeFiles/picow_ble_temp_reader.dir/home/kasper/.pico-sdk/sdk/2.1.1/lib/btstack/src/ad_parser.c.o
                0x10013f10                ad_iterator_get_data
 .text.sm_generate_f_rng
                0x10013f1c       0x70 CMakeFiles/picow_ble_temp_reader.dir/home/kasper/.pico-sdk/sdk/2.1.1/lib/btstack/src/btstack_crypto.c.o
 .text.btstack_crypto_run.part.0
                0x10013f8c     0x131c CMakeFiles/picow_ble_temp_reader.dir/home/kasper/.pico-sdk/sdk/2.1.1/lib/btstack/src/btstack_crypto.c.o
 .text.btstack_crypto_event_handler
                0x100152a8      0x164 CMakeFiles/picow_ble_temp_reader.dir/home/kasper/.pico-sdk/sdk/2.1.1/lib/btstack/src/btstack_crypto.c.o
 .text.btstack_crypto_random_generate
                0x1001540c       0x2c CMakeFiles/picow_ble_temp_reader.dir/home/kasper/.pico-sdk/sdk/2.1.1/lib/btstack/src/btstack_crypto.c.o
                0x1001540c                btstack_crypto_random_generate
 .text.btstack_crypto_aes128_encrypt
                0x10015438       0x30 CMakeFiles/picow_ble_temp_reader.dir/home/kasper/.pico-sdk/sdk/2.1.1/lib/btstack/src/btstack_crypto.c.o
                0x10015438                btstack_crypto_aes128_encrypt
 .text.btstack_crypto_init
                0x10015468       0x40 CMakeFiles/picow_ble_temp_reader.dir/home/kasper/.pico-sdk/sdk/2.1.1/lib/btstack/src/btstack_crypto.c.o
                0x10015468                btstack_crypto_init
 .text.btstack_linked_list_empty
                0x100154a8        0xc CMakeFiles/picow_ble_temp_reader.dir/home/kasper/.pico-sdk/sdk/2.1.1/lib/btstack/src/btstack_linked_list.c.o
                0x100154a8                btstack_linked_list_empty
 .text.btstack_linked_list_add
                0x100154b4       0x20 CMakeFiles/picow_ble_temp_reader.dir/home/kasper/.pico-sdk/sdk/2.1.1/lib/btstack/src/btstack_linked_list.c.o
                0x100154b4                btstack_linked_list_add
 .text.btstack_linked_list_add_tail
                0x100154d4       0x1c CMakeFiles/picow_ble_temp_reader.dir/home/kasper/.pico-sdk/sdk/2.1.1/lib/btstack/src/btstack_linked_list.c.o
                0x100154d4                btstack_linked_list_add_tail
 .text.btstack_linked_list_remove
                0x100154f0       0x20 CMakeFiles/picow_ble_temp_reader.dir/home/kasper/.pico-sdk/sdk/2.1.1/lib/btstack/src/btstack_linked_list.c.o
                0x100154f0                btstack_linked_list_remove
 .text.btstack_linked_list_get_first_item
                0x10015510        0x4 CMakeFiles/picow_ble_temp_reader.dir/home/kasper/.pico-sdk/sdk/2.1.1/lib/btstack/src/btstack_linked_list.c.o
                0x10015510                btstack_linked_list_get_first_item
 .text.btstack_linked_list_pop
                0x10015514       0x10 CMakeFiles/picow_ble_temp_reader.dir/home/kasper/.pico-sdk/sdk/2.1.1/lib/btstack/src/btstack_linked_list.c.o
                0x10015514                btstack_linked_list_pop
 .text.btstack_linked_list_iterator_init
                0x10015524        0xc CMakeFiles/picow_ble_temp_reader.dir/home/kasper/.pico-sdk/sdk/2.1.1/lib/btstack/src/btstack_linked_list.c.o
                0x10015524                btstack_linked_list_iterator_init
 .text.btstack_linked_list_iterator_has_next
                0x10015530       0x24 CMakeFiles/picow_ble_temp_reader.dir/home/kasper/.pico-sdk/sdk/2.1.1/lib/btstack/src/btstack_linked_list.c.o
                0x10015530                btstack_linked_list_iterator_has_next
 .text.btstack_linked_list_iterator_next
                0x10015554       0x28 CMakeFiles/picow_ble_temp_reader.dir/home/kasper/.pico-sdk/sdk/2.1.1/lib/btstack/src/btstack_linked_list.c.o
                0x10015554                btstack_linked_list_iterator_next
 .text.btstack_linked_list_iterator_remove
                0x1001557c       0x10 CMakeFiles/picow_ble_temp_reader.dir/home/kasper/.pico-sdk/sdk/2.1.1/lib/btstack/src/btstack_linked_list.c.o
                0x1001557c                btstack_linked_list_iterator_remove
 .text.btstack_memory_deinit
                0x1001558c        0x4 CMakeFiles/picow_ble_temp_reader.dir/home/kasper/.pico-sdk/sdk/2.1.1/lib/btstack/src/btstack_memory.c.o
                0x1001558c                btstack_memory_deinit
 .text.btstack_memory_hci_connection_get
                0x10015590       0x20 CMakeFiles/picow_ble_temp_reader.dir/home/kasper/.pico-sdk/sdk/2.1.1/lib/btstack/src/btstack_memory.c.o
                0x10015590                btstack_memory_hci_connection_get
 .text.btstack_memory_hci_connection_free
                0x100155b0       0x14 CMakeFiles/picow_ble_temp_reader.dir/home/kasper/.pico-sdk/sdk/2.1.1/lib/btstack/src/btstack_memory.c.o
                0x100155b0                btstack_memory_hci_connection_free
 .text.btstack_memory_gatt_client_get
                0x100155c4       0x1c CMakeFiles/picow_ble_temp_reader.dir/home/kasper/.pico-sdk/sdk/2.1.1/lib/btstack/src/btstack_memory.c.o
                0x100155c4                btstack_memory_gatt_client_get
 .text.btstack_memory_gatt_client_free
                0x100155e0       0x14 CMakeFiles/picow_ble_temp_reader.dir/home/kasper/.pico-sdk/sdk/2.1.1/lib/btstack/src/btstack_memory.c.o
                0x100155e0                btstack_memory_gatt_client_free
 .text.btstack_memory_sm_lookup_entry_free
                0x100155f4       0x14 CMakeFiles/picow_ble_temp_reader.dir/home/kasper/.pico-sdk/sdk/2.1.1/lib/btstack/src/btstack_memory.c.o
                0x100155f4                btstack_memory_sm_lookup_entry_free
 .text.btstack_memory_whitelist_entry_free
                0x10015608       0x14 CMakeFiles/picow_ble_temp_reader.dir/home/kasper/.pico-sdk/sdk/2.1.1/lib/btstack/src/btstack_memory.c.o
                0x10015608                btstack_memory_whitelist_entry_free
 .text.btstack_memory_init
                0x1001561c       0x58 CMakeFiles/picow_ble_temp_reader.dir/home/kasper/.pico-sdk/sdk/2.1.1/lib/btstack/src/btstack_memory.c.o
                0x1001561c                btstack_memory_init
 .text.btstack_memory_pool_create
                0x10015674       0x38 CMakeFiles/picow_ble_temp_reader.dir/home/kasper/.pico-sdk/sdk/2.1.1/lib/btstack/src/btstack_memory_pool.c.o
                0x10015674                btstack_memory_pool_create
 .text.btstack_memory_pool_get
                0x100156ac       0x10 CMakeFiles/picow_ble_temp_reader.dir/home/kasper/.pico-sdk/sdk/2.1.1/lib/btstack/src/btstack_memory_pool.c.o
                0x100156ac                btstack_memory_pool_get
 .text.btstack_memory_pool_free
                0x100156bc       0x14 CMakeFiles/picow_ble_temp_reader.dir/home/kasper/.pico-sdk/sdk/2.1.1/lib/btstack/src/btstack_memory_pool.c.o
                0x100156bc                btstack_memory_pool_free
 .text.btstack_run_loop_base_init
                0x100156d0       0x1c CMakeFiles/picow_ble_temp_reader.dir/home/kasper/.pico-sdk/sdk/2.1.1/lib/btstack/src/btstack_run_loop.c.o
                0x100156d0                btstack_run_loop_base_init
 .text.btstack_run_loop_base_add_data_source
                0x100156ec       0x14 CMakeFiles/picow_ble_temp_reader.dir/home/kasper/.pico-sdk/sdk/2.1.1/lib/btstack/src/btstack_run_loop.c.o
                0x100156ec                btstack_run_loop_base_add_data_source
 .text.btstack_run_loop_base_remove_data_source
                0x10015700       0x14 CMakeFiles/picow_ble_temp_reader.dir/home/kasper/.pico-sdk/sdk/2.1.1/lib/btstack/src/btstack_run_loop.c.o
                0x10015700                btstack_run_loop_base_remove_data_source
 .text.btstack_run_loop_base_enable_data_source_callbacks
                0x10015714        0x8 CMakeFiles/picow_ble_temp_reader.dir/home/kasper/.pico-sdk/sdk/2.1.1/lib/btstack/src/btstack_run_loop.c.o
                0x10015714                btstack_run_loop_base_enable_data_source_callbacks
 .text.btstack_run_loop_base_disable_data_source_callbacks
                0x1001571c        0x8 CMakeFiles/picow_ble_temp_reader.dir/home/kasper/.pico-sdk/sdk/2.1.1/lib/btstack/src/btstack_run_loop.c.o
                0x1001571c                btstack_run_loop_base_disable_data_source_callbacks
 .text.btstack_run_loop_base_remove_timer
                0x10015724       0x14 CMakeFiles/picow_ble_temp_reader.dir/home/kasper/.pico-sdk/sdk/2.1.1/lib/btstack/src/btstack_run_loop.c.o
                0x10015724                btstack_run_loop_base_remove_timer
 .text.btstack_run_loop_base_add_timer
                0x10015738       0x6c CMakeFiles/picow_ble_temp_reader.dir/home/kasper/.pico-sdk/sdk/2.1.1/lib/btstack/src/btstack_run_loop.c.o
                0x10015738                btstack_run_loop_base_add_timer
 .text.btstack_run_loop_base_process_timers
                0x100157a4       0x34 CMakeFiles/picow_ble_temp_reader.dir/home/kasper/.pico-sdk/sdk/2.1.1/lib/btstack/src/btstack_run_loop.c.o
                0x100157a4                btstack_run_loop_base_process_timers
 .text.btstack_run_loop_base_dump_timer
                0x100157d8       0x3c CMakeFiles/picow_ble_temp_reader.dir/home/kasper/.pico-sdk/sdk/2.1.1/lib/btstack/src/btstack_run_loop.c.o
                0x100157d8                btstack_run_loop_base_dump_timer
 .text.btstack_run_loop_base_get_time_until_timeout
                0x10015814       0x24 CMakeFiles/picow_ble_temp_reader.dir/home/kasper/.pico-sdk/sdk/2.1.1/lib/btstack/src/btstack_run_loop.c.o
                0x10015814                btstack_run_loop_base_get_time_until_timeout
 .text.btstack_run_loop_base_poll_data_sources
                0x10015838       0x28 CMakeFiles/picow_ble_temp_reader.dir/home/kasper/.pico-sdk/sdk/2.1.1/lib/btstack/src/btstack_run_loop.c.o
                0x10015838                btstack_run_loop_base_poll_data_sources
 .text.btstack_run_loop_base_add_callback
                0x10015860       0x14 CMakeFiles/picow_ble_temp_reader.dir/home/kasper/.pico-sdk/sdk/2.1.1/lib/btstack/src/btstack_run_loop.c.o
                0x10015860                btstack_run_loop_base_add_callback
 .text.btstack_run_loop_base_execute_callbacks
                0x10015874       0x1c CMakeFiles/picow_ble_temp_reader.dir/home/kasper/.pico-sdk/sdk/2.1.1/lib/btstack/src/btstack_run_loop.c.o
                0x10015874                btstack_run_loop_base_execute_callbacks
 .text.btstack_run_loop_set_timer_handler
                0x10015890        0x4 CMakeFiles/picow_ble_temp_reader.dir/home/kasper/.pico-sdk/sdk/2.1.1/lib/btstack/src/btstack_run_loop.c.o
                0x10015890                btstack_run_loop_set_timer_handler
 .text.btstack_run_loop_set_data_source_handler
                0x10015894        0x4 CMakeFiles/picow_ble_temp_reader.dir/home/kasper/.pico-sdk/sdk/2.1.1/lib/btstack/src/btstack_run_loop.c.o
                0x10015894                btstack_run_loop_set_data_source_handler
 .text.btstack_run_loop_enable_data_source_callbacks
                0x10015898       0x10 CMakeFiles/picow_ble_temp_reader.dir/home/kasper/.pico-sdk/sdk/2.1.1/lib/btstack/src/btstack_run_loop.c.o
                0x10015898                btstack_run_loop_enable_data_source_callbacks
 .text.btstack_run_loop_disable_data_source_callbacks
                0x100158a8       0x10 CMakeFiles/picow_ble_temp_reader.dir/home/kasper/.pico-sdk/sdk/2.1.1/lib/btstack/src/btstack_run_loop.c.o
                0x100158a8                btstack_run_loop_disable_data_source_callbacks
 .text.btstack_run_loop_add_data_source
                0x100158b8       0x10 CMakeFiles/picow_ble_temp_reader.dir/home/kasper/.pico-sdk/sdk/2.1.1/lib/btstack/src/btstack_run_loop.c.o
                0x100158b8                btstack_run_loop_add_data_source
 .text.btstack_run_loop_remove_data_source
                0x100158c8       0x10 CMakeFiles/picow_ble_temp_reader.dir/home/kasper/.pico-sdk/sdk/2.1.1/lib/btstack/src/btstack_run_loop.c.o
                0x100158c8                btstack_run_loop_remove_data_source
 .text.btstack_run_loop_poll_data_sources_from_irq
                0x100158d8       0x10 CMakeFiles/picow_ble_temp_reader.dir/home/kasper/.pico-sdk/sdk/2.1.1/lib/btstack/src/btstack_run_loop.c.o
                0x100158d8                btstack_run_loop_poll_data_sources_from_irq
 .text.btstack_run_loop_set_timer
                0x100158e8       0x10 CMakeFiles/picow_ble_temp_reader.dir/home/kasper/.pico-sdk/sdk/2.1.1/lib/btstack/src/btstack_run_loop.c.o
                0x100158e8                btstack_run_loop_set_timer
 .text.btstack_run_loop_set_timer_context
                0x100158f8        0x4 CMakeFiles/picow_ble_temp_reader.dir/home/kasper/.pico-sdk/sdk/2.1.1/lib/btstack/src/btstack_run_loop.c.o
                0x100158f8                btstack_run_loop_set_timer_context
 .text.btstack_run_loop_get_timer_context
                0x100158fc        0x4 CMakeFiles/picow_ble_temp_reader.dir/home/kasper/.pico-sdk/sdk/2.1.1/lib/btstack/src/btstack_run_loop.c.o
                0x100158fc                btstack_run_loop_get_timer_context
 .text.btstack_run_loop_add_timer
                0x10015900       0x10 CMakeFiles/picow_ble_temp_reader.dir/home/kasper/.pico-sdk/sdk/2.1.1/lib/btstack/src/btstack_run_loop.c.o
                0x10015900                btstack_run_loop_add_timer
 .text.btstack_run_loop_remove_timer
                0x10015910       0x10 CMakeFiles/picow_ble_temp_reader.dir/home/kasper/.pico-sdk/sdk/2.1.1/lib/btstack/src/btstack_run_loop.c.o
                0x10015910                btstack_run_loop_remove_timer
 .text.btstack_run_loop_execute
                0x10015920       0x10 CMakeFiles/picow_ble_temp_reader.dir/home/kasper/.pico-sdk/sdk/2.1.1/lib/btstack/src/btstack_run_loop.c.o
                0x10015920                btstack_run_loop_execute
 .text.btstack_run_loop_init
                0x10015930       0x10 CMakeFiles/picow_ble_temp_reader.dir/home/kasper/.pico-sdk/sdk/2.1.1/lib/btstack/src/btstack_run_loop.c.o
                0x10015930                btstack_run_loop_init
 .text.btstack_run_loop_deinit
                0x10015940        0xc CMakeFiles/picow_ble_temp_reader.dir/home/kasper/.pico-sdk/sdk/2.1.1/lib/btstack/src/btstack_run_loop.c.o
                0x10015940                btstack_run_loop_deinit
 .text.btstack_tlv_set_instance
                0x1001594c       0x34 CMakeFiles/picow_ble_temp_reader.dir/home/kasper/.pico-sdk/sdk/2.1.1/lib/btstack/src/btstack_tlv.c.o
                0x1001594c                btstack_tlv_set_instance
 .text.btstack_tlv_get_instance
                0x10015980       0x18 CMakeFiles/picow_ble_temp_reader.dir/home/kasper/.pico-sdk/sdk/2.1.1/lib/btstack/src/btstack_tlv.c.o
                0x10015980                btstack_tlv_get_instance
 .text.bd_addr_copy
                0x10015998        0xc CMakeFiles/picow_ble_temp_reader.dir/home/kasper/.pico-sdk/sdk/2.1.1/lib/btstack/src/btstack_util.c.o
                0x10015998                bd_addr_copy
 .text.little_endian_read_16
                0x100159a4        0xc CMakeFiles/picow_ble_temp_reader.dir/home/kasper/.pico-sdk/sdk/2.1.1/lib/btstack/src/btstack_util.c.o
                0x100159a4                little_endian_read_16
 .text.little_endian_read_32
                0x100159b0       0x1c CMakeFiles/picow_ble_temp_reader.dir/home/kasper/.pico-sdk/sdk/2.1.1/lib/btstack/src/btstack_util.c.o
                0x100159b0                little_endian_read_32
 .text.little_endian_store_16
                0x100159cc        0xc CMakeFiles/picow_ble_temp_reader.dir/home/kasper/.pico-sdk/sdk/2.1.1/lib/btstack/src/btstack_util.c.o
                0x100159cc                little_endian_store_16
 .text.little_endian_store_32
                0x100159d8       0x20 CMakeFiles/picow_ble_temp_reader.dir/home/kasper/.pico-sdk/sdk/2.1.1/lib/btstack/src/btstack_util.c.o
                0x100159d8                little_endian_store_32
 .text.big_endian_read_16
                0x100159f8       0x10 CMakeFiles/picow_ble_temp_reader.dir/home/kasper/.pico-sdk/sdk/2.1.1/lib/btstack/src/btstack_util.c.o
                0x100159f8                big_endian_read_16
 .text.big_endian_read_32
                0x10015a08       0x1c CMakeFiles/picow_ble_temp_reader.dir/home/kasper/.pico-sdk/sdk/2.1.1/lib/btstack/src/btstack_util.c.o
                0x10015a08                big_endian_read_32
 .text.big_endian_store_16
                0x10015a24        0xc CMakeFiles/picow_ble_temp_reader.dir/home/kasper/.pico-sdk/sdk/2.1.1/lib/btstack/src/btstack_util.c.o
                0x10015a24                big_endian_store_16
 .text.big_endian_store_32
                0x10015a30       0x20 CMakeFiles/picow_ble_temp_reader.dir/home/kasper/.pico-sdk/sdk/2.1.1/lib/btstack/src/btstack_util.c.o
                0x10015a30                big_endian_store_32
 .text.reverse_bytes
                0x10015a50       0x18 CMakeFiles/picow_ble_temp_reader.dir/home/kasper/.pico-sdk/sdk/2.1.1/lib/btstack/src/btstack_util.c.o
                0x10015a50                reverse_bytes
 .text.reverse_56
                0x10015a68       0x20 CMakeFiles/picow_ble_temp_reader.dir/home/kasper/.pico-sdk/sdk/2.1.1/lib/btstack/src/btstack_util.c.o
                0x10015a68                reverse_56
 .text.reverse_64
                0x10015a88       0x24 CMakeFiles/picow_ble_temp_reader.dir/home/kasper/.pico-sdk/sdk/2.1.1/lib/btstack/src/btstack_util.c.o
                0x10015a88                reverse_64
 .text.reverse_128
                0x10015aac       0x44 CMakeFiles/picow_ble_temp_reader.dir/home/kasper/.pico-sdk/sdk/2.1.1/lib/btstack/src/btstack_util.c.o
                0x10015aac                reverse_128
 .text.reverse_bd_addr
                0x10015af0       0x1c CMakeFiles/picow_ble_temp_reader.dir/home/kasper/.pico-sdk/sdk/2.1.1/lib/btstack/src/btstack_util.c.o
                0x10015af0                reverse_bd_addr
 .text.btstack_is_null
                0x10015b0c       0x20 CMakeFiles/picow_ble_temp_reader.dir/home/kasper/.pico-sdk/sdk/2.1.1/lib/btstack/src/btstack_util.c.o
                0x10015b0c                btstack_is_null
 .text.btstack_min
                0x10015b2c        0xc CMakeFiles/picow_ble_temp_reader.dir/home/kasper/.pico-sdk/sdk/2.1.1/lib/btstack/src/btstack_util.c.o
                0x10015b2c                btstack_min
 .text.btstack_max
                0x10015b38        0xc CMakeFiles/picow_ble_temp_reader.dir/home/kasper/.pico-sdk/sdk/2.1.1/lib/btstack/src/btstack_util.c.o
                0x10015b38                btstack_max
 .text.btstack_time_delta
                0x10015b44        0x4 CMakeFiles/picow_ble_temp_reader.dir/home/kasper/.pico-sdk/sdk/2.1.1/lib/btstack/src/btstack_util.c.o
                0x10015b44                btstack_time_delta
 .text.log_info_hexdump
                0x10015b48       0xd8 CMakeFiles/picow_ble_temp_reader.dir/home/kasper/.pico-sdk/sdk/2.1.1/lib/btstack/src/btstack_util.c.o
                0x10015b48                log_info_hexdump
 .text.log_info_key
                0x10015c20      0x1c8 CMakeFiles/picow_ble_temp_reader.dir/home/kasper/.pico-sdk/sdk/2.1.1/lib/btstack/src/btstack_util.c.o
                0x10015c20                log_info_key
 .text.uuid_add_bluetooth_prefix
                0x10015de8       0x24 CMakeFiles/picow_ble_temp_reader.dir/home/kasper/.pico-sdk/sdk/2.1.1/lib/btstack/src/btstack_util.c.o
                0x10015de8                uuid_add_bluetooth_prefix
 .text.uuid_has_bluetooth_prefix
                0x10015e0c       0x18 CMakeFiles/picow_ble_temp_reader.dir/home/kasper/.pico-sdk/sdk/2.1.1/lib/btstack/src/btstack_util.c.o
                0x10015e0c                uuid_has_bluetooth_prefix
 .text.bd_addr_to_str
                0x10015e24       0x78 CMakeFiles/picow_ble_temp_reader.dir/home/kasper/.pico-sdk/sdk/2.1.1/lib/btstack/src/btstack_util.c.o
                0x10015e24                bd_addr_to_str
 .text.btstack_replace_bd_addr_placeholder
                0x10015e9c       0xe4 CMakeFiles/picow_ble_temp_reader.dir/home/kasper/.pico-sdk/sdk/2.1.1/lib/btstack/src/btstack_util.c.o
                0x10015e9c                btstack_replace_bd_addr_placeholder
 .text.count_set_bits_uint32
                0x10015f80       0x48 CMakeFiles/picow_ble_temp_reader.dir/home/kasper/.pico-sdk/sdk/2.1.1/lib/btstack/src/btstack_util.c.o
                0x10015f80                count_set_bits_uint32
 .text.hci_power_control_off
                0x10015fc8       0x70 CMakeFiles/picow_ble_temp_reader.dir/home/kasper/.pico-sdk/sdk/2.1.1/lib/btstack/src/hci.c.o
 .text.hci_update_advertisements_enabled_for_current_roles
                0x10016038       0xec CMakeFiles/picow_ble_temp_reader.dir/home/kasper/.pico-sdk/sdk/2.1.1/lib/btstack/src/hci.c.o
 .text.hci_power_enter_halting_state
                0x10016124       0x88 CMakeFiles/picow_ble_temp_reader.dir/home/kasper/.pico-sdk/sdk/2.1.1/lib/btstack/src/hci.c.o
 .text.hci_create_gap_connection_complete_event
                0x100161ac       0x7c CMakeFiles/picow_ble_temp_reader.dir/home/kasper/.pico-sdk/sdk/2.1.1/lib/btstack/src/hci.c.o
 .text.hci_discard_connections
                0x10016228      0x12c CMakeFiles/picow_ble_temp_reader.dir/home/kasper/.pico-sdk/sdk/2.1.1/lib/btstack/src/hci.c.o
 .text.hci_shutdown_connection
                0x10016354       0xbc CMakeFiles/picow_ble_temp_reader.dir/home/kasper/.pico-sdk/sdk/2.1.1/lib/btstack/src/hci.c.o
 .text.hci_power_control_on
                0x10016410      0x114 CMakeFiles/picow_ble_temp_reader.dir/home/kasper/.pico-sdk/sdk/2.1.1/lib/btstack/src/hci.c.o
 .text.gap_get_connection_parameter_range
                0x10016524       0x18 CMakeFiles/picow_ble_temp_reader.dir/home/kasper/.pico-sdk/sdk/2.1.1/lib/btstack/src/hci.c.o
                0x10016524                gap_get_connection_parameter_range
 .text.gap_connection_parameter_range_included
                0x1001653c       0x34 CMakeFiles/picow_ble_temp_reader.dir/home/kasper/.pico-sdk/sdk/2.1.1/lib/btstack/src/hci.c.o
                0x1001653c                gap_connection_parameter_range_included
 .text.hci_connections_get_iterator
                0x10016570       0x14 CMakeFiles/picow_ble_temp_reader.dir/home/kasper/.pico-sdk/sdk/2.1.1/lib/btstack/src/hci.c.o
                0x10016570                hci_connections_get_iterator
 .text.hci_connection_for_handle
                0x10016584       0x34 CMakeFiles/picow_ble_temp_reader.dir/home/kasper/.pico-sdk/sdk/2.1.1/lib/btstack/src/hci.c.o
                0x10016584                hci_connection_for_handle
 .text.hci_is_le_connection_type
                0x100165b8        0xc CMakeFiles/picow_ble_temp_reader.dir/home/kasper/.pico-sdk/sdk/2.1.1/lib/btstack/src/hci.c.o
                0x100165b8                hci_is_le_connection_type
 .text.hci_is_le_identity_address_type
                0x100165c4       0x10 CMakeFiles/picow_ble_temp_reader.dir/home/kasper/.pico-sdk/sdk/2.1.1/lib/btstack/src/hci.c.o
                0x100165c4                hci_is_le_identity_address_type
 .text.hci_number_free_acl_slots_for_connection_type
                0x100165d4       0x84 CMakeFiles/picow_ble_temp_reader.dir/home/kasper/.pico-sdk/sdk/2.1.1/lib/btstack/src/hci.c.o
                0x100165d4                hci_number_free_acl_slots_for_connection_type
 .text.hci_send_acl_packet_fragments
                0x10016658      0x1e0 CMakeFiles/picow_ble_temp_reader.dir/home/kasper/.pico-sdk/sdk/2.1.1/lib/btstack/src/hci.c.o
 .text.hci_can_send_command_packet_now
                0x10016838       0x38 CMakeFiles/picow_ble_temp_reader.dir/home/kasper/.pico-sdk/sdk/2.1.1/lib/btstack/src/hci.c.o
                0x10016838                hci_can_send_command_packet_now
 .text.hci_can_send_acl_le_packet_now
                0x10016870       0x84 CMakeFiles/picow_ble_temp_reader.dir/home/kasper/.pico-sdk/sdk/2.1.1/lib/btstack/src/hci.c.o
                0x10016870                hci_can_send_acl_le_packet_now
 .text.hci_can_send_prepared_acl_packet_now
                0x100168f4       0x74 CMakeFiles/picow_ble_temp_reader.dir/home/kasper/.pico-sdk/sdk/2.1.1/lib/btstack/src/hci.c.o
                0x100168f4                hci_can_send_prepared_acl_packet_now
 .text.hci_can_send_acl_packet_now
                0x10016968       0x7c CMakeFiles/picow_ble_temp_reader.dir/home/kasper/.pico-sdk/sdk/2.1.1/lib/btstack/src/hci.c.o
                0x10016968                hci_can_send_acl_packet_now
 .text.hci_is_packet_buffer_reserved
                0x100169e4       0x10 CMakeFiles/picow_ble_temp_reader.dir/home/kasper/.pico-sdk/sdk/2.1.1/lib/btstack/src/hci.c.o
                0x100169e4                hci_is_packet_buffer_reserved
 .text.hci_reserve_packet_buffer
                0x100169f4       0x14 CMakeFiles/picow_ble_temp_reader.dir/home/kasper/.pico-sdk/sdk/2.1.1/lib/btstack/src/hci.c.o
                0x100169f4                hci_reserve_packet_buffer
 .text.hci_release_packet_buffer
                0x10016a08       0x44 CMakeFiles/picow_ble_temp_reader.dir/home/kasper/.pico-sdk/sdk/2.1.1/lib/btstack/src/hci.c.o
                0x10016a08                hci_release_packet_buffer
 .text.hci_send_acl_packet_buffer
                0x10016a4c      0x150 CMakeFiles/picow_ble_temp_reader.dir/home/kasper/.pico-sdk/sdk/2.1.1/lib/btstack/src/hci.c.o
                0x10016a4c                hci_send_acl_packet_buffer
 .text.hci_get_outgoing_packet_buffer
                0x10016b9c        0xc CMakeFiles/picow_ble_temp_reader.dir/home/kasper/.pico-sdk/sdk/2.1.1/lib/btstack/src/hci.c.o
                0x10016b9c                hci_get_outgoing_packet_buffer
 .text.gap_le_get_own_address
                0x10016ba8       0x30 CMakeFiles/picow_ble_temp_reader.dir/home/kasper/.pico-sdk/sdk/2.1.1/lib/btstack/src/hci.c.o
                0x10016ba8                gap_le_get_own_address
 .text.gap_le_get_own_advertisements_address
                0x10016bd8       0x30 CMakeFiles/picow_ble_temp_reader.dir/home/kasper/.pico-sdk/sdk/2.1.1/lib/btstack/src/hci.c.o
                0x10016bd8                gap_le_get_own_advertisements_address
 .text.gap_le_get_own_connection_address
                0x10016c08       0x30 CMakeFiles/picow_ble_temp_reader.dir/home/kasper/.pico-sdk/sdk/2.1.1/lib/btstack/src/hci.c.o
                0x10016c08                gap_le_get_own_connection_address
 .text.le_handle_advertisement_report
                0x10016c38       0xd4 CMakeFiles/picow_ble_temp_reader.dir/home/kasper/.pico-sdk/sdk/2.1.1/lib/btstack/src/hci.c.o
                0x10016c38                le_handle_advertisement_report
 .text.hci_add_event_handler
                0x10016d0c       0x14 CMakeFiles/picow_ble_temp_reader.dir/home/kasper/.pico-sdk/sdk/2.1.1/lib/btstack/src/hci.c.o
                0x10016d0c                hci_add_event_handler
 .text.hci_register_acl_packet_handler
                0x10016d20        0xc CMakeFiles/picow_ble_temp_reader.dir/home/kasper/.pico-sdk/sdk/2.1.1/lib/btstack/src/hci.c.o
                0x10016d20                hci_register_acl_packet_handler
 .text.hci_init
                0x10016d2c      0x160 CMakeFiles/picow_ble_temp_reader.dir/home/kasper/.pico-sdk/sdk/2.1.1/lib/btstack/src/hci.c.o
                0x10016d2c                hci_init
 .text.hci_set_chipset
                0x10016e8c       0x1c CMakeFiles/picow_ble_temp_reader.dir/home/kasper/.pico-sdk/sdk/2.1.1/lib/btstack/src/hci.c.o
                0x10016e8c                hci_set_chipset
 .text.hci_set_bd_addr
                0x10016ea8       0x24 CMakeFiles/picow_ble_temp_reader.dir/home/kasper/.pico-sdk/sdk/2.1.1/lib/btstack/src/hci.c.o
                0x10016ea8                hci_set_bd_addr
 .text.gap_local_bd_addr
                0x10016ecc       0x14 CMakeFiles/picow_ble_temp_reader.dir/home/kasper/.pico-sdk/sdk/2.1.1/lib/btstack/src/hci.c.o
                0x10016ecc                gap_local_bd_addr
 .text.hci_send_cmd_packet
                0x10016ee0       0xe0 CMakeFiles/picow_ble_temp_reader.dir/home/kasper/.pico-sdk/sdk/2.1.1/lib/btstack/src/hci.c.o
                0x10016ee0                hci_send_cmd_packet
 .text.hci_send_prepared_cmd_packet
                0x10016fc0       0x70 CMakeFiles/picow_ble_temp_reader.dir/home/kasper/.pico-sdk/sdk/2.1.1/lib/btstack/src/hci.c.o
 .text.hci_send_cmd
                0x10017030       0xd4 CMakeFiles/picow_ble_temp_reader.dir/home/kasper/.pico-sdk/sdk/2.1.1/lib/btstack/src/hci.c.o
                0x10017030                hci_send_cmd
 .text.hci_emit_state
                0x10017104       0x64 CMakeFiles/picow_ble_temp_reader.dir/home/kasper/.pico-sdk/sdk/2.1.1/lib/btstack/src/hci.c.o
                0x10017104                hci_emit_state
 .text.hci_halting_run
                0x10017168      0x1f0 CMakeFiles/picow_ble_temp_reader.dir/home/kasper/.pico-sdk/sdk/2.1.1/lib/btstack/src/hci.c.o
 .text.hci_halting_timeout_handler
                0x10017358       0x18 CMakeFiles/picow_ble_temp_reader.dir/home/kasper/.pico-sdk/sdk/2.1.1/lib/btstack/src/hci.c.o
 .text.hci_run  0x10017370      0xc74 CMakeFiles/picow_ble_temp_reader.dir/home/kasper/.pico-sdk/sdk/2.1.1/lib/btstack/src/hci.c.o
 .text.hci_initialization_timeout_handler
                0x10017fe4      0x130 CMakeFiles/picow_ble_temp_reader.dir/home/kasper/.pico-sdk/sdk/2.1.1/lib/btstack/src/hci.c.o
 .text.hci_run_general_gap_le
                0x10018114      0x708 CMakeFiles/picow_ble_temp_reader.dir/home/kasper/.pico-sdk/sdk/2.1.1/lib/btstack/src/hci.c.o
 .text.packet_handler
                0x1001881c     0x1650 CMakeFiles/picow_ble_temp_reader.dir/home/kasper/.pico-sdk/sdk/2.1.1/lib/btstack/src/hci.c.o
 .text.hci_power_control
                0x10019e6c      0x218 CMakeFiles/picow_ble_temp_reader.dir/home/kasper/.pico-sdk/sdk/2.1.1/lib/btstack/src/hci.c.o
                0x10019e6c                hci_power_control
 .text.hci_close
                0x1001a084       0xc0 CMakeFiles/picow_ble_temp_reader.dir/home/kasper/.pico-sdk/sdk/2.1.1/lib/btstack/src/hci.c.o
                0x1001a084                hci_close
 .text.gap_start_scan